[INFO] Scanning for projects...
[WARNING] 
[WARNING] Some problems were encountered while building the effective model for org.example:RetailStagingAutomation:jar:1.0-SNAPSHOT
[WARNING] 'dependencies.dependency.version' for org.junit.jupiter:junit-jupiter:jar is either LATEST or RELEASE (both of them are being deprecated) @ line 53, column 22
[WARNING] 
[WARNING] It is highly recommended to fix these problems because they threaten the stability of your build.
[WARNING] 
[WARNING] For this reason, future Maven versions might no longer support building such malformed projects.
[WARNING] 
[INFO] 
[INFO] ----------------< org.example:RetailStagingAutomation >-----------------
[INFO] Building RetailStagingAutomation 1.0-SNAPSHOT
[INFO] --------------------------------[ jar ]---------------------------------
[INFO] 
[INFO] --- maven-clean-plugin:2.5:clean (default-clean) @ RetailStagingAutomation ---
[INFO] Deleting /Users/gini/VSCodeProjects/RetailTRUI/target
[INFO] 
[INFO] --- maven-resources-plugin:2.6:resources (default-resources) @ RetailStagingAutomation ---
[INFO] Using 'UTF-8' encoding to copy filtered resources.
[INFO] skip non existing resourceDirectory /Users/gini/VSCodeProjects/RetailTRUI/src/main/resources
[INFO] 
[INFO] --- maven-compiler-plugin:3.1:compile (default-compile) @ RetailStagingAutomation ---
[INFO] No sources to compile
[INFO] 
[INFO] --- maven-resources-plugin:2.6:testResources (default-testResources) @ RetailStagingAutomation ---
[INFO] Using 'UTF-8' encoding to copy filtered resources.
[INFO] Copying 15 resources
[INFO] 
[INFO] --- maven-compiler-plugin:3.1:testCompile (default-testCompile) @ RetailStagingAutomation ---
[INFO] Changes detected - recompiling the module!
[INFO] Compiling 41 source files to /Users/gini/VSCodeProjects/RetailTRUI/target/test-classes
[INFO] 
[INFO] --- maven-surefire-plugin:2.12.4:test (default-test) @ RetailStagingAutomation ---
[INFO] Surefire report directory: /Users/gini/VSCodeProjects/RetailTRUI/target/surefire-reports

-------------------------------------------------------
 T E S T S
-------------------------------------------------------
Running runner.TestRunner

@TEST1
Scenario: Open new general condition definition screen        # src/test/resources/generalConditionDefinition.feature:12
You are using a frozen webkit browser which does not receive updates anymore on mac12-arm64. Please update to the latest version of your operating system to test up-to-date browsers.
You are using a frozen ffmpeg browser which does not receive updates anymore on mac12-arm64. Please update to the latest version of your operating system to test up-to-date browsers.
  Given navigate to login page                                # stepDefs.GlobalStepdefs.navigateToLoginPage()
  When login as special user "RETAIL_SPECIALIST" "rt2390RT!!" # stepDefs.LoginStepdefs.loginAsSpecialUser(java.lang.String,java.lang.String)
  And click login button                                      # stepDefs.LoginStepdefs.clickLoginButton()
  Then verify successful login                                # stepDefs.WorkflowInboxStepdefs.verifySuccessfulLogin()
  And click supplier dropdown toggle                          # stepDefs.WorkflowInboxStepdefs.clickSupplierDropdownToggle()
  When click contract definition link                         # stepDefs.WorkflowInboxStepdefs.clickContractDefinitionLink()
  Then verify contract definition page is displayed           # stepDefs.ContractDefinitionStepdefs.verifyContractDefinitionPageIsDisplayed()
✅ Sözleşme adı: FOS-2025-FCA olan sözleşme kontrol edildi
  Given click to sample contract "FOS-2025-FCA"               # stepDefs.GeneralConditionStepDefs.clickToSampleContract(java.lang.String)
✅ Arama butonuna tıklandı
  And click to search button on definition page               # stepDefs.GeneralConditionStepDefs.clickToSearchButton()
✅ İlk düzenleme butonuna tıklandı
  And click to first edit button on definition page           # stepDefs.GeneralConditionStepDefs.clickToFirstEdit()
🔍 Tab yapısını kontrol ediyoruz...
Toplam 2 tab bulundu
  Tab 0: text='Genel Kondisyon', selected=true, class='k-item k-state-default k-first k-tab-on-top k-state-active'
  Tab 1: text='Temsilci Kondisyon', selected=false, class='k-item k-state-default k-last'
🔍 'Genel Kondisyon' tab'ına tıklanıyor...
✅ 'Genel Kondisyon' tab'ına tıklandı
🔍 Butona tıklamadan önce 2 popup var
✅ Yeni genel kondisyon butonuna tıklandı
⚠️ Yeni popup açılmadı, popup sayısı: 3
✅ Yeni genel kondisyon butonuna tıklandı
  When click to new general condition button                  # stepDefs.GeneralConditionStepDefs.clickToNewGeneralConditionButton()
🔍 Genel Kondisyon Tanımlama popup'ını kontrol ediyoruz...
Toplam 3 popup title bulundu
  Popup 0 title: 'Sözleşme Güncelleme'
  Popup 1 title: 'Genel Kondisyon Tanımlama'
  Popup 2 title: 'Setur'
✅ 'Genel Kondisyon Tanımlama' popup görüntülendi
✅ Yeni genel kondisyon formunun görüntülendiği doğrulandı
  Then verify new general condition form is displayed         # stepDefs.GeneralConditionStepDefs.verifyNewGeneralConditionFormIsDisplayed()
🔍 Save butonunu arıyoruz...
Toplam 2 iframe[title='Setur'] bulundu
✅ #btnSave bulundu ve tıklanıyor...
✅ Güncelle (Save) butonuna tıklandı
✅ Genel kondisyon formunda kaydet butonuna tıklandı
  And save new general condition form                         # stepDefs.GeneralConditionStepDefs.clickToSaveButtonOnGeneralConditionForm()

@TEST2
Scenario: Verify field states for Rebate Fixed Margin and Hesaplamasız # src/test/resources/generalConditionDefinition.feature:23
  Given navigate to login page                                         # stepDefs.GlobalStepdefs.navigateToLoginPage()
  When login as special user "RETAIL_SPECIALIST" "rt2390RT!!"          # stepDefs.LoginStepdefs.loginAsSpecialUser(java.lang.String,java.lang.String)
  And click login button                                               # stepDefs.LoginStepdefs.clickLoginButton()
  Then verify successful login                                         # stepDefs.WorkflowInboxStepdefs.verifySuccessfulLogin()
  And click supplier dropdown toggle                                   # stepDefs.WorkflowInboxStepdefs.clickSupplierDropdownToggle()
  When click contract definition link                                  # stepDefs.WorkflowInboxStepdefs.clickContractDefinitionLink()
  Then verify contract definition page is displayed                    # stepDefs.ContractDefinitionStepdefs.verifyContractDefinitionPageIsDisplayed()
✅ Sözleşme adı: FOS-2025-FCA olan sözleşme kontrol edildi
  Given click to sample contract "FOS-2025-FCA"                        # stepDefs.GeneralConditionStepDefs.clickToSampleContract(java.lang.String)
✅ Arama butonuna tıklandı
  And click to search button on definition page                        # stepDefs.GeneralConditionStepDefs.clickToSearchButton()
✅ İlk düzenleme butonuna tıklandı
  And click to first edit button on definition page                    # stepDefs.GeneralConditionStepDefs.clickToFirstEdit()
🔍 Tab yapısını kontrol ediyoruz...
Toplam 2 tab bulundu
  Tab 0: text='Genel Kondisyon', selected=true, class='k-item k-state-default k-first k-tab-on-top k-state-active'
  Tab 1: text='Temsilci Kondisyon', selected=false, class='k-item k-state-default k-last'
🔍 'Genel Kondisyon' tab'ına tıklanıyor...
✅ 'Genel Kondisyon' tab'ına tıklandı
🔍 Butona tıklamadan önce 2 popup var
✅ Yeni genel kondisyon butonuna tıklandı
⚠️ Yeni popup açılmadı, popup sayısı: 3
✅ Yeni genel kondisyon butonuna tıklandı
  When click to new general condition button                           # stepDefs.GeneralConditionStepDefs.clickToNewGeneralConditionButton()
🔍 Genel Kondisyon Tanımlama popup'ını kontrol ediyoruz...
Toplam 3 popup title bulundu
  Popup 0 title: 'Sözleşme Güncelleme'
  Popup 1 title: 'Genel Kondisyon Tanımlama'
  Popup 2 title: 'Setur'
✅ 'Genel Kondisyon Tanımlama' popup görüntülendi
✅ Yeni genel kondisyon formunun görüntülendiği doğrulandı
  Then verify new general condition form is displayed                  # stepDefs.GeneralConditionStepDefs.verifyNewGeneralConditionFormIsDisplayed()
🔍 Genel Kondisyon formu iframe'ini arıyoruz...
Toplam 2 iframe[title='Setur'] bulundu
✅ Genel Kondisyon formu iframe'i bulundu (index: 1)
✅ Kondisyon tipi seçildi: Rebate Fixed Margin
✅ Kondisyon tipi seçildi: Rebate Fixed Margin
  When select condition type "Rebate Fixed Margin"                     # stepDefs.GeneralConditionStepDefs.selectConditionType(java.lang.String)
🔍 Genel Kondisyon formu iframe'ini arıyoruz...
Toplam 2 iframe[title='Setur'] bulundu
✅ Genel Kondisyon formu iframe'i bulundu (index: 1)
✅ Hesaplama tipi seçildi: Hesaplamasız
✅ Hesaplama tipi seçildi: Hesaplamasız
  And select calculation type "Hesaplamasız"                           # stepDefs.GeneralConditionStepDefs.selectCalculationType(java.lang.String)
🔍 Genel Kondisyon formu iframe'ini arıyoruz...
Toplam 2 iframe[title='Setur'] bulundu
✅ Genel Kondisyon formu iframe'i bulundu (index: 1)
🔍 Kademeli mi? (#yes_IsGradual) radio group disabled: true (yes: true, no: true)
✅ Kademeli mi? alanının disabled olduğu doğrulandı
  Then verify field "Kademeli mi?" is disabled                         # stepDefs.GeneralConditionStepDefs.verifyFieldIsDisabled(java.lang.String)
🔍 Genel Kondisyon formu iframe'ini arıyoruz...
Toplam 2 iframe[title='Setur'] bulundu
✅ Genel Kondisyon formu iframe'i bulundu (index: 1)
🔍 Hedef Ciro (#TargetRevenue) alanı disabled: true
✅ Hedef Ciro alanının disabled olduğu doğrulandı
  And verify field "Hedef Ciro" is disabled                            # stepDefs.GeneralConditionStepDefs.verifyFieldIsDisabled(java.lang.String)
🔍 Genel Kondisyon formu iframe'ini arıyoruz...
Toplam 2 iframe[title='Setur'] bulundu
✅ Genel Kondisyon formu iframe'i bulundu (index: 1)
🔍 Tutar (#RebateValue) alanı disabled: true
✅ Tutar alanının disabled olduğu doğrulandı
  And verify field "Tutar" is disabled                                 # stepDefs.GeneralConditionStepDefs.verifyFieldIsDisabled(java.lang.String)
🔍 Genel Kondisyon formu iframe'ini arıyoruz...
Toplam 2 iframe[title='Setur'] bulundu
✅ Genel Kondisyon formu iframe'i bulundu (index: 1)
🔍 Oran (#RebateRatio) alanı disabled: true
✅ Oran alanının disabled olduğu doğrulandı
  And verify field "Oran" is disabled                                  # stepDefs.GeneralConditionStepDefs.verifyFieldIsDisabled(java.lang.String)
🔍 Genel Kondisyon formu iframe'ini arıyoruz...
Toplam 2 iframe[title='Setur'] bulundu
✅ Genel Kondisyon formu iframe'i bulundu (index: 1)
🔍 Temel Ölçü Birimi (#MainMeasureUnitId) alanı disabled: true
✅ Temel Ölçü Birimi alanının disabled olduğu doğrulandı
  And verify field "Temel Ölçü Birimi" is disabled                     # stepDefs.GeneralConditionStepDefs.verifyFieldIsDisabled(java.lang.String)
🔍 Genel Kondisyon formu iframe'ini arıyoruz...
Toplam 2 iframe[title='Setur'] bulundu
✅ Genel Kondisyon formu iframe'i bulundu (index: 1)
🔍 Ciro Para Birimi (#TargetRevenueCurrencyCode) alanı disabled: true
✅ Ciro Para Birimi alanının disabled olduğu doğrulandı
  And verify field "Ciro Para Birimi" is disabled                      # stepDefs.GeneralConditionStepDefs.verifyFieldIsDisabled(java.lang.String)
🔍 Genel Kondisyon formu iframe'ini arıyoruz...
Toplam 2 iframe[title='Setur'] bulundu
✅ Genel Kondisyon formu iframe'i bulundu (index: 1)
🔍 Hedef Miktar (#TargetUnit) alanı disabled: true
✅ Hedef Miktar alanının disabled olduğu doğrulandı
  And verify field "Hedef Miktar" is disabled                          # stepDefs.GeneralConditionStepDefs.verifyFieldIsDisabled(java.lang.String)
🔍 Genel Kondisyon formu iframe'ini arıyoruz...
Toplam 2 iframe[title='Setur'] bulundu
✅ Genel Kondisyon formu iframe'i bulundu (index: 1)
🔍 Çarpan Var mı? (#yes_HasMultiplier) radio group disabled: true (yes: true, no: true)
✅ Çarpan Var mı? alanının disabled olduğu doğrulandı
  And verify field "Çarpan Var mı?" is disabled                        # stepDefs.GeneralConditionStepDefs.verifyFieldIsDisabled(java.lang.String)
🔍 Genel Kondisyon formu iframe'ini arıyoruz...
Toplam 2 iframe[title='Setur'] bulundu
✅ Genel Kondisyon formu iframe'i bulundu (index: 1)
🔍 Birim Çarpanı (#UnitMultipler) alanı disabled: true
✅ Birim Çarpanı alanının disabled olduğu doğrulandı
  And verify field "Birim Çarpanı" is disabled                         # stepDefs.GeneralConditionStepDefs.verifyFieldIsDisabled(java.lang.String)
🔍 Genel Kondisyon formu iframe'ini arıyoruz...
Toplam 2 iframe[title='Setur'] bulundu
✅ Genel Kondisyon formu iframe'i bulundu (index: 1)
🔍 Marj Tipi (#yes_HasMultipleReward) alanı optional: false
  And verify field "Marj Tipi" is optional                             # stepDefs.GeneralConditionStepDefs.verifyFieldIsOptional(java.lang.String)
      org.opentest4j.AssertionFailedError: Marj Tipi alanı optional olmalı ama değil! ==> expected: <true> but was: <false>
      	at org.junit.jupiter.api.AssertionFailureBuilder.build(AssertionFailureBuilder.java:158)
      	at org.junit.jupiter.api.AssertionFailureBuilder.buildAndThrow(AssertionFailureBuilder.java:139)
      	at org.junit.jupiter.api.AssertTrue.failNotTrue(AssertTrue.java:69)
      	at org.junit.jupiter.api.AssertTrue.assertTrue(AssertTrue.java:41)
      	at org.junit.jupiter.api.Assertions.assertTrue(Assertions.java:228)
      	at stepDefs.GeneralConditionStepDefs.verifyFieldIsOptional(GeneralConditionStepDefs.java:99)
      	at ✽.verify field "Marj Tipi" is optional(file:///Users/gini/VSCodeProjects/RetailTRUI/src/test/resources/generalConditionDefinition.feature:42)
  And verify field "Marka" is optional                                 # stepDefs.GeneralConditionStepDefs.verifyFieldIsOptional(java.lang.String)
  And verify field "Açıklama" is optional                              # stepDefs.GeneralConditionStepDefs.verifyFieldIsOptional(java.lang.String)
  And verify field "Marj" is mandatory                                 # stepDefs.GeneralConditionStepDefs.verifyFieldIsMandatory(java.lang.String)
  And verify field "Hesaplama Periyodu" has required asterisk          # stepDefs.GeneralConditionStepDefs.verifyFieldHasRequiredAsterisk(java.lang.String)
  And verify field "Kdv Dahil mi?" has required asterisk               # stepDefs.GeneralConditionStepDefs.verifyFieldHasRequiredAsterisk(java.lang.String)

@TEST3
Scenario: Verify field states for Rebate Target Purchase Bonus, Alım adeti and Kademeli mi Hayır # src/test/resources/generalConditionDefinition.feature:50
  Given navigate to login page                                                                   # stepDefs.GlobalStepdefs.navigateToLoginPage()
  When login as special user "RETAIL_SPECIALIST" "rt2390RT!!"                                    # stepDefs.LoginStepdefs.loginAsSpecialUser(java.lang.String,java.lang.String)
  And click login button                                                                         # stepDefs.LoginStepdefs.clickLoginButton()
  Then verify successful login                                                                   # stepDefs.WorkflowInboxStepdefs.verifySuccessfulLogin()
  And click supplier dropdown toggle                                                             # stepDefs.WorkflowInboxStepdefs.clickSupplierDropdownToggle()
  When click contract definition link                                                            # stepDefs.WorkflowInboxStepdefs.clickContractDefinitionLink()
  Then verify contract definition page is displayed                                              # stepDefs.ContractDefinitionStepdefs.verifyContractDefinitionPageIsDisplayed()
✅ Sözleşme adı: FOS-2025-FCA olan sözleşme kontrol edildi
  Given click to sample contract "FOS-2025-FCA"                                                  # stepDefs.GeneralConditionStepDefs.clickToSampleContract(java.lang.String)
✅ Arama butonuna tıklandı
  And click to search button on definition page                                                  # stepDefs.GeneralConditionStepDefs.clickToSearchButton()
✅ İlk düzenleme butonuna tıklandı
  And click to first edit button on definition page                                              # stepDefs.GeneralConditionStepDefs.clickToFirstEdit()
🔍 Tab yapısını kontrol ediyoruz...
Toplam 2 tab bulundu
  Tab 0: text='Genel Kondisyon', selected=true, class='k-item k-state-default k-first k-tab-on-top k-state-active'
  Tab 1: text='Temsilci Kondisyon', selected=false, class='k-item k-state-default k-last'
🔍 'Genel Kondisyon' tab'ına tıklanıyor...
✅ 'Genel Kondisyon' tab'ına tıklandı
🔍 Butona tıklamadan önce 2 popup var
✅ Yeni genel kondisyon butonuna tıklandı
⚠️ Yeni popup açılmadı, popup sayısı: 3
✅ Yeni genel kondisyon butonuna tıklandı
  When click to new general condition button                                                     # stepDefs.GeneralConditionStepDefs.clickToNewGeneralConditionButton()
🔍 Genel Kondisyon Tanımlama popup'ını kontrol ediyoruz...
Toplam 3 popup title bulundu
  Popup 0 title: 'Sözleşme Güncelleme'
  Popup 1 title: 'Genel Kondisyon Tanımlama'
  Popup 2 title: 'Setur'
✅ 'Genel Kondisyon Tanımlama' popup görüntülendi
✅ Yeni genel kondisyon formunun görüntülendiği doğrulandı
  Then verify new general condition form is displayed                                            # stepDefs.GeneralConditionStepDefs.verifyNewGeneralConditionFormIsDisplayed()
🔍 Genel Kondisyon formu iframe'ini arıyoruz...
Toplam 2 iframe[title='Setur'] bulundu
✅ Genel Kondisyon formu iframe'i bulundu (index: 1)
✅ Kondisyon tipi seçildi: Rebate Target Purchase Bonus
✅ Kondisyon tipi seçildi: Rebate Target Purchase Bonus
  When select condition type "Rebate Target Purchase Bonus"                                      # stepDefs.GeneralConditionStepDefs.selectConditionType(java.lang.String)
🔍 Genel Kondisyon formu iframe'ini arıyoruz...
Toplam 2 iframe[title='Setur'] bulundu
✅ Genel Kondisyon formu iframe'i bulundu (index: 1)
✅ Hesaplama tipi seçildi: Alım adeti
✅ Hesaplama tipi seçildi: Alım adeti
  And select calculation type "Alım adeti"                                                       # stepDefs.GeneralConditionStepDefs.selectCalculationType(java.lang.String)
🔍 Genel Kondisyon formu iframe'ini arıyoruz...
Toplam 2 iframe[title='Setur'] bulundu
✅ Genel Kondisyon formu iframe'i bulundu (index: 1)
🔍 Kademeli mi? için 'Hayır' seçiliyor
✅ Kademeli mi? için 'Hayır' seçildi (ID: #no_IsGradual)
✅ Kademeli mi? alanı için 'Hayır' seçildi
  And select "Hayır" for field "Kademeli mi?"                                                    # stepDefs.GeneralConditionStepDefs.selectRadioButtonForField(java.lang.String,java.lang.String)
🔍 Genel Kondisyon formu iframe'ini arıyoruz...
Toplam 2 iframe[title='Setur'] bulundu
✅ Genel Kondisyon formu iframe'i bulundu (index: 1)
🔍 Hedef Ciro (#TargetRevenue) alanı disabled: true
✅ Hedef Ciro alanının disabled olduğu doğrulandı
  Then verify field "Hedef Ciro" is disabled                                                     # stepDefs.GeneralConditionStepDefs.verifyFieldIsDisabled(java.lang.String)
🔍 Genel Kondisyon formu iframe'ini arıyoruz...
Toplam 2 iframe[title='Setur'] bulundu
✅ Genel Kondisyon formu iframe'i bulundu (index: 1)
🔍 Toplam 27 label bulundu, 'Kdv Dahil mi?' arıyoruz...
✅ 'Kdv Dahil mi?' için label bulundu: Kdv Dahil mi?*
🔍 Kdv Dahil mi? (#yes_IsVatInclude) label yıldız kontrolü:
   Label text: Kdv Dahil mi?*
   Label HTML snippet: Kdv Dahil mi?<span class="requiredIcon">*</span>
   Parent HTML snippet: 
<label class="col-xs-4 control-label" for="IsVatInclude" id="IsVatIncludeLblId">Kdv Dahil mi?<span class="requiredIcon">*</span></label>
<div class="input-group col-xs-8"><input data-val="true" data-...
   Has asterisk: true
✅ Kdv Dahil mi? alanının label'ında yıldız (*) olduğu doğrulandı
  And verify field "Kdv Dahil mi?" has required asterisk                                         # stepDefs.GeneralConditionStepDefs.verifyFieldHasRequiredAsterisk(java.lang.String)
🔍 Genel Kondisyon formu iframe'ini arıyoruz...
Toplam 2 iframe[title='Setur'] bulundu
✅ Genel Kondisyon formu iframe'i bulundu (index: 1)
🔍 Hesaplama Periyodu (#ContractRebatePeriodTypeId) label yıldız kontrolü:
   Label text: Hesaplama Periyodu*
   Label HTML snippet: Hesaplama Periyodu<span class="requiredIcon">*</span>
   Parent HTML snippet: 
<label class="col-xs-4 control-label" for="ContractRebatePeriodTypeId" id="ContractRebatePeriodTypeIdLblId">Hesaplama Periyodu<span class="requiredIcon">*</span></label>
<div class="input-group col-x...
   Has asterisk: true
✅ Hesaplama Periyodu alanının label'ında yıldız (*) olduğu doğrulandı
  And verify field "Hesaplama Periyodu" has required asterisk                                    # stepDefs.GeneralConditionStepDefs.verifyFieldHasRequiredAsterisk(java.lang.String)
🔍 Genel Kondisyon formu iframe'ini arıyoruz...
Toplam 2 iframe[title='Setur'] bulundu
✅ Genel Kondisyon formu iframe'i bulundu (index: 1)
🔍 Tutar (#RebateValue) alanı mandatory: true
✅ Tutar alanının mandatory olduğu doğrulandı
  And verify field "Tutar" is mandatory                                                          # stepDefs.GeneralConditionStepDefs.verifyFieldIsMandatory(java.lang.String)
🔍 Genel Kondisyon formu iframe'ini arıyoruz...
Toplam 2 iframe[title='Setur'] bulundu
✅ Genel Kondisyon formu iframe'i bulundu (index: 1)
🔍 Oran (#RebateRatio) alanı mandatory: true
✅ Oran alanının mandatory olduğu doğrulandı
  And verify field "Oran" is mandatory                                                           # stepDefs.GeneralConditionStepDefs.verifyFieldIsMandatory(java.lang.String)
🔍 Genel Kondisyon formu iframe'ini arıyoruz...
Toplam 2 iframe[title='Setur'] bulundu
✅ Genel Kondisyon formu iframe'i bulundu (index: 1)
🔍 Çarpan Var mı? için 'Evet' seçiliyor
✅ Çarpan Var mı? için 'Evet' seçildi (ID: #yes_HasMultiplier)
✅ Çarpan Var mı? alanı için 'Evet' seçildi
  When select "Evet" for field "Çarpan Var mı?"                                                  # stepDefs.GeneralConditionStepDefs.selectRadioButtonForField(java.lang.String,java.lang.String)
🔍 Genel Kondisyon formu iframe'ini arıyoruz...
Toplam 2 iframe[title='Setur'] bulundu
✅ Genel Kondisyon formu iframe'i bulundu (index: 1)
🔍 Birim Çarpanı (#UnitMultipler) alanı mandatory: true
✅ Birim Çarpanı alanının mandatory olduğu doğrulandı
  Then verify field "Birim Çarpanı" is mandatory                                                 # stepDefs.GeneralConditionStepDefs.verifyFieldIsMandatory(java.lang.String)
🔍 Genel Kondisyon formu iframe'ini arıyoruz...
Toplam 2 iframe[title='Setur'] bulundu
✅ Genel Kondisyon formu iframe'i bulundu (index: 1)
🔍 Temel Ölçü Birimi (#MainMeasureUnitId) alanı optional: true
✅ Temel Ölçü Birimi alanının optional olduğu doğrulandı
  And verify field "Temel Ölçü Birimi" is optional                                               # stepDefs.GeneralConditionStepDefs.verifyFieldIsOptional(java.lang.String)
🔍 Genel Kondisyon formu iframe'ini arıyoruz...
Toplam 2 iframe[title='Setur'] bulundu
✅ Genel Kondisyon formu iframe'i bulundu (index: 1)
🔍 Brüt Satın Alma Tipi (#ContractGrossPurchaseItemTypeId) alanı optional: true
✅ Brüt Satın Alma Tipi alanının optional olduğu doğrulandı
  And verify field "Brüt Satın Alma Tipi" is optional                                            # stepDefs.GeneralConditionStepDefs.verifyFieldIsOptional(java.lang.String)
🔍 Genel Kondisyon formu iframe'ini arıyoruz...
Toplam 2 iframe[title='Setur'] bulundu
✅ Genel Kondisyon formu iframe'i bulundu (index: 1)
🔍 Marka (#BrandIdArray) alanı optional: true
✅ Marka alanının optional olduğu doğrulandı
  And verify field "Marka" is optional                                                           # stepDefs.GeneralConditionStepDefs.verifyFieldIsOptional(java.lang.String)
🔍 Genel Kondisyon formu iframe'ini arıyoruz...
Toplam 2 iframe[title='Setur'] bulundu
✅ Genel Kondisyon formu iframe'i bulundu (index: 1)
🔍 Açıklama (#ContractRebateUpdateDescription) alanı optional: true
✅ Açıklama alanının optional olduğu doğrulandı
  And verify field "Açıklama" is optional                                                        # stepDefs.GeneralConditionStepDefs.verifyFieldIsOptional(java.lang.String)
🔍 Genel Kondisyon formu iframe'ini arıyoruz...
Toplam 2 iframe[title='Setur'] bulundu
✅ Genel Kondisyon formu iframe'i bulundu (index: 1)
🔍 Hedef Miktar için validation error kontrolü yapılıyor...
   1. Kaydet butonuna basılıyor...
   ✅ Kaydet butonu bulundu: button:has-text('Kaydet')
   ✅ Kaydet butonuna basıldı
🔍 Hedef Miktar (#TargetUnit) validation error kontrolü:
   Field class: k-input input-validation-error
   Parent class: k-numeric-wrap k-state-default k-expand-padding k-invalid
   Grandparent class: k-widget k-numerictextbox
   Border color: rgb(68, 68, 68)
   Has validation error: true
✅ Hedef Miktar alanının kaydet butonuna basıldığında validation error gösterdiği doğrulandı
  And verify field "Hedef Miktar" shows validation error on save                                 # stepDefs.GeneralConditionStepDefs.verifyFieldShowsValidationErrorOnSave(java.lang.String)
🔍 Genel Kondisyon formu iframe'ini arıyoruz...
Toplam 2 iframe[title='Setur'] bulundu
✅ Genel Kondisyon formu iframe'i bulundu (index: 1)
🔍 Tutar alanını dolduruluyor: 100
   Kendo widget set: true
✅ Tutar alanı dolduruldu: 100
✅ Tutar alanına '100' değeri girildi
  When fill field "Tutar" with "100"                                                             # stepDefs.GeneralConditionStepDefs.fillFieldWith(java.lang.String,java.lang.String)
🔍 Genel Kondisyon formu iframe'ini arıyoruz...
Toplam 2 iframe[title='Setur'] bulundu
✅ Genel Kondisyon formu iframe'i bulundu (index: 1)
🔍 Oran (#RebateRatio) alanı disabled: true
✅ Oran alanının disabled olduğu doğrulandı
  Then verify field "Oran" is disabled                                                           # stepDefs.GeneralConditionStepDefs.verifyFieldIsDisabled(java.lang.String)
🔍 Genel Kondisyon formu iframe'ini arıyoruz...
Toplam 2 iframe[title='Setur'] bulundu
✅ Genel Kondisyon formu iframe'i bulundu (index: 1)
🔍 Tutar alanı temizleniyor
   Kendo widget clear: true
✅ Tutar alanı temizlendi
✅ Tutar alanı temizlendi
  When clear field "Tutar"                                                                       # stepDefs.GeneralConditionStepDefs.clearField(java.lang.String)
🔍 Genel Kondisyon formu iframe'ini arıyoruz...
Toplam 2 iframe[title='Setur'] bulundu
✅ Genel Kondisyon formu iframe'i bulundu (index: 1)
🔍 Oran (#RebateRatio) alanı disabled: false
✅ Oran alanının disabled olmadığı doğrulandı
  Then verify field "Oran" is not disabled                                                       # stepDefs.GeneralConditionStepDefs.verifyFieldIsNotDisabled(java.lang.String)
🔍 Genel Kondisyon formu iframe'ini arıyoruz...
Toplam 2 iframe[title='Setur'] bulundu
✅ Genel Kondisyon formu iframe'i bulundu (index: 1)
🔍 Oran alanını dolduruluyor: 10
   Kendo widget set: true
✅ Oran alanı dolduruldu: 10
✅ Oran alanına '10' değeri girildi
  When fill field "Oran" with "10"                                                               # stepDefs.GeneralConditionStepDefs.fillFieldWith(java.lang.String,java.lang.String)
🔍 Genel Kondisyon formu iframe'ini arıyoruz...
Toplam 2 iframe[title='Setur'] bulundu
✅ Genel Kondisyon formu iframe'i bulundu (index: 1)
🔍 Tutar (#RebateValue) alanı disabled: true
✅ Tutar alanının disabled olduğu doğrulandı
  Then verify field "Tutar" is disabled                                                          # stepDefs.GeneralConditionStepDefs.verifyFieldIsDisabled(java.lang.String)

@TEST4
Scenario: Verify field states for Rebate Target Purchase Bonus, Alım adeti and Kademeli mi Evet # src/test/resources/generalConditionDefinition.feature:107
  Given navigate to login page                                                                  # stepDefs.GlobalStepdefs.navigateToLoginPage()
  When login as special user "RETAIL_SPECIALIST" "rt2390RT!!"                                   # stepDefs.LoginStepdefs.loginAsSpecialUser(java.lang.String,java.lang.String)
  And click login button                                                                        # stepDefs.LoginStepdefs.clickLoginButton()
  Then verify successful login                                                                  # stepDefs.WorkflowInboxStepdefs.verifySuccessfulLogin()
  And click supplier dropdown toggle                                                            # stepDefs.WorkflowInboxStepdefs.clickSupplierDropdownToggle()
  When click contract definition link                                                           # stepDefs.WorkflowInboxStepdefs.clickContractDefinitionLink()
  Then verify contract definition page is displayed                                             # stepDefs.ContractDefinitionStepdefs.verifyContractDefinitionPageIsDisplayed()
✅ Sözleşme adı: FOS-2025-FCA olan sözleşme kontrol edildi
  Given click to sample contract "FOS-2025-FCA"                                                 # stepDefs.GeneralConditionStepDefs.clickToSampleContract(java.lang.String)
✅ Arama butonuna tıklandı
  And click to search button on definition page                                                 # stepDefs.GeneralConditionStepDefs.clickToSearchButton()
✅ İlk düzenleme butonuna tıklandı
  And click to first edit button on definition page                                             # stepDefs.GeneralConditionStepDefs.clickToFirstEdit()
🔍 Tab yapısını kontrol ediyoruz...
Toplam 2 tab bulundu
  Tab 0: text='Genel Kondisyon', selected=true, class='k-item k-state-default k-first k-tab-on-top k-state-active'
  Tab 1: text='Temsilci Kondisyon', selected=false, class='k-item k-state-default k-last'
🔍 'Genel Kondisyon' tab'ına tıklanıyor...
✅ 'Genel Kondisyon' tab'ına tıklandı
🔍 Butona tıklamadan önce 2 popup var
✅ Yeni genel kondisyon butonuna tıklandı
⚠️ Yeni popup açılmadı, popup sayısı: 3
✅ Yeni genel kondisyon butonuna tıklandı
  When click to new general condition button                                                    # stepDefs.GeneralConditionStepDefs.clickToNewGeneralConditionButton()
🔍 Genel Kondisyon Tanımlama popup'ını kontrol ediyoruz...
Toplam 3 popup title bulundu
  Popup 0 title: 'Sözleşme Güncelleme'
  Popup 1 title: 'Genel Kondisyon Tanımlama'
  Popup 2 title: 'Setur'
✅ 'Genel Kondisyon Tanımlama' popup görüntülendi
✅ Yeni genel kondisyon formunun görüntülendiği doğrulandı
  Then verify new general condition form is displayed                                           # stepDefs.GeneralConditionStepDefs.verifyNewGeneralConditionFormIsDisplayed()
🔍 Genel Kondisyon formu iframe'ini arıyoruz...
Toplam 2 iframe[title='Setur'] bulundu
✅ Genel Kondisyon formu iframe'i bulundu (index: 1)
✅ Kondisyon tipi seçildi: Rebate Target Purchase Bonus
✅ Kondisyon tipi seçildi: Rebate Target Purchase Bonus
  When select condition type "Rebate Target Purchase Bonus"                                     # stepDefs.GeneralConditionStepDefs.selectConditionType(java.lang.String)
🔍 Genel Kondisyon formu iframe'ini arıyoruz...
Toplam 2 iframe[title='Setur'] bulundu
✅ Genel Kondisyon formu iframe'i bulundu (index: 1)
✅ Hesaplama tipi seçildi: Alım adeti
✅ Hesaplama tipi seçildi: Alım adeti
  And select calculation type "Alım adeti"                                                      # stepDefs.GeneralConditionStepDefs.selectCalculationType(java.lang.String)
🔍 Genel Kondisyon formu iframe'ini arıyoruz...
Toplam 2 iframe[title='Setur'] bulundu
✅ Genel Kondisyon formu iframe'i bulundu (index: 1)
🔍 Kademeli mi? için 'Evet' seçiliyor
✅ Kademeli mi? için 'Evet' seçildi (ID: #yes_IsGradual)
✅ Kademeli mi? alanı için 'Evet' seçildi
  And select "Evet" for field "Kademeli mi?"                                                    # stepDefs.GeneralConditionStepDefs.selectRadioButtonForField(java.lang.String,java.lang.String)
🔍 Genel Kondisyon formu iframe'ini arıyoruz...
Toplam 2 iframe[title='Setur'] bulundu
✅ Genel Kondisyon formu iframe'i bulundu (index: 1)
🔍 Hedef Ciro (#TargetRevenue) alanı disabled: true
✅ Hedef Ciro alanının disabled olduğu doğrulandı
  Then verify field "Hedef Ciro" is disabled                                                    # stepDefs.GeneralConditionStepDefs.verifyFieldIsDisabled(java.lang.String)
🔍 Genel Kondisyon formu iframe'ini arıyoruz...
Toplam 2 iframe[title='Setur'] bulundu
✅ Genel Kondisyon formu iframe'i bulundu (index: 1)
🔍 Tutar (#RebateValue) alanı disabled: true
✅ Tutar alanının disabled olduğu doğrulandı
  And verify field "Tutar" is disabled                                                          # stepDefs.GeneralConditionStepDefs.verifyFieldIsDisabled(java.lang.String)
🔍 Genel Kondisyon formu iframe'ini arıyoruz...
Toplam 2 iframe[title='Setur'] bulundu
✅ Genel Kondisyon formu iframe'i bulundu (index: 1)
🔍 Oran (#RebateRatio) alanı disabled: true
✅ Oran alanının disabled olduğu doğrulandı
  And verify field "Oran" is disabled                                                           # stepDefs.GeneralConditionStepDefs.verifyFieldIsDisabled(java.lang.String)
🔍 Genel Kondisyon formu iframe'ini arıyoruz...
Toplam 2 iframe[title='Setur'] bulundu
✅ Genel Kondisyon formu iframe'i bulundu (index: 1)
🔍 Temel Ölçü Birimi (#MainMeasureUnitId) alanı disabled: true
✅ Temel Ölçü Birimi alanının disabled olduğu doğrulandı
  And verify field "Temel Ölçü Birimi" is disabled                                              # stepDefs.GeneralConditionStepDefs.verifyFieldIsDisabled(java.lang.String)
🔍 Genel Kondisyon formu iframe'ini arıyoruz...
Toplam 2 iframe[title='Setur'] bulundu
✅ Genel Kondisyon formu iframe'i bulundu (index: 1)
🔍 Hedef Miktar (#TargetUnit) alanı disabled: true
✅ Hedef Miktar alanının disabled olduğu doğrulandı
  And verify field "Hedef Miktar" is disabled                                                   # stepDefs.GeneralConditionStepDefs.verifyFieldIsDisabled(java.lang.String)
🔍 Genel Kondisyon formu iframe'ini arıyoruz...
Toplam 2 iframe[title='Setur'] bulundu
✅ Genel Kondisyon formu iframe'i bulundu (index: 1)
🔍 Çarpan Var mı? (#yes_HasMultiplier) radio group disabled: true (yes: true, no: true)
✅ Çarpan Var mı? alanının disabled olduğu doğrulandı
  And verify field "Çarpan Var mı?" is disabled                                                 # stepDefs.GeneralConditionStepDefs.verifyFieldIsDisabled(java.lang.String)
🔍 Genel Kondisyon formu iframe'ini arıyoruz...
Toplam 2 iframe[title='Setur'] bulundu
✅ Genel Kondisyon formu iframe'i bulundu (index: 1)
🔍 Birim Çarpanı (#UnitMultipler) alanı disabled: true
✅ Birim Çarpanı alanının disabled olduğu doğrulandı
  And verify field "Birim Çarpanı" is disabled                                                  # stepDefs.GeneralConditionStepDefs.verifyFieldIsDisabled(java.lang.String)
🔍 Genel Kondisyon formu iframe'ini arıyoruz...
Toplam 2 iframe[title='Setur'] bulundu
✅ Genel Kondisyon formu iframe'i bulundu (index: 1)
🔍 Toplam 27 label bulundu, 'Kdv Dahil mi?' arıyoruz...
✅ 'Kdv Dahil mi?' için label bulundu: Kdv Dahil mi?*
🔍 Kdv Dahil mi? (#yes_IsVatInclude) label yıldız kontrolü:
   Label text: Kdv Dahil mi?*
   Label HTML snippet: Kdv Dahil mi?<span class="requiredIcon">*</span>
   Parent HTML snippet: 
<label class="col-xs-4 control-label" for="IsVatInclude" id="IsVatIncludeLblId">Kdv Dahil mi?<span class="requiredIcon">*</span></label>
<div class="input-group col-xs-8"><input data-val="true" data-...
   Has asterisk: true
✅ Kdv Dahil mi? alanının label'ında yıldız (*) olduğu doğrulandı
  And verify field "Kdv Dahil mi?" has required asterisk                                        # stepDefs.GeneralConditionStepDefs.verifyFieldHasRequiredAsterisk(java.lang.String)
🔍 Genel Kondisyon formu iframe'ini arıyoruz...
Toplam 2 iframe[title='Setur'] bulundu
✅ Genel Kondisyon formu iframe'i bulundu (index: 1)
🔍 Hesaplama Periyodu (#ContractRebatePeriodTypeId) label yıldız kontrolü:
   Label text: Hesaplama Periyodu*
   Label HTML snippet: Hesaplama Periyodu<span class="requiredIcon">*</span>
   Parent HTML snippet: 
<label class="col-xs-4 control-label" for="ContractRebatePeriodTypeId" id="ContractRebatePeriodTypeIdLblId">Hesaplama Periyodu<span class="requiredIcon">*</span></label>
<div class="input-group col-x...
   Has asterisk: true
✅ Hesaplama Periyodu alanının label'ında yıldız (*) olduğu doğrulandı
  And verify field "Hesaplama Periyodu" has required asterisk                                   # stepDefs.GeneralConditionStepDefs.verifyFieldHasRequiredAsterisk(java.lang.String)
🔍 Genel Kondisyon formu iframe'ini arıyoruz...
Toplam 2 iframe[title='Setur'] bulundu
✅ Genel Kondisyon formu iframe'i bulundu (index: 1)
🔍 Ciro Para Birimi (#TargetRevenueCurrencyCode) alanı optional: true
✅ Ciro Para Birimi alanının optional olduğu doğrulandı
  And verify field "Ciro Para Birimi" is optional                                               # stepDefs.GeneralConditionStepDefs.verifyFieldIsOptional(java.lang.String)
🔍 Genel Kondisyon formu iframe'ini arıyoruz...
Toplam 2 iframe[title='Setur'] bulundu
✅ Genel Kondisyon formu iframe'i bulundu (index: 1)
🔍 Marka (#BrandIdArray) alanı optional: true
✅ Marka alanının optional olduğu doğrulandı
  And verify field "Marka" is optional                                                          # stepDefs.GeneralConditionStepDefs.verifyFieldIsOptional(java.lang.String)
🔍 Genel Kondisyon formu iframe'ini arıyoruz...
Toplam 2 iframe[title='Setur'] bulundu
✅ Genel Kondisyon formu iframe'i bulundu (index: 1)
🔍 Açıklama (#ContractRebateUpdateDescription) alanı optional: true
✅ Açıklama alanının optional olduğu doğrulandı
  And verify field "Açıklama" is optional                                                       # stepDefs.GeneralConditionStepDefs.verifyFieldIsOptional(java.lang.String)
🔍 Genel Kondisyon formu iframe'ini arıyoruz...
Toplam 2 iframe[title='Setur'] bulundu
✅ Genel Kondisyon formu iframe'i bulundu (index: 1)
🔍 Brüt Satın Alma Tipi (#ContractGrossPurchaseItemTypeId) alanı optional: true
✅ Brüt Satın Alma Tipi alanının optional olduğu doğrulandı
  And verify field "Brüt Satın Alma Tipi" is optional                                           # stepDefs.GeneralConditionStepDefs.verifyFieldIsOptional(java.lang.String)

@TEST5
Scenario: Verify field states for Rebate Target Purchase Bonus, Alım Tutarı and Kademeli mi Hayır # src/test/resources/generalConditionDefinition.feature:144
  Given navigate to login page                                                                    # stepDefs.GlobalStepdefs.navigateToLoginPage()
  When login as special user "RETAIL_SPECIALIST" "rt2390RT!!"                                     # stepDefs.LoginStepdefs.loginAsSpecialUser(java.lang.String,java.lang.String)
  And click login button                                                                          # stepDefs.LoginStepdefs.clickLoginButton()
  Then verify successful login                                                                    # stepDefs.WorkflowInboxStepdefs.verifySuccessfulLogin()
  And click supplier dropdown toggle                                                              # stepDefs.WorkflowInboxStepdefs.clickSupplierDropdownToggle()
  When click contract definition link                                                             # stepDefs.WorkflowInboxStepdefs.clickContractDefinitionLink()
  Then verify contract definition page is displayed                                               # stepDefs.ContractDefinitionStepdefs.verifyContractDefinitionPageIsDisplayed()
✅ Sözleşme adı: FOS-2025-FCA olan sözleşme kontrol edildi
  Given click to sample contract "FOS-2025-FCA"                                                   # stepDefs.GeneralConditionStepDefs.clickToSampleContract(java.lang.String)
✅ Arama butonuna tıklandı
  And click to search button on definition page                                                   # stepDefs.GeneralConditionStepDefs.clickToSearchButton()
✅ İlk düzenleme butonuna tıklandı
  And click to first edit button on definition page                                               # stepDefs.GeneralConditionStepDefs.clickToFirstEdit()
🔍 Tab yapısını kontrol ediyoruz...
Toplam 2 tab bulundu
  Tab 0: text='Genel Kondisyon', selected=true, class='k-item k-state-default k-first k-tab-on-top k-state-active'
  Tab 1: text='Temsilci Kondisyon', selected=false, class='k-item k-state-default k-last'
🔍 'Genel Kondisyon' tab'ına tıklanıyor...
✅ 'Genel Kondisyon' tab'ına tıklandı
🔍 Butona tıklamadan önce 2 popup var
✅ Yeni genel kondisyon butonuna tıklandı
⚠️ Yeni popup açılmadı, popup sayısı: 3
✅ Yeni genel kondisyon butonuna tıklandı
  When click to new general condition button                                                      # stepDefs.GeneralConditionStepDefs.clickToNewGeneralConditionButton()
🔍 Genel Kondisyon Tanımlama popup'ını kontrol ediyoruz...
Toplam 3 popup title bulundu
  Popup 0 title: 'Sözleşme Güncelleme'
  Popup 1 title: 'Genel Kondisyon Tanımlama'
  Popup 2 title: 'Setur'
✅ 'Genel Kondisyon Tanımlama' popup görüntülendi
✅ Yeni genel kondisyon formunun görüntülendiği doğrulandı
  Then verify new general condition form is displayed                                             # stepDefs.GeneralConditionStepDefs.verifyNewGeneralConditionFormIsDisplayed()
🔍 Genel Kondisyon formu iframe'ini arıyoruz...
Toplam 2 iframe[title='Setur'] bulundu
✅ Genel Kondisyon formu iframe'i bulundu (index: 1)
✅ Kondisyon tipi seçildi: Rebate Target Purchase Bonus
✅ Kondisyon tipi seçildi: Rebate Target Purchase Bonus
  When select condition type "Rebate Target Purchase Bonus"                                       # stepDefs.GeneralConditionStepDefs.selectConditionType(java.lang.String)
🔍 Genel Kondisyon formu iframe'ini arıyoruz...
Toplam 2 iframe[title='Setur'] bulundu
✅ Genel Kondisyon formu iframe'i bulundu (index: 1)
✅ Hesaplama tipi seçildi: Alım Tutarı
✅ Hesaplama tipi seçildi: Alım Tutarı
  And select calculation type "Alım Tutarı"                                                       # stepDefs.GeneralConditionStepDefs.selectCalculationType(java.lang.String)
🔍 Genel Kondisyon formu iframe'ini arıyoruz...
Toplam 2 iframe[title='Setur'] bulundu
✅ Genel Kondisyon formu iframe'i bulundu (index: 1)
🔍 Kademeli mi? için 'Hayır' seçiliyor
✅ Kademeli mi? için 'Hayır' seçildi (ID: #no_IsGradual)
✅ Kademeli mi? alanı için 'Hayır' seçildi
  And select "Hayır" for field "Kademeli mi?"                                                     # stepDefs.GeneralConditionStepDefs.selectRadioButtonForField(java.lang.String,java.lang.String)
🔍 Genel Kondisyon formu iframe'ini arıyoruz...
Toplam 2 iframe[title='Setur'] bulundu
✅ Genel Kondisyon formu iframe'i bulundu (index: 1)
🔍 Temel Ölçü Birimi (#MainMeasureUnitId) alanı disabled: true
✅ Temel Ölçü Birimi alanının disabled olduğu doğrulandı
  Then verify field "Temel Ölçü Birimi" is disabled                                               # stepDefs.GeneralConditionStepDefs.verifyFieldIsDisabled(java.lang.String)
🔍 Genel Kondisyon formu iframe'ini arıyoruz...
Toplam 2 iframe[title='Setur'] bulundu
✅ Genel Kondisyon formu iframe'i bulundu (index: 1)
🔍 Hedef Miktar (#TargetUnit) alanı disabled: true
✅ Hedef Miktar alanının disabled olduğu doğrulandı
  And verify field "Hedef Miktar" is disabled                                                     # stepDefs.GeneralConditionStepDefs.verifyFieldIsDisabled(java.lang.String)
🔍 Genel Kondisyon formu iframe'ini arıyoruz...
Toplam 2 iframe[title='Setur'] bulundu
✅ Genel Kondisyon formu iframe'i bulundu (index: 1)
🔍 Çarpan Var mı? (#yes_HasMultiplier) radio group disabled: true (yes: true, no: true)
✅ Çarpan Var mı? alanının disabled olduğu doğrulandı
  And verify field "Çarpan Var mı?" is disabled                                                   # stepDefs.GeneralConditionStepDefs.verifyFieldIsDisabled(java.lang.String)
🔍 Genel Kondisyon formu iframe'ini arıyoruz...
Toplam 2 iframe[title='Setur'] bulundu
✅ Genel Kondisyon formu iframe'i bulundu (index: 1)
🔍 Birim Çarpanı (#UnitMultipler) alanı disabled: true
✅ Birim Çarpanı alanının disabled olduğu doğrulandı
  And verify field "Birim Çarpanı" is disabled                                                    # stepDefs.GeneralConditionStepDefs.verifyFieldIsDisabled(java.lang.String)
🔍 Genel Kondisyon formu iframe'ini arıyoruz...
Toplam 2 iframe[title='Setur'] bulundu
✅ Genel Kondisyon formu iframe'i bulundu (index: 1)
🔍 Toplam 27 label bulundu, 'Kdv Dahil mi?' arıyoruz...
✅ 'Kdv Dahil mi?' için label bulundu: Kdv Dahil mi?*
🔍 Kdv Dahil mi? (#yes_IsVatInclude) label yıldız kontrolü:
   Label text: Kdv Dahil mi?*
   Label HTML snippet: Kdv Dahil mi?<span class="requiredIcon">*</span>
   Parent HTML snippet: 
<label class="col-xs-4 control-label" for="IsVatInclude" id="IsVatIncludeLblId">Kdv Dahil mi?<span class="requiredIcon">*</span></label>
<div class="input-group col-xs-8"><input data-val="true" data-...
   Has asterisk: true
✅ Kdv Dahil mi? alanının label'ında yıldız (*) olduğu doğrulandı
  And verify field "Kdv Dahil mi?" has required asterisk                                          # stepDefs.GeneralConditionStepDefs.verifyFieldHasRequiredAsterisk(java.lang.String)
🔍 Genel Kondisyon formu iframe'ini arıyoruz...
Toplam 2 iframe[title='Setur'] bulundu
✅ Genel Kondisyon formu iframe'i bulundu (index: 1)
🔍 Hesaplama Periyodu (#ContractRebatePeriodTypeId) label yıldız kontrolü:
   Label text: Hesaplama Periyodu*
   Label HTML snippet: Hesaplama Periyodu<span class="requiredIcon">*</span>
   Parent HTML snippet: 
<label class="col-xs-4 control-label" for="ContractRebatePeriodTypeId" id="ContractRebatePeriodTypeIdLblId">Hesaplama Periyodu<span class="requiredIcon">*</span></label>
<div class="input-group col-x...
   Has asterisk: true
✅ Hesaplama Periyodu alanının label'ında yıldız (*) olduğu doğrulandı
  And verify field "Hesaplama Periyodu" has required asterisk                                     # stepDefs.GeneralConditionStepDefs.verifyFieldHasRequiredAsterisk(java.lang.String)
🔍 Genel Kondisyon formu iframe'ini arıyoruz...
Toplam 2 iframe[title='Setur'] bulundu
✅ Genel Kondisyon formu iframe'i bulundu (index: 1)
🔍 Hedef Ciro (#TargetRevenue) label yıldız kontrolü:
   Label text: Hedef Ciro
   Label HTML snippet: Hedef Ciro
   Parent HTML snippet: 
<label class="col-xs-4 control-label" for="TargetRevenue" id="TargetRevenueLblId">Hedef Ciro</label>
<div class="input-group col-xs-8"><span class="k-widget k-numerictextbox" style="width: 100%;"><sp...
   Has asterisk: true
✅ Hedef Ciro alanının label'ında yıldız (*) olduğu doğrulandı
  And verify field "Hedef Ciro" has required asterisk                                             # stepDefs.GeneralConditionStepDefs.verifyFieldHasRequiredAsterisk(java.lang.String)
🔍 Genel Kondisyon formu iframe'ini arıyoruz...
Toplam 2 iframe[title='Setur'] bulundu
✅ Genel Kondisyon formu iframe'i bulundu (index: 1)
🔍 Tutar (#RebateValue) alanı mandatory: true
✅ Tutar alanının mandatory olduğu doğrulandı
  And verify field "Tutar" is mandatory                                                           # stepDefs.GeneralConditionStepDefs.verifyFieldIsMandatory(java.lang.String)
🔍 Genel Kondisyon formu iframe'ini arıyoruz...
Toplam 2 iframe[title='Setur'] bulundu
✅ Genel Kondisyon formu iframe'i bulundu (index: 1)
🔍 Oran (#RebateRatio) alanı mandatory: true
✅ Oran alanının mandatory olduğu doğrulandı
  And verify field "Oran" is mandatory                                                            # stepDefs.GeneralConditionStepDefs.verifyFieldIsMandatory(java.lang.String)
🔍 Genel Kondisyon formu iframe'ini arıyoruz...
Toplam 2 iframe[title='Setur'] bulundu
✅ Genel Kondisyon formu iframe'i bulundu (index: 1)
🔍 Marka (#BrandIdArray) alanı optional: true
✅ Marka alanının optional olduğu doğrulandı
  And verify field "Marka" is optional                                                            # stepDefs.GeneralConditionStepDefs.verifyFieldIsOptional(java.lang.String)
🔍 Genel Kondisyon formu iframe'ini arıyoruz...
Toplam 2 iframe[title='Setur'] bulundu
✅ Genel Kondisyon formu iframe'i bulundu (index: 1)
🔍 Açıklama (#ContractRebateUpdateDescription) alanı optional: true
✅ Açıklama alanının optional olduğu doğrulandı
  And verify field "Açıklama" is optional                                                         # stepDefs.GeneralConditionStepDefs.verifyFieldIsOptional(java.lang.String)
🔍 Genel Kondisyon formu iframe'ini arıyoruz...
Toplam 2 iframe[title='Setur'] bulundu
✅ Genel Kondisyon formu iframe'i bulundu (index: 1)
🔍 Brüt Satın Alma Tipi (#ContractGrossPurchaseItemTypeId) alanı optional: true
✅ Brüt Satın Alma Tipi alanının optional olduğu doğrulandı
  And verify field "Brüt Satın Alma Tipi" is optional                                             # stepDefs.GeneralConditionStepDefs.verifyFieldIsOptional(java.lang.String)
🔍 Genel Kondisyon formu iframe'ini arıyoruz...
Toplam 2 iframe[title='Setur'] bulundu
✅ Genel Kondisyon formu iframe'i bulundu (index: 1)
🔍 Tutar alanını dolduruluyor: 100
   Kendo widget set: true
✅ Tutar alanı dolduruldu: 100
✅ Tutar alanına '100' değeri girildi
  When fill field "Tutar" with "100"                                                              # stepDefs.GeneralConditionStepDefs.fillFieldWith(java.lang.String,java.lang.String)
🔍 Genel Kondisyon formu iframe'ini arıyoruz...
Toplam 2 iframe[title='Setur'] bulundu
✅ Genel Kondisyon formu iframe'i bulundu (index: 1)
🔍 Oran (#RebateRatio) alanı disabled: true
✅ Oran alanının disabled olduğu doğrulandı
  Then verify field "Oran" is disabled                                                            # stepDefs.GeneralConditionStepDefs.verifyFieldIsDisabled(java.lang.String)
🔍 Genel Kondisyon formu iframe'ini arıyoruz...
Toplam 2 iframe[title='Setur'] bulundu
✅ Genel Kondisyon formu iframe'i bulundu (index: 1)
🔍 Tutar alanı temizleniyor
   Kendo widget clear: true
✅ Tutar alanı temizlendi
✅ Tutar alanı temizlendi
  When clear field "Tutar"                                                                        # stepDefs.GeneralConditionStepDefs.clearField(java.lang.String)
🔍 Genel Kondisyon formu iframe'ini arıyoruz...
Toplam 2 iframe[title='Setur'] bulundu
✅ Genel Kondisyon formu iframe'i bulundu (index: 1)
🔍 Oran (#RebateRatio) alanı disabled: false
✅ Oran alanının disabled olmadığı doğrulandı
  Then verify field "Oran" is not disabled                                                        # stepDefs.GeneralConditionStepDefs.verifyFieldIsNotDisabled(java.lang.String)
🔍 Genel Kondisyon formu iframe'ini arıyoruz...
Toplam 2 iframe[title='Setur'] bulundu
✅ Genel Kondisyon formu iframe'i bulundu (index: 1)
🔍 Oran alanını dolduruluyor: 10
   Kendo widget set: true
✅ Oran alanı dolduruldu: 10
✅ Oran alanına '10' değeri girildi
  When fill field "Oran" with "10"                                                                # stepDefs.GeneralConditionStepDefs.fillFieldWith(java.lang.String,java.lang.String)
🔍 Genel Kondisyon formu iframe'ini arıyoruz...
Toplam 2 iframe[title='Setur'] bulundu
✅ Genel Kondisyon formu iframe'i bulundu (index: 1)
🔍 Tutar (#RebateValue) alanı disabled: true
✅ Tutar alanının disabled olduğu doğrulandı
  Then verify field "Tutar" is disabled                                                           # stepDefs.GeneralConditionStepDefs.verifyFieldIsDisabled(java.lang.String)

@TEST6
Scenario: Verify field states for Rebate Target Purchase Bonus, Alım Tutarı and Kademeli mi Evet # src/test/resources/generalConditionDefinition.feature:190
  Given navigate to login page                                                                   # stepDefs.GlobalStepdefs.navigateToLoginPage()
  When login as special user "RETAIL_SPECIALIST" "rt2390RT!!"                                    # stepDefs.LoginStepdefs.loginAsSpecialUser(java.lang.String,java.lang.String)
  And click login button                                                                         # stepDefs.LoginStepdefs.clickLoginButton()
  Then verify successful login                                                                   # stepDefs.WorkflowInboxStepdefs.verifySuccessfulLogin()
  And click supplier dropdown toggle                                                             # stepDefs.WorkflowInboxStepdefs.clickSupplierDropdownToggle()
  When click contract definition link                                                            # stepDefs.WorkflowInboxStepdefs.clickContractDefinitionLink()
  Then verify contract definition page is displayed                                              # stepDefs.ContractDefinitionStepdefs.verifyContractDefinitionPageIsDisplayed()
✅ Sözleşme adı: FOS-2025-FCA olan sözleşme kontrol edildi
  Given click to sample contract "FOS-2025-FCA"                                                  # stepDefs.GeneralConditionStepDefs.clickToSampleContract(java.lang.String)
✅ Arama butonuna tıklandı
  And click to search button on definition page                                                  # stepDefs.GeneralConditionStepDefs.clickToSearchButton()
✅ İlk düzenleme butonuna tıklandı
  And click to first edit button on definition page                                              # stepDefs.GeneralConditionStepDefs.clickToFirstEdit()
🔍 Tab yapısını kontrol ediyoruz...
Toplam 2 tab bulundu
  Tab 0: text='Genel Kondisyon', selected=true, class='k-item k-state-default k-first k-tab-on-top k-state-active'
  Tab 1: text='Temsilci Kondisyon', selected=false, class='k-item k-state-default k-last'
🔍 'Genel Kondisyon' tab'ına tıklanıyor...
✅ 'Genel Kondisyon' tab'ına tıklandı
🔍 Butona tıklamadan önce 2 popup var
✅ Yeni genel kondisyon butonuna tıklandı
⚠️ Yeni popup açılmadı, popup sayısı: 3
✅ Yeni genel kondisyon butonuna tıklandı
  When click to new general condition button                                                     # stepDefs.GeneralConditionStepDefs.clickToNewGeneralConditionButton()
🔍 Genel Kondisyon Tanımlama popup'ını kontrol ediyoruz...
Toplam 3 popup title bulundu
  Popup 0 title: 'Sözleşme Güncelleme'
  Popup 1 title: 'Genel Kondisyon Tanımlama'
  Popup 2 title: 'Setur'
✅ 'Genel Kondisyon Tanımlama' popup görüntülendi
✅ Yeni genel kondisyon formunun görüntülendiği doğrulandı
  Then verify new general condition form is displayed                                            # stepDefs.GeneralConditionStepDefs.verifyNewGeneralConditionFormIsDisplayed()
🔍 Genel Kondisyon formu iframe'ini arıyoruz...
Toplam 2 iframe[title='Setur'] bulundu
✅ Genel Kondisyon formu iframe'i bulundu (index: 1)
✅ Kondisyon tipi seçildi: Rebate Target Purchase Bonus
✅ Kondisyon tipi seçildi: Rebate Target Purchase Bonus
  When select condition type "Rebate Target Purchase Bonus"                                      # stepDefs.GeneralConditionStepDefs.selectConditionType(java.lang.String)
🔍 Genel Kondisyon formu iframe'ini arıyoruz...
Toplam 2 iframe[title='Setur'] bulundu
✅ Genel Kondisyon formu iframe'i bulundu (index: 1)
✅ Hesaplama tipi seçildi: Alım Tutarı
✅ Hesaplama tipi seçildi: Alım Tutarı
  And select calculation type "Alım Tutarı"                                                      # stepDefs.GeneralConditionStepDefs.selectCalculationType(java.lang.String)
🔍 Genel Kondisyon formu iframe'ini arıyoruz...
Toplam 2 iframe[title='Setur'] bulundu
✅ Genel Kondisyon formu iframe'i bulundu (index: 1)
🔍 Kademeli mi? için 'Evet' seçiliyor
✅ Kademeli mi? için 'Evet' seçildi (ID: #yes_IsGradual)
✅ Kademeli mi? alanı için 'Evet' seçildi
  And select "Evet" for field "Kademeli mi?"                                                     # stepDefs.GeneralConditionStepDefs.selectRadioButtonForField(java.lang.String,java.lang.String)
🔍 Genel Kondisyon formu iframe'ini arıyoruz...
Toplam 2 iframe[title='Setur'] bulundu
✅ Genel Kondisyon formu iframe'i bulundu (index: 1)
🔍 Hedef Ciro (#TargetRevenue) alanı disabled: true
✅ Hedef Ciro alanının disabled olduğu doğrulandı
  Then verify field "Hedef Ciro" is disabled                                                     # stepDefs.GeneralConditionStepDefs.verifyFieldIsDisabled(java.lang.String)
🔍 Genel Kondisyon formu iframe'ini arıyoruz...
Toplam 2 iframe[title='Setur'] bulundu
✅ Genel Kondisyon formu iframe'i bulundu (index: 1)
🔍 Tutar (#RebateValue) alanı disabled: true
✅ Tutar alanının disabled olduğu doğrulandı
  And verify field "Tutar" is disabled                                                           # stepDefs.GeneralConditionStepDefs.verifyFieldIsDisabled(java.lang.String)
🔍 Genel Kondisyon formu iframe'ini arıyoruz...
Toplam 2 iframe[title='Setur'] bulundu
✅ Genel Kondisyon formu iframe'i bulundu (index: 1)
🔍 Oran (#RebateRatio) alanı disabled: true
✅ Oran alanının disabled olduğu doğrulandı
  And verify field "Oran" is disabled                                                            # stepDefs.GeneralConditionStepDefs.verifyFieldIsDisabled(java.lang.String)
🔍 Genel Kondisyon formu iframe'ini arıyoruz...
Toplam 2 iframe[title='Setur'] bulundu
✅ Genel Kondisyon formu iframe'i bulundu (index: 1)
🔍 Temel Ölçü Birimi (#MainMeasureUnitId) alanı disabled: true
✅ Temel Ölçü Birimi alanının disabled olduğu doğrulandı
  And verify field "Temel Ölçü Birimi" is disabled                                               # stepDefs.GeneralConditionStepDefs.verifyFieldIsDisabled(java.lang.String)
🔍 Genel Kondisyon formu iframe'ini arıyoruz...
Toplam 2 iframe[title='Setur'] bulundu
✅ Genel Kondisyon formu iframe'i bulundu (index: 1)
🔍 Hedef Miktar (#TargetUnit) alanı disabled: true
✅ Hedef Miktar alanının disabled olduğu doğrulandı
  And verify field "Hedef Miktar" is disabled                                                    # stepDefs.GeneralConditionStepDefs.verifyFieldIsDisabled(java.lang.String)
🔍 Genel Kondisyon formu iframe'ini arıyoruz...
Toplam 2 iframe[title='Setur'] bulundu
✅ Genel Kondisyon formu iframe'i bulundu (index: 1)
🔍 Çarpan Var mı? (#yes_HasMultiplier) radio group disabled: true (yes: true, no: true)
✅ Çarpan Var mı? alanının disabled olduğu doğrulandı
  And verify field "Çarpan Var mı?" is disabled                                                  # stepDefs.GeneralConditionStepDefs.verifyFieldIsDisabled(java.lang.String)
🔍 Genel Kondisyon formu iframe'ini arıyoruz...
Toplam 2 iframe[title='Setur'] bulundu
✅ Genel Kondisyon formu iframe'i bulundu (index: 1)
🔍 Birim Çarpanı (#UnitMultipler) alanı disabled: true
✅ Birim Çarpanı alanının disabled olduğu doğrulandı
  And verify field "Birim Çarpanı" is disabled                                                   # stepDefs.GeneralConditionStepDefs.verifyFieldIsDisabled(java.lang.String)
🔍 Genel Kondisyon formu iframe'ini arıyoruz...
Toplam 2 iframe[title='Setur'] bulundu
✅ Genel Kondisyon formu iframe'i bulundu (index: 1)
🔍 Toplam 27 label bulundu, 'Kdv Dahil mi?' arıyoruz...
✅ 'Kdv Dahil mi?' için label bulundu: Kdv Dahil mi?*
🔍 Kdv Dahil mi? (#yes_IsVatInclude) label yıldız kontrolü:
   Label text: Kdv Dahil mi?*
   Label HTML snippet: Kdv Dahil mi?<span class="requiredIcon">*</span>
   Parent HTML snippet: 
<label class="col-xs-4 control-label" for="IsVatInclude" id="IsVatIncludeLblId">Kdv Dahil mi?<span class="requiredIcon">*</span></label>
<div class="input-group col-xs-8"><input data-val="true" data-...
   Has asterisk: true
✅ Kdv Dahil mi? alanının label'ında yıldız (*) olduğu doğrulandı
  And verify field "Kdv Dahil mi?" has required asterisk                                         # stepDefs.GeneralConditionStepDefs.verifyFieldHasRequiredAsterisk(java.lang.String)
🔍 Genel Kondisyon formu iframe'ini arıyoruz...
Toplam 2 iframe[title='Setur'] bulundu
✅ Genel Kondisyon formu iframe'i bulundu (index: 1)
🔍 Hesaplama Periyodu (#ContractRebatePeriodTypeId) label yıldız kontrolü:
   Label text: Hesaplama Periyodu*
   Label HTML snippet: Hesaplama Periyodu<span class="requiredIcon">*</span>
   Parent HTML snippet: 
<label class="col-xs-4 control-label" for="ContractRebatePeriodTypeId" id="ContractRebatePeriodTypeIdLblId">Hesaplama Periyodu<span class="requiredIcon">*</span></label>
<div class="input-group col-x...
   Has asterisk: true
✅ Hesaplama Periyodu alanının label'ında yıldız (*) olduğu doğrulandı
  And verify field "Hesaplama Periyodu" has required asterisk                                    # stepDefs.GeneralConditionStepDefs.verifyFieldHasRequiredAsterisk(java.lang.String)
🔍 Genel Kondisyon formu iframe'ini arıyoruz...
Toplam 2 iframe[title='Setur'] bulundu
✅ Genel Kondisyon formu iframe'i bulundu (index: 1)
🔍 Marka (#BrandIdArray) alanı optional: true
✅ Marka alanının optional olduğu doğrulandı
  And verify field "Marka" is optional                                                           # stepDefs.GeneralConditionStepDefs.verifyFieldIsOptional(java.lang.String)
🔍 Genel Kondisyon formu iframe'ini arıyoruz...
Toplam 2 iframe[title='Setur'] bulundu
✅ Genel Kondisyon formu iframe'i bulundu (index: 1)
🔍 Açıklama (#ContractRebateUpdateDescription) alanı optional: true
✅ Açıklama alanının optional olduğu doğrulandı
  And verify field "Açıklama" is optional                                                        # stepDefs.GeneralConditionStepDefs.verifyFieldIsOptional(java.lang.String)
🔍 Genel Kondisyon formu iframe'ini arıyoruz...
Toplam 2 iframe[title='Setur'] bulundu
✅ Genel Kondisyon formu iframe'i bulundu (index: 1)
🔍 Brüt Satın Alma Tipi (#ContractGrossPurchaseItemTypeId) alanı optional: true
✅ Brüt Satın Alma Tipi alanının optional olduğu doğrulandı
  And verify field "Brüt Satın Alma Tipi" is optional                                            # stepDefs.GeneralConditionStepDefs.verifyFieldIsOptional(java.lang.String)

@TEST7
Scenario: Verify field states for Rebate Target Purchase Bonus and Hesaplamasız # src/test/resources/generalConditionDefinition.feature:221
  Given navigate to login page                                                  # stepDefs.GlobalStepdefs.navigateToLoginPage()
  When login as special user "RETAIL_SPECIALIST" "rt2390RT!!"                   # stepDefs.LoginStepdefs.loginAsSpecialUser(java.lang.String,java.lang.String)
  And click login button                                                        # stepDefs.LoginStepdefs.clickLoginButton()
  Then verify successful login                                                  # stepDefs.WorkflowInboxStepdefs.verifySuccessfulLogin()
  And click supplier dropdown toggle                                            # stepDefs.WorkflowInboxStepdefs.clickSupplierDropdownToggle()
  When click contract definition link                                           # stepDefs.WorkflowInboxStepdefs.clickContractDefinitionLink()
  Then verify contract definition page is displayed                             # stepDefs.ContractDefinitionStepdefs.verifyContractDefinitionPageIsDisplayed()
✅ Sözleşme adı: FOS-2025-FCA olan sözleşme kontrol edildi
  Given click to sample contract "FOS-2025-FCA"                                 # stepDefs.GeneralConditionStepDefs.clickToSampleContract(java.lang.String)
✅ Arama butonuna tıklandı
  And click to search button on definition page                                 # stepDefs.GeneralConditionStepDefs.clickToSearchButton()
✅ İlk düzenleme butonuna tıklandı
  And click to first edit button on definition page                             # stepDefs.GeneralConditionStepDefs.clickToFirstEdit()
🔍 Tab yapısını kontrol ediyoruz...
Toplam 2 tab bulundu
  Tab 0: text='Genel Kondisyon', selected=false, class='k-item k-state-default k-tab-on-top k-first'
  Tab 1: text='Temsilci Kondisyon', selected=false, class='k-item k-state-default k-last'
🔍 'Genel Kondisyon' tab'ına tıklanıyor...
✅ 'Genel Kondisyon' tab'ına tıklandı
🔍 Butona tıklamadan önce 2 popup var
✅ Yeni genel kondisyon butonuna tıklandı
⚠️ Yeni popup açılmadı, popup sayısı: 3
✅ Yeni genel kondisyon butonuna tıklandı
  When click to new general condition button                                    # stepDefs.GeneralConditionStepDefs.clickToNewGeneralConditionButton()
🔍 Genel Kondisyon Tanımlama popup'ını kontrol ediyoruz...
Toplam 3 popup title bulundu
  Popup 0 title: 'Sözleşme Güncelleme'
  Popup 1 title: 'Genel Kondisyon Tanımlama'
  Popup 2 title: 'Setur'
✅ 'Genel Kondisyon Tanımlama' popup görüntülendi
✅ Yeni genel kondisyon formunun görüntülendiği doğrulandı
  Then verify new general condition form is displayed                           # stepDefs.GeneralConditionStepDefs.verifyNewGeneralConditionFormIsDisplayed()
🔍 Genel Kondisyon formu iframe'ini arıyoruz...
Toplam 2 iframe[title='Setur'] bulundu
✅ Genel Kondisyon formu iframe'i bulundu (index: 1)
✅ Kondisyon tipi seçildi: Rebate Target Purchase Bonus
✅ Kondisyon tipi seçildi: Rebate Target Purchase Bonus
  When select condition type "Rebate Target Purchase Bonus"                     # stepDefs.GeneralConditionStepDefs.selectConditionType(java.lang.String)
🔍 Genel Kondisyon formu iframe'ini arıyoruz...
Toplam 2 iframe[title='Setur'] bulundu
✅ Genel Kondisyon formu iframe'i bulundu (index: 1)
✅ Hesaplama tipi seçildi: Hesaplamasız
✅ Hesaplama tipi seçildi: Hesaplamasız
  And select calculation type "Hesaplamasız"                                    # stepDefs.GeneralConditionStepDefs.selectCalculationType(java.lang.String)
🔍 Genel Kondisyon formu iframe'ini arıyoruz...
Toplam 2 iframe[title='Setur'] bulundu
✅ Genel Kondisyon formu iframe'i bulundu (index: 1)
🔍 Kademeli mi? (#yes_IsGradual) radio group disabled: true (yes: true, no: true)
✅ Kademeli mi? alanının disabled olduğu doğrulandı
  Then verify field "Kademeli mi?" is disabled                                  # stepDefs.GeneralConditionStepDefs.verifyFieldIsDisabled(java.lang.String)
🔍 Genel Kondisyon formu iframe'ini arıyoruz...
Toplam 2 iframe[title='Setur'] bulundu
✅ Genel Kondisyon formu iframe'i bulundu (index: 1)
🔍 Hedef Ciro (#TargetRevenue) alanı disabled: true
✅ Hedef Ciro alanının disabled olduğu doğrulandı
  And verify field "Hedef Ciro" is disabled                                     # stepDefs.GeneralConditionStepDefs.verifyFieldIsDisabled(java.lang.String)
🔍 Genel Kondisyon formu iframe'ini arıyoruz...
Toplam 2 iframe[title='Setur'] bulundu
✅ Genel Kondisyon formu iframe'i bulundu (index: 1)
🔍 Oran (#RebateRatio) alanı disabled: true
✅ Oran alanının disabled olduğu doğrulandı
  And verify field "Oran" is disabled                                           # stepDefs.GeneralConditionStepDefs.verifyFieldIsDisabled(java.lang.String)
🔍 Genel Kondisyon formu iframe'ini arıyoruz...
Toplam 2 iframe[title='Setur'] bulundu
✅ Genel Kondisyon formu iframe'i bulundu (index: 1)
🔍 Temel Ölçü Birimi (#MainMeasureUnitId) alanı disabled: true
✅ Temel Ölçü Birimi alanının disabled olduğu doğrulandı
  And verify field "Temel Ölçü Birimi" is disabled                              # stepDefs.GeneralConditionStepDefs.verifyFieldIsDisabled(java.lang.String)
🔍 Genel Kondisyon formu iframe'ini arıyoruz...
Toplam 2 iframe[title='Setur'] bulundu
✅ Genel Kondisyon formu iframe'i bulundu (index: 1)
🔍 Hedef Miktar (#TargetUnit) alanı disabled: true
✅ Hedef Miktar alanının disabled olduğu doğrulandı
  And verify field "Hedef Miktar" is disabled                                   # stepDefs.GeneralConditionStepDefs.verifyFieldIsDisabled(java.lang.String)
🔍 Genel Kondisyon formu iframe'ini arıyoruz...
Toplam 2 iframe[title='Setur'] bulundu
✅ Genel Kondisyon formu iframe'i bulundu (index: 1)
🔍 Çarpan Var mı? (#yes_HasMultiplier) radio group disabled: true (yes: true, no: true)
✅ Çarpan Var mı? alanının disabled olduğu doğrulandı
  And verify field "Çarpan Var mı?" is disabled                                 # stepDefs.GeneralConditionStepDefs.verifyFieldIsDisabled(java.lang.String)
🔍 Genel Kondisyon formu iframe'ini arıyoruz...
Toplam 2 iframe[title='Setur'] bulundu
✅ Genel Kondisyon formu iframe'i bulundu (index: 1)
🔍 Birim Çarpanı (#UnitMultipler) alanı disabled: true
✅ Birim Çarpanı alanının disabled olduğu doğrulandı
  And verify field "Birim Çarpanı" is disabled                                  # stepDefs.GeneralConditionStepDefs.verifyFieldIsDisabled(java.lang.String)
🔍 Genel Kondisyon formu iframe'ini arıyoruz...
Toplam 2 iframe[title='Setur'] bulundu
✅ Genel Kondisyon formu iframe'i bulundu (index: 1)
🔍 Toplam 27 label bulundu, 'Kdv Dahil mi?' arıyoruz...
✅ 'Kdv Dahil mi?' için label bulundu: Kdv Dahil mi?*
🔍 Kdv Dahil mi? (#yes_IsVatInclude) label yıldız kontrolü:
   Label text: Kdv Dahil mi?*
   Label HTML snippet: Kdv Dahil mi?<span class="requiredIcon">*</span>
   Parent HTML snippet: 
<label class="col-xs-4 control-label" for="IsVatInclude" id="IsVatIncludeLblId">Kdv Dahil mi?<span class="requiredIcon">*</span></label>
<div class="input-group col-xs-8"><input data-val="true" data-...
   Has asterisk: true
✅ Kdv Dahil mi? alanının label'ında yıldız (*) olduğu doğrulandı
  And verify field "Kdv Dahil mi?" has required asterisk                        # stepDefs.GeneralConditionStepDefs.verifyFieldHasRequiredAsterisk(java.lang.String)
🔍 Genel Kondisyon formu iframe'ini arıyoruz...
Toplam 2 iframe[title='Setur'] bulundu
✅ Genel Kondisyon formu iframe'i bulundu (index: 1)
🔍 Hesaplama Periyodu (#ContractRebatePeriodTypeId) label yıldız kontrolü:
   Label text: Hesaplama Periyodu*
   Label HTML snippet: Hesaplama Periyodu<span class="requiredIcon">*</span>
   Parent HTML snippet: 
<label class="col-xs-4 control-label" for="ContractRebatePeriodTypeId" id="ContractRebatePeriodTypeIdLblId">Hesaplama Periyodu<span class="requiredIcon">*</span></label>
<div class="input-group col-x...
   Has asterisk: true
✅ Hesaplama Periyodu alanının label'ında yıldız (*) olduğu doğrulandı
  And verify field "Hesaplama Periyodu" has required asterisk                   # stepDefs.GeneralConditionStepDefs.verifyFieldHasRequiredAsterisk(java.lang.String)
🔍 Genel Kondisyon formu iframe'ini arıyoruz...
Toplam 2 iframe[title='Setur'] bulundu
✅ Genel Kondisyon formu iframe'i bulundu (index: 1)
🔍 Tutar (#RebateValue) alanı mandatory: true
✅ Tutar alanının mandatory olduğu doğrulandı
  And verify field "Tutar" is mandatory                                         # stepDefs.GeneralConditionStepDefs.verifyFieldIsMandatory(java.lang.String)
🔍 Genel Kondisyon formu iframe'ini arıyoruz...
Toplam 2 iframe[title='Setur'] bulundu
✅ Genel Kondisyon formu iframe'i bulundu (index: 1)
🔍 Marka (#BrandIdArray) alanı optional: true
✅ Marka alanının optional olduğu doğrulandı
  And verify field "Marka" is optional                                          # stepDefs.GeneralConditionStepDefs.verifyFieldIsOptional(java.lang.String)
🔍 Genel Kondisyon formu iframe'ini arıyoruz...
Toplam 2 iframe[title='Setur'] bulundu
✅ Genel Kondisyon formu iframe'i bulundu (index: 1)
🔍 Açıklama (#ContractRebateUpdateDescription) alanı optional: true
✅ Açıklama alanının optional olduğu doğrulandı
  And verify field "Açıklama" is optional                                       # stepDefs.GeneralConditionStepDefs.verifyFieldIsOptional(java.lang.String)
🔍 Genel Kondisyon formu iframe'ini arıyoruz...
Toplam 2 iframe[title='Setur'] bulundu
✅ Genel Kondisyon formu iframe'i bulundu (index: 1)
🔍 Brüt Satın Alma Tipi (#ContractGrossPurchaseItemTypeId) alanı optional: true
✅ Brüt Satın Alma Tipi alanının optional olduğu doğrulandı
  And verify field "Brüt Satın Alma Tipi" is optional                           # stepDefs.GeneralConditionStepDefs.verifyFieldIsOptional(java.lang.String)

@TEST8
Scenario: Verify field states for Rebate Purchase Bonus, Alım adeti and Kademeli mi Hayır # src/test/resources/generalConditionDefinition.feature:254
  Given navigate to login page                                                            # stepDefs.GlobalStepdefs.navigateToLoginPage()
  When login as special user "RETAIL_SPECIALIST" "rt2390RT!!"                             # stepDefs.LoginStepdefs.loginAsSpecialUser(java.lang.String,java.lang.String)
  And click login button                                                                  # stepDefs.LoginStepdefs.clickLoginButton()
  Then verify successful login                                                            # stepDefs.WorkflowInboxStepdefs.verifySuccessfulLogin()
  And click supplier dropdown toggle                                                      # stepDefs.WorkflowInboxStepdefs.clickSupplierDropdownToggle()
  When click contract definition link                                                     # stepDefs.WorkflowInboxStepdefs.clickContractDefinitionLink()
  Then verify contract definition page is displayed                                       # stepDefs.ContractDefinitionStepdefs.verifyContractDefinitionPageIsDisplayed()
✅ Sözleşme adı: FOS-2025-FCA olan sözleşme kontrol edildi
  Given click to sample contract "FOS-2025-FCA"                                           # stepDefs.GeneralConditionStepDefs.clickToSampleContract(java.lang.String)
✅ Arama butonuna tıklandı
  And click to search button on definition page                                           # stepDefs.GeneralConditionStepDefs.clickToSearchButton()
✅ İlk düzenleme butonuna tıklandı
  And click to first edit button on definition page                                       # stepDefs.GeneralConditionStepDefs.clickToFirstEdit()
🔍 Tab yapısını kontrol ediyoruz...
Toplam 2 tab bulundu
  Tab 0: text='Genel Kondisyon', selected=true, class='k-item k-state-default k-first k-tab-on-top k-state-active'
  Tab 1: text='Temsilci Kondisyon', selected=false, class='k-item k-state-default k-last'
🔍 'Genel Kondisyon' tab'ına tıklanıyor...
✅ 'Genel Kondisyon' tab'ına tıklandı
🔍 Butona tıklamadan önce 2 popup var
✅ Yeni genel kondisyon butonuna tıklandı
⚠️ Yeni popup açılmadı, popup sayısı: 3
✅ Yeni genel kondisyon butonuna tıklandı
  When click to new general condition button                                              # stepDefs.GeneralConditionStepDefs.clickToNewGeneralConditionButton()
🔍 Genel Kondisyon Tanımlama popup'ını kontrol ediyoruz...
Toplam 3 popup title bulundu
  Popup 0 title: 'Sözleşme Güncelleme'
  Popup 1 title: 'Genel Kondisyon Tanımlama'
  Popup 2 title: 'Setur'
✅ 'Genel Kondisyon Tanımlama' popup görüntülendi
✅ Yeni genel kondisyon formunun görüntülendiği doğrulandı
  Then verify new general condition form is displayed                                     # stepDefs.GeneralConditionStepDefs.verifyNewGeneralConditionFormIsDisplayed()
🔍 Genel Kondisyon formu iframe'ini arıyoruz...
Toplam 2 iframe[title='Setur'] bulundu
✅ Genel Kondisyon formu iframe'i bulundu (index: 1)
✅ Kondisyon tipi seçildi: Rebate Purchase Bonus
✅ Kondisyon tipi seçildi: Rebate Purchase Bonus
  When select condition type "Rebate Purchase Bonus"                                      # stepDefs.GeneralConditionStepDefs.selectConditionType(java.lang.String)
🔍 Genel Kondisyon formu iframe'ini arıyoruz...
Toplam 2 iframe[title='Setur'] bulundu
✅ Genel Kondisyon formu iframe'i bulundu (index: 1)
✅ Hesaplama tipi seçildi: Alım adeti
✅ Hesaplama tipi seçildi: Alım adeti
  And select calculation type "Alım adeti"                                                # stepDefs.GeneralConditionStepDefs.selectCalculationType(java.lang.String)
🔍 Genel Kondisyon formu iframe'ini arıyoruz...
Toplam 2 iframe[title='Setur'] bulundu
✅ Genel Kondisyon formu iframe'i bulundu (index: 1)
🔍 Kademeli mi? için 'Hayır' seçiliyor
✅ Kademeli mi? için 'Hayır' seçildi (ID: #no_IsGradual)
✅ Kademeli mi? alanı için 'Hayır' seçildi
  And select "Hayır" for field "Kademeli mi?"                                             # stepDefs.GeneralConditionStepDefs.selectRadioButtonForField(java.lang.String,java.lang.String)
🔍 Genel Kondisyon formu iframe'ini arıyoruz...
Toplam 2 iframe[title='Setur'] bulundu
✅ Genel Kondisyon formu iframe'i bulundu (index: 1)
🔍 Hedef Ciro (#TargetRevenue) alanı disabled: true
✅ Hedef Ciro alanının disabled olduğu doğrulandı
  Then verify field "Hedef Ciro" is disabled                                              # stepDefs.GeneralConditionStepDefs.verifyFieldIsDisabled(java.lang.String)
🔍 Genel Kondisyon formu iframe'ini arıyoruz...
Toplam 2 iframe[title='Setur'] bulundu
✅ Genel Kondisyon formu iframe'i bulundu (index: 1)
🔍 Hedef Miktar (#TargetUnit) alanı disabled: true
✅ Hedef Miktar alanının disabled olduğu doğrulandı
  And verify field "Hedef Miktar" is disabled                                             # stepDefs.GeneralConditionStepDefs.verifyFieldIsDisabled(java.lang.String)
🔍 Genel Kondisyon formu iframe'ini arıyoruz...
Toplam 2 iframe[title='Setur'] bulundu
✅ Genel Kondisyon formu iframe'i bulundu (index: 1)
🔍 Çarpan Var mı? için 'Evet' seçiliyor
✅ Çarpan Var mı? için 'Evet' seçildi (ID: #yes_HasMultiplier)
✅ Çarpan Var mı? alanı için 'Evet' seçildi
  And select "Evet" for field "Çarpan Var mı?"                                            # stepDefs.GeneralConditionStepDefs.selectRadioButtonForField(java.lang.String,java.lang.String)
🔍 Genel Kondisyon formu iframe'ini arıyoruz...
Toplam 2 iframe[title='Setur'] bulundu
✅ Genel Kondisyon formu iframe'i bulundu (index: 1)
🔍 Toplam 27 label bulundu, 'Kdv Dahil mi?' arıyoruz...
✅ 'Kdv Dahil mi?' için label bulundu: Kdv Dahil mi?*
🔍 Kdv Dahil mi? (#yes_IsVatInclude) label yıldız kontrolü:
   Label text: Kdv Dahil mi?*
   Label HTML snippet: Kdv Dahil mi?<span class="requiredIcon">*</span>
   Parent HTML snippet: 
<label class="col-xs-4 control-label" for="IsVatInclude" id="IsVatIncludeLblId">Kdv Dahil mi?<span class="requiredIcon">*</span></label>
<div class="input-group col-xs-8"><input data-val="true" data-...
   Has asterisk: true
✅ Kdv Dahil mi? alanının label'ında yıldız (*) olduğu doğrulandı
  And verify field "Kdv Dahil mi?" has required asterisk                                  # stepDefs.GeneralConditionStepDefs.verifyFieldHasRequiredAsterisk(java.lang.String)
🔍 Genel Kondisyon formu iframe'ini arıyoruz...
Toplam 2 iframe[title='Setur'] bulundu
✅ Genel Kondisyon formu iframe'i bulundu (index: 1)
🔍 Hesaplama Periyodu (#ContractRebatePeriodTypeId) label yıldız kontrolü:
   Label text: Hesaplama Periyodu*
   Label HTML snippet: Hesaplama Periyodu<span class="requiredIcon">*</span>
   Parent HTML snippet: 
<label class="col-xs-4 control-label" for="ContractRebatePeriodTypeId" id="ContractRebatePeriodTypeIdLblId">Hesaplama Periyodu<span class="requiredIcon">*</span></label>
<div class="input-group col-x...
   Has asterisk: true
✅ Hesaplama Periyodu alanının label'ında yıldız (*) olduğu doğrulandı
  And verify field "Hesaplama Periyodu" has required asterisk                             # stepDefs.GeneralConditionStepDefs.verifyFieldHasRequiredAsterisk(java.lang.String)
🔍 Genel Kondisyon formu iframe'ini arıyoruz...
Toplam 2 iframe[title='Setur'] bulundu
✅ Genel Kondisyon formu iframe'i bulundu (index: 1)
🔍 Birim Çarpanı (#UnitMultipler) label yıldız kontrolü:
   Label text: Birim Çarpanı
   Label HTML snippet: Birim Çarpanı
   Parent HTML snippet: 
<label class="col-xs-4 control-label" for="UnitMultipler" id="UnitMultiplerLblId">Birim Çarpanı</label>
<div class="input-group col-xs-8"><span class="k-widget k-numerictextbox" style="width: 100%;">...
   Has asterisk: true
✅ Birim Çarpanı alanının label'ında yıldız (*) olduğu doğrulandı
  And verify field "Birim Çarpanı" has required asterisk                                  # stepDefs.GeneralConditionStepDefs.verifyFieldHasRequiredAsterisk(java.lang.String)
🔍 Genel Kondisyon formu iframe'ini arıyoruz...
Toplam 2 iframe[title='Setur'] bulundu
✅ Genel Kondisyon formu iframe'i bulundu (index: 1)
🔍 Tutar (#RebateValue) alanı mandatory: true
✅ Tutar alanının mandatory olduğu doğrulandı
  And verify field "Tutar" is mandatory                                                   # stepDefs.GeneralConditionStepDefs.verifyFieldIsMandatory(java.lang.String)
🔍 Genel Kondisyon formu iframe'ini arıyoruz...
Toplam 2 iframe[title='Setur'] bulundu
✅ Genel Kondisyon formu iframe'i bulundu (index: 1)
🔍 Oran (#RebateRatio) alanı mandatory: true
✅ Oran alanının mandatory olduğu doğrulandı
  And verify field "Oran" is mandatory                                                    # stepDefs.GeneralConditionStepDefs.verifyFieldIsMandatory(java.lang.String)
🔍 Genel Kondisyon formu iframe'ini arıyoruz...
Toplam 2 iframe[title='Setur'] bulundu
✅ Genel Kondisyon formu iframe'i bulundu (index: 1)
🔍 Temel Ölçü Birimi (#MainMeasureUnitId) alanı optional: true
✅ Temel Ölçü Birimi alanının optional olduğu doğrulandı
  And verify field "Temel Ölçü Birimi" is optional                                        # stepDefs.GeneralConditionStepDefs.verifyFieldIsOptional(java.lang.String)
🔍 Genel Kondisyon formu iframe'ini arıyoruz...
Toplam 2 iframe[title='Setur'] bulundu
✅ Genel Kondisyon formu iframe'i bulundu (index: 1)
🔍 Marka (#BrandIdArray) alanı optional: true
✅ Marka alanının optional olduğu doğrulandı
  And verify field "Marka" is optional                                                    # stepDefs.GeneralConditionStepDefs.verifyFieldIsOptional(java.lang.String)
🔍 Genel Kondisyon formu iframe'ini arıyoruz...
Toplam 2 iframe[title='Setur'] bulundu
✅ Genel Kondisyon formu iframe'i bulundu (index: 1)
🔍 Açıklama (#ContractRebateUpdateDescription) alanı optional: true
✅ Açıklama alanının optional olduğu doğrulandı
  And verify field "Açıklama" is optional                                                 # stepDefs.GeneralConditionStepDefs.verifyFieldIsOptional(java.lang.String)
🔍 Genel Kondisyon formu iframe'ini arıyoruz...
Toplam 2 iframe[title='Setur'] bulundu
✅ Genel Kondisyon formu iframe'i bulundu (index: 1)
🔍 Brüt Satın Alma Tipi (#ContractGrossPurchaseItemTypeId) alanı optional: true
✅ Brüt Satın Alma Tipi alanının optional olduğu doğrulandı
  And verify field "Brüt Satın Alma Tipi" is optional                                     # stepDefs.GeneralConditionStepDefs.verifyFieldIsOptional(java.lang.String)
🔍 Genel Kondisyon formu iframe'ini arıyoruz...
Toplam 2 iframe[title='Setur'] bulundu
✅ Genel Kondisyon formu iframe'i bulundu (index: 1)
🔍 Tutar alanını dolduruluyor: 100
   Kendo widget set: true
✅ Tutar alanı dolduruldu: 100
✅ Tutar alanına '100' değeri girildi
  When fill field "Tutar" with "100"                                                      # stepDefs.GeneralConditionStepDefs.fillFieldWith(java.lang.String,java.lang.String)
🔍 Genel Kondisyon formu iframe'ini arıyoruz...
Toplam 2 iframe[title='Setur'] bulundu
✅ Genel Kondisyon formu iframe'i bulundu (index: 1)
🔍 Oran (#RebateRatio) alanı disabled: true
✅ Oran alanının disabled olduğu doğrulandı
  Then verify field "Oran" is disabled                                                    # stepDefs.GeneralConditionStepDefs.verifyFieldIsDisabled(java.lang.String)
🔍 Genel Kondisyon formu iframe'ini arıyoruz...
Toplam 2 iframe[title='Setur'] bulundu
✅ Genel Kondisyon formu iframe'i bulundu (index: 1)
🔍 Tutar alanı temizleniyor
   Kendo widget clear: true
✅ Tutar alanı temizlendi
✅ Tutar alanı temizlendi
  When clear field "Tutar"                                                                # stepDefs.GeneralConditionStepDefs.clearField(java.lang.String)
🔍 Genel Kondisyon formu iframe'ini arıyoruz...
Toplam 2 iframe[title='Setur'] bulundu
✅ Genel Kondisyon formu iframe'i bulundu (index: 1)
🔍 Oran (#RebateRatio) alanı disabled: false
✅ Oran alanının disabled olmadığı doğrulandı
  Then verify field "Oran" is not disabled                                                # stepDefs.GeneralConditionStepDefs.verifyFieldIsNotDisabled(java.lang.String)
🔍 Genel Kondisyon formu iframe'ini arıyoruz...
Toplam 2 iframe[title='Setur'] bulundu
✅ Genel Kondisyon formu iframe'i bulundu (index: 1)
🔍 Oran alanını dolduruluyor: 10
   Kendo widget set: true
✅ Oran alanı dolduruldu: 10
✅ Oran alanına '10' değeri girildi
  When fill field "Oran" with "10"                                                        # stepDefs.GeneralConditionStepDefs.fillFieldWith(java.lang.String,java.lang.String)
🔍 Genel Kondisyon formu iframe'ini arıyoruz...
Toplam 2 iframe[title='Setur'] bulundu
✅ Genel Kondisyon formu iframe'i bulundu (index: 1)
🔍 Tutar (#RebateValue) alanı disabled: true
✅ Tutar alanının disabled olduğu doğrulandı
  Then verify field "Tutar" is disabled                                                   # stepDefs.GeneralConditionStepDefs.verifyFieldIsDisabled(java.lang.String)

@TEST9
Scenario: Verify field states for Rebate Purchase Bonus, Alım adeti and Kademeli mi Evet # src/test/resources/generalConditionDefinition.feature:299
  Given navigate to login page                                                           # stepDefs.GlobalStepdefs.navigateToLoginPage()
  When login as special user "RETAIL_SPECIALIST" "rt2390RT!!"                            # stepDefs.LoginStepdefs.loginAsSpecialUser(java.lang.String,java.lang.String)
  And click login button                                                                 # stepDefs.LoginStepdefs.clickLoginButton()
  Then verify successful login                                                           # stepDefs.WorkflowInboxStepdefs.verifySuccessfulLogin()
  And click supplier dropdown toggle                                                     # stepDefs.WorkflowInboxStepdefs.clickSupplierDropdownToggle()
  When click contract definition link                                                    # stepDefs.WorkflowInboxStepdefs.clickContractDefinitionLink()
  Then verify contract definition page is displayed                                      # stepDefs.ContractDefinitionStepdefs.verifyContractDefinitionPageIsDisplayed()
✅ Sözleşme adı: FOS-2025-FCA olan sözleşme kontrol edildi
  Given click to sample contract "FOS-2025-FCA"                                          # stepDefs.GeneralConditionStepDefs.clickToSampleContract(java.lang.String)
✅ Arama butonuna tıklandı
  And click to search button on definition page                                          # stepDefs.GeneralConditionStepDefs.clickToSearchButton()
✅ İlk düzenleme butonuna tıklandı
  And click to first edit button on definition page                                      # stepDefs.GeneralConditionStepDefs.clickToFirstEdit()
🔍 Tab yapısını kontrol ediyoruz...
Toplam 2 tab bulundu
  Tab 0: text='Genel Kondisyon', selected=true, class='k-item k-state-default k-first k-tab-on-top k-state-active'
  Tab 1: text='Temsilci Kondisyon', selected=false, class='k-item k-state-default k-last'
🔍 'Genel Kondisyon' tab'ına tıklanıyor...
✅ 'Genel Kondisyon' tab'ına tıklandı
🔍 Butona tıklamadan önce 2 popup var
✅ Yeni genel kondisyon butonuna tıklandı
⚠️ Yeni popup açılmadı, popup sayısı: 3
✅ Yeni genel kondisyon butonuna tıklandı
  When click to new general condition button                                             # stepDefs.GeneralConditionStepDefs.clickToNewGeneralConditionButton()
🔍 Genel Kondisyon Tanımlama popup'ını kontrol ediyoruz...
Toplam 3 popup title bulundu
  Popup 0 title: 'Sözleşme Güncelleme'
  Popup 1 title: 'Genel Kondisyon Tanımlama'
  Popup 2 title: 'Setur'
✅ 'Genel Kondisyon Tanımlama' popup görüntülendi
✅ Yeni genel kondisyon formunun görüntülendiği doğrulandı
  Then verify new general condition form is displayed                                    # stepDefs.GeneralConditionStepDefs.verifyNewGeneralConditionFormIsDisplayed()
🔍 Genel Kondisyon formu iframe'ini arıyoruz...
Toplam 2 iframe[title='Setur'] bulundu
✅ Genel Kondisyon formu iframe'i bulundu (index: 1)
✅ Kondisyon tipi seçildi: Rebate Purchase Bonus
✅ Kondisyon tipi seçildi: Rebate Purchase Bonus
  When select condition type "Rebate Purchase Bonus"                                     # stepDefs.GeneralConditionStepDefs.selectConditionType(java.lang.String)
🔍 Genel Kondisyon formu iframe'ini arıyoruz...
Toplam 2 iframe[title='Setur'] bulundu
✅ Genel Kondisyon formu iframe'i bulundu (index: 1)
✅ Hesaplama tipi seçildi: Alım adeti
✅ Hesaplama tipi seçildi: Alım adeti
  And select calculation type "Alım adeti"                                               # stepDefs.GeneralConditionStepDefs.selectCalculationType(java.lang.String)
🔍 Genel Kondisyon formu iframe'ini arıyoruz...
Toplam 2 iframe[title='Setur'] bulundu
✅ Genel Kondisyon formu iframe'i bulundu (index: 1)
🔍 Kademeli mi? için 'Evet' seçiliyor
✅ Kademeli mi? için 'Evet' seçildi (ID: #yes_IsGradual)
✅ Kademeli mi? alanı için 'Evet' seçildi
  And select "Evet" for field "Kademeli mi?"                                             # stepDefs.GeneralConditionStepDefs.selectRadioButtonForField(java.lang.String,java.lang.String)
🔍 Genel Kondisyon formu iframe'ini arıyoruz...
Toplam 2 iframe[title='Setur'] bulundu
✅ Genel Kondisyon formu iframe'i bulundu (index: 1)
🔍 Hedef Ciro (#TargetRevenue) alanı disabled: true
✅ Hedef Ciro alanının disabled olduğu doğrulandı
  Then verify field "Hedef Ciro" is disabled                                             # stepDefs.GeneralConditionStepDefs.verifyFieldIsDisabled(java.lang.String)
🔍 Genel Kondisyon formu iframe'ini arıyoruz...
Toplam 2 iframe[title='Setur'] bulundu
✅ Genel Kondisyon formu iframe'i bulundu (index: 1)
🔍 Tutar (#RebateValue) alanı disabled: true
✅ Tutar alanının disabled olduğu doğrulandı
  And verify field "Tutar" is disabled                                                   # stepDefs.GeneralConditionStepDefs.verifyFieldIsDisabled(java.lang.String)
🔍 Genel Kondisyon formu iframe'ini arıyoruz...
Toplam 2 iframe[title='Setur'] bulundu
✅ Genel Kondisyon formu iframe'i bulundu (index: 1)
🔍 Oran (#RebateRatio) alanı disabled: true
✅ Oran alanının disabled olduğu doğrulandı
  And verify field "Oran" is disabled                                                    # stepDefs.GeneralConditionStepDefs.verifyFieldIsDisabled(java.lang.String)
🔍 Genel Kondisyon formu iframe'ini arıyoruz...
Toplam 2 iframe[title='Setur'] bulundu
✅ Genel Kondisyon formu iframe'i bulundu (index: 1)
🔍 Temel Ölçü Birimi (#MainMeasureUnitId) alanı disabled: true
✅ Temel Ölçü Birimi alanının disabled olduğu doğrulandı
  And verify field "Temel Ölçü Birimi" is disabled                                       # stepDefs.GeneralConditionStepDefs.verifyFieldIsDisabled(java.lang.String)
🔍 Genel Kondisyon formu iframe'ini arıyoruz...
Toplam 2 iframe[title='Setur'] bulundu
✅ Genel Kondisyon formu iframe'i bulundu (index: 1)
🔍 Hedef Miktar (#TargetUnit) alanı disabled: true
✅ Hedef Miktar alanının disabled olduğu doğrulandı
  And verify field "Hedef Miktar" is disabled                                            # stepDefs.GeneralConditionStepDefs.verifyFieldIsDisabled(java.lang.String)
🔍 Genel Kondisyon formu iframe'ini arıyoruz...
Toplam 2 iframe[title='Setur'] bulundu
✅ Genel Kondisyon formu iframe'i bulundu (index: 1)
🔍 Çarpan Var mı? (#yes_HasMultiplier) radio group disabled: true (yes: true, no: true)
✅ Çarpan Var mı? alanının disabled olduğu doğrulandı
  And verify field "Çarpan Var mı?" is disabled                                          # stepDefs.GeneralConditionStepDefs.verifyFieldIsDisabled(java.lang.String)
🔍 Genel Kondisyon formu iframe'ini arıyoruz...
Toplam 2 iframe[title='Setur'] bulundu
✅ Genel Kondisyon formu iframe'i bulundu (index: 1)
🔍 Birim Çarpanı (#UnitMultipler) alanı disabled: true
✅ Birim Çarpanı alanının disabled olduğu doğrulandı
  And verify field "Birim Çarpanı" is disabled                                           # stepDefs.GeneralConditionStepDefs.verifyFieldIsDisabled(java.lang.String)
🔍 Genel Kondisyon formu iframe'ini arıyoruz...
Toplam 2 iframe[title='Setur'] bulundu
✅ Genel Kondisyon formu iframe'i bulundu (index: 1)
🔍 Toplam 27 label bulundu, 'Kdv Dahil mi?' arıyoruz...
✅ 'Kdv Dahil mi?' için label bulundu: Kdv Dahil mi?*
🔍 Kdv Dahil mi? (#yes_IsVatInclude) label yıldız kontrolü:
   Label text: Kdv Dahil mi?*
   Label HTML snippet: Kdv Dahil mi?<span class="requiredIcon">*</span>
   Parent HTML snippet: 
<label class="col-xs-4 control-label" for="IsVatInclude" id="IsVatIncludeLblId">Kdv Dahil mi?<span class="requiredIcon">*</span></label>
<div class="input-group col-xs-8"><input data-val="true" data-...
   Has asterisk: true
✅ Kdv Dahil mi? alanının label'ında yıldız (*) olduğu doğrulandı
  And verify field "Kdv Dahil mi?" has required asterisk                                 # stepDefs.GeneralConditionStepDefs.verifyFieldHasRequiredAsterisk(java.lang.String)
🔍 Genel Kondisyon formu iframe'ini arıyoruz...
Toplam 2 iframe[title='Setur'] bulundu
✅ Genel Kondisyon formu iframe'i bulundu (index: 1)
🔍 Hesaplama Periyodu (#ContractRebatePeriodTypeId) label yıldız kontrolü:
   Label text: Hesaplama Periyodu*
   Label HTML snippet: Hesaplama Periyodu<span class="requiredIcon">*</span>
   Parent HTML snippet: 
<label class="col-xs-4 control-label" for="ContractRebatePeriodTypeId" id="ContractRebatePeriodTypeIdLblId">Hesaplama Periyodu<span class="requiredIcon">*</span></label>
<div class="input-group col-x...
   Has asterisk: true
✅ Hesaplama Periyodu alanının label'ında yıldız (*) olduğu doğrulandı
  And verify field "Hesaplama Periyodu" has required asterisk                            # stepDefs.GeneralConditionStepDefs.verifyFieldHasRequiredAsterisk(java.lang.String)
🔍 Genel Kondisyon formu iframe'ini arıyoruz...
Toplam 2 iframe[title='Setur'] bulundu
✅ Genel Kondisyon formu iframe'i bulundu (index: 1)
🔍 Marka (#BrandIdArray) alanı optional: true
✅ Marka alanının optional olduğu doğrulandı
  And verify field "Marka" is optional                                                   # stepDefs.GeneralConditionStepDefs.verifyFieldIsOptional(java.lang.String)
🔍 Genel Kondisyon formu iframe'ini arıyoruz...
Toplam 2 iframe[title='Setur'] bulundu
✅ Genel Kondisyon formu iframe'i bulundu (index: 1)
🔍 Açıklama (#ContractRebateUpdateDescription) alanı optional: true
✅ Açıklama alanının optional olduğu doğrulandı
  And verify field "Açıklama" is optional                                                # stepDefs.GeneralConditionStepDefs.verifyFieldIsOptional(java.lang.String)
🔍 Genel Kondisyon formu iframe'ini arıyoruz...
Toplam 2 iframe[title='Setur'] bulundu
✅ Genel Kondisyon formu iframe'i bulundu (index: 1)
🔍 Brüt Satın Alma Tipi (#ContractGrossPurchaseItemTypeId) alanı optional: true
✅ Brüt Satın Alma Tipi alanının optional olduğu doğrulandı
  And verify field "Brüt Satın Alma Tipi" is optional                                    # stepDefs.GeneralConditionStepDefs.verifyFieldIsOptional(java.lang.String)

@TEST10
Scenario: Verify field states for Rebate Purchase Bonus, Alım Tutarı and Kademeli mi Hayır # src/test/resources/generalConditionDefinition.feature:330
  Given navigate to login page                                                             # stepDefs.GlobalStepdefs.navigateToLoginPage()
  When login as special user "RETAIL_SPECIALIST" "rt2390RT!!"                              # stepDefs.LoginStepdefs.loginAsSpecialUser(java.lang.String,java.lang.String)
  And click login button                                                                   # stepDefs.LoginStepdefs.clickLoginButton()
  Then verify successful login                                                             # stepDefs.WorkflowInboxStepdefs.verifySuccessfulLogin()
  And click supplier dropdown toggle                                                       # stepDefs.WorkflowInboxStepdefs.clickSupplierDropdownToggle()
  When click contract definition link                                                      # stepDefs.WorkflowInboxStepdefs.clickContractDefinitionLink()
  Then verify contract definition page is displayed                                        # stepDefs.ContractDefinitionStepdefs.verifyContractDefinitionPageIsDisplayed()
✅ Sözleşme adı: FOS-2025-FCA olan sözleşme kontrol edildi
  Given click to sample contract "FOS-2025-FCA"                                            # stepDefs.GeneralConditionStepDefs.clickToSampleContract(java.lang.String)
✅ Arama butonuna tıklandı
  And click to search button on definition page                                            # stepDefs.GeneralConditionStepDefs.clickToSearchButton()
✅ İlk düzenleme butonuna tıklandı
  And click to first edit button on definition page                                        # stepDefs.GeneralConditionStepDefs.clickToFirstEdit()
🔍 Tab yapısını kontrol ediyoruz...
Toplam 2 tab bulundu
  Tab 0: text='Genel Kondisyon', selected=true, class='k-item k-state-default k-first k-tab-on-top k-state-active'
  Tab 1: text='Temsilci Kondisyon', selected=false, class='k-item k-state-default k-last'
🔍 'Genel Kondisyon' tab'ına tıklanıyor...
✅ 'Genel Kondisyon' tab'ına tıklandı
🔍 Butona tıklamadan önce 2 popup var
✅ Yeni genel kondisyon butonuna tıklandı
⚠️ Yeni popup açılmadı, popup sayısı: 3
✅ Yeni genel kondisyon butonuna tıklandı
  When click to new general condition button                                               # stepDefs.GeneralConditionStepDefs.clickToNewGeneralConditionButton()
🔍 Genel Kondisyon Tanımlama popup'ını kontrol ediyoruz...
Toplam 3 popup title bulundu
  Popup 0 title: 'Sözleşme Güncelleme'
  Popup 1 title: 'Genel Kondisyon Tanımlama'
  Popup 2 title: 'Setur'
✅ 'Genel Kondisyon Tanımlama' popup görüntülendi
✅ Yeni genel kondisyon formunun görüntülendiği doğrulandı
  Then verify new general condition form is displayed                                      # stepDefs.GeneralConditionStepDefs.verifyNewGeneralConditionFormIsDisplayed()
🔍 Genel Kondisyon formu iframe'ini arıyoruz...
Toplam 2 iframe[title='Setur'] bulundu
✅ Genel Kondisyon formu iframe'i bulundu (index: 1)
✅ Kondisyon tipi seçildi: Rebate Purchase Bonus
✅ Kondisyon tipi seçildi: Rebate Purchase Bonus
  When select condition type "Rebate Purchase Bonus"                                       # stepDefs.GeneralConditionStepDefs.selectConditionType(java.lang.String)
🔍 Genel Kondisyon formu iframe'ini arıyoruz...
Toplam 2 iframe[title='Setur'] bulundu
✅ Genel Kondisyon formu iframe'i bulundu (index: 1)
✅ Hesaplama tipi seçildi: Alım Tutarı
✅ Hesaplama tipi seçildi: Alım Tutarı
  And select calculation type "Alım Tutarı"                                                # stepDefs.GeneralConditionStepDefs.selectCalculationType(java.lang.String)
🔍 Genel Kondisyon formu iframe'ini arıyoruz...
Toplam 2 iframe[title='Setur'] bulundu
✅ Genel Kondisyon formu iframe'i bulundu (index: 1)
🔍 Kademeli mi? için 'Hayır' seçiliyor
✅ Kademeli mi? için 'Hayır' seçildi (ID: #no_IsGradual)
✅ Kademeli mi? alanı için 'Hayır' seçildi
  And select "Hayır" for field "Kademeli mi?"                                              # stepDefs.GeneralConditionStepDefs.selectRadioButtonForField(java.lang.String,java.lang.String)
🔍 Genel Kondisyon formu iframe'ini arıyoruz...
Toplam 2 iframe[title='Setur'] bulundu
✅ Genel Kondisyon formu iframe'i bulundu (index: 1)
🔍 Hedef Ciro (#TargetRevenue) alanı disabled: true
✅ Hedef Ciro alanının disabled olduğu doğrulandı
  Then verify field "Hedef Ciro" is disabled                                               # stepDefs.GeneralConditionStepDefs.verifyFieldIsDisabled(java.lang.String)
🔍 Genel Kondisyon formu iframe'ini arıyoruz...
Toplam 2 iframe[title='Setur'] bulundu
✅ Genel Kondisyon formu iframe'i bulundu (index: 1)
🔍 Hedef Miktar (#TargetUnit) alanı disabled: true
✅ Hedef Miktar alanının disabled olduğu doğrulandı
  And verify field "Hedef Miktar" is disabled                                              # stepDefs.GeneralConditionStepDefs.verifyFieldIsDisabled(java.lang.String)
🔍 Genel Kondisyon formu iframe'ini arıyoruz...
Toplam 2 iframe[title='Setur'] bulundu
✅ Genel Kondisyon formu iframe'i bulundu (index: 1)
🔍 Çarpan Var mı? (#yes_HasMultiplier) radio group disabled: true (yes: true, no: true)
✅ Çarpan Var mı? alanının disabled olduğu doğrulandı
  And verify field "Çarpan Var mı?" is disabled                                            # stepDefs.GeneralConditionStepDefs.verifyFieldIsDisabled(java.lang.String)
🔍 Genel Kondisyon formu iframe'ini arıyoruz...
Toplam 2 iframe[title='Setur'] bulundu
✅ Genel Kondisyon formu iframe'i bulundu (index: 1)
🔍 Birim Çarpanı (#UnitMultipler) alanı disabled: true
✅ Birim Çarpanı alanının disabled olduğu doğrulandı
  And verify field "Birim Çarpanı" is disabled                                             # stepDefs.GeneralConditionStepDefs.verifyFieldIsDisabled(java.lang.String)
🔍 Genel Kondisyon formu iframe'ini arıyoruz...
Toplam 2 iframe[title='Setur'] bulundu
✅ Genel Kondisyon formu iframe'i bulundu (index: 1)
🔍 Toplam 27 label bulundu, 'Kdv Dahil mi?' arıyoruz...
✅ 'Kdv Dahil mi?' için label bulundu: Kdv Dahil mi?*
🔍 Kdv Dahil mi? (#yes_IsVatInclude) label yıldız kontrolü:
   Label text: Kdv Dahil mi?*
   Label HTML snippet: Kdv Dahil mi?<span class="requiredIcon">*</span>
   Parent HTML snippet: 
<label class="col-xs-4 control-label" for="IsVatInclude" id="IsVatIncludeLblId">Kdv Dahil mi?<span class="requiredIcon">*</span></label>
<div class="input-group col-xs-8"><input data-val="true" data-...
   Has asterisk: true
✅ Kdv Dahil mi? alanının label'ında yıldız (*) olduğu doğrulandı
  And verify field "Kdv Dahil mi?" has required asterisk                                   # stepDefs.GeneralConditionStepDefs.verifyFieldHasRequiredAsterisk(java.lang.String)
🔍 Genel Kondisyon formu iframe'ini arıyoruz...
Toplam 2 iframe[title='Setur'] bulundu
✅ Genel Kondisyon formu iframe'i bulundu (index: 1)
🔍 Hesaplama Periyodu (#ContractRebatePeriodTypeId) label yıldız kontrolü:
   Label text: Hesaplama Periyodu*
   Label HTML snippet: Hesaplama Periyodu<span class="requiredIcon">*</span>
   Parent HTML snippet: 
<label class="col-xs-4 control-label" for="ContractRebatePeriodTypeId" id="ContractRebatePeriodTypeIdLblId">Hesaplama Periyodu<span class="requiredIcon">*</span></label>
<div class="input-group col-x...
   Has asterisk: true
✅ Hesaplama Periyodu alanının label'ında yıldız (*) olduğu doğrulandı
  And verify field "Hesaplama Periyodu" has required asterisk                              # stepDefs.GeneralConditionStepDefs.verifyFieldHasRequiredAsterisk(java.lang.String)
🔍 Genel Kondisyon formu iframe'ini arıyoruz...
Toplam 2 iframe[title='Setur'] bulundu
✅ Genel Kondisyon formu iframe'i bulundu (index: 1)
🔍 Tutar (#RebateValue) alanı mandatory: true
✅ Tutar alanının mandatory olduğu doğrulandı
  And verify field "Tutar" is mandatory                                                    # stepDefs.GeneralConditionStepDefs.verifyFieldIsMandatory(java.lang.String)
🔍 Genel Kondisyon formu iframe'ini arıyoruz...
Toplam 2 iframe[title='Setur'] bulundu
✅ Genel Kondisyon formu iframe'i bulundu (index: 1)
🔍 Oran (#RebateRatio) alanı mandatory: true
✅ Oran alanının mandatory olduğu doğrulandı
  And verify field "Oran" is mandatory                                                     # stepDefs.GeneralConditionStepDefs.verifyFieldIsMandatory(java.lang.String)
🔍 Genel Kondisyon formu iframe'ini arıyoruz...
Toplam 2 iframe[title='Setur'] bulundu
✅ Genel Kondisyon formu iframe'i bulundu (index: 1)
🔍 Temel Ölçü Birimi (#MainMeasureUnitId) alanı optional: false
  And verify field "Temel Ölçü Birimi" is optional                                         # stepDefs.GeneralConditionStepDefs.verifyFieldIsOptional(java.lang.String)
      org.opentest4j.AssertionFailedError: Temel Ölçü Birimi alanı optional olmalı ama değil! ==> expected: <true> but was: <false>
      	at org.junit.jupiter.api.AssertionFailureBuilder.build(AssertionFailureBuilder.java:158)
      	at org.junit.jupiter.api.AssertionFailureBuilder.buildAndThrow(AssertionFailureBuilder.java:139)
      	at org.junit.jupiter.api.AssertTrue.failNotTrue(AssertTrue.java:69)
      	at org.junit.jupiter.api.AssertTrue.assertTrue(AssertTrue.java:41)
      	at org.junit.jupiter.api.Assertions.assertTrue(Assertions.java:228)
      	at stepDefs.GeneralConditionStepDefs.verifyFieldIsOptional(GeneralConditionStepDefs.java:99)
      	at ✽.verify field "Temel Ölçü Birimi" is optional(file:///Users/gini/VSCodeProjects/RetailTRUI/src/test/resources/generalConditionDefinition.feature:357)
  And verify field "Marka" is optional                                                     # stepDefs.GeneralConditionStepDefs.verifyFieldIsOptional(java.lang.String)
  And verify field "Açıklama" is optional                                                  # stepDefs.GeneralConditionStepDefs.verifyFieldIsOptional(java.lang.String)
  And verify field "Brüt Satın Alma Tipi" is optional                                      # stepDefs.GeneralConditionStepDefs.verifyFieldIsOptional(java.lang.String)
  When fill field "Tutar" with "100"                                                       # stepDefs.GeneralConditionStepDefs.fillFieldWith(java.lang.String,java.lang.String)
  Then verify field "Oran" is disabled                                                     # stepDefs.GeneralConditionStepDefs.verifyFieldIsDisabled(java.lang.String)
  When clear field "Tutar"                                                                 # stepDefs.GeneralConditionStepDefs.clearField(java.lang.String)
  Then verify field "Oran" is not disabled                                                 # stepDefs.GeneralConditionStepDefs.verifyFieldIsNotDisabled(java.lang.String)
  When fill field "Oran" with "10"                                                         # stepDefs.GeneralConditionStepDefs.fillFieldWith(java.lang.String,java.lang.String)
  Then verify field "Tutar" is disabled                                                    # stepDefs.GeneralConditionStepDefs.verifyFieldIsDisabled(java.lang.String)

@TEST11
Scenario: Verify field states for Rebate Purchase Bonus, Alım Tutarı and Kademeli mi Evet # src/test/resources/generalConditionDefinition.feature:373
  Given navigate to login page                                                            # stepDefs.GlobalStepdefs.navigateToLoginPage()
  When login as special user "RETAIL_SPECIALIST" "rt2390RT!!"                             # stepDefs.LoginStepdefs.loginAsSpecialUser(java.lang.String,java.lang.String)
  And click login button                                                                  # stepDefs.LoginStepdefs.clickLoginButton()
  Then verify successful login                                                            # stepDefs.WorkflowInboxStepdefs.verifySuccessfulLogin()
  And click supplier dropdown toggle                                                      # stepDefs.WorkflowInboxStepdefs.clickSupplierDropdownToggle()
  When click contract definition link                                                     # stepDefs.WorkflowInboxStepdefs.clickContractDefinitionLink()
  Then verify contract definition page is displayed                                       # stepDefs.ContractDefinitionStepdefs.verifyContractDefinitionPageIsDisplayed()
✅ Sözleşme adı: FOS-2025-FCA olan sözleşme kontrol edildi
  Given click to sample contract "FOS-2025-FCA"                                           # stepDefs.GeneralConditionStepDefs.clickToSampleContract(java.lang.String)
✅ Arama butonuna tıklandı
  And click to search button on definition page                                           # stepDefs.GeneralConditionStepDefs.clickToSearchButton()
✅ İlk düzenleme butonuna tıklandı
  And click to first edit button on definition page                                       # stepDefs.GeneralConditionStepDefs.clickToFirstEdit()
🔍 Tab yapısını kontrol ediyoruz...
Toplam 2 tab bulundu
  Tab 0: text='Genel Kondisyon', selected=false, class='k-item k-state-default k-tab-on-top k-first'
  Tab 1: text='Temsilci Kondisyon', selected=false, class='k-item k-state-default k-last'
🔍 'Genel Kondisyon' tab'ına tıklanıyor...
✅ 'Genel Kondisyon' tab'ına tıklandı
🔍 Butona tıklamadan önce 2 popup var
✅ Yeni genel kondisyon butonuna tıklandı
⚠️ Yeni popup açılmadı, popup sayısı: 3
✅ Yeni genel kondisyon butonuna tıklandı
  When click to new general condition button                                              # stepDefs.GeneralConditionStepDefs.clickToNewGeneralConditionButton()
🔍 Genel Kondisyon Tanımlama popup'ını kontrol ediyoruz...
Toplam 3 popup title bulundu
  Popup 0 title: 'Sözleşme Güncelleme'
  Popup 1 title: 'Genel Kondisyon Tanımlama'
  Popup 2 title: 'Setur'
✅ 'Genel Kondisyon Tanımlama' popup görüntülendi
✅ Yeni genel kondisyon formunun görüntülendiği doğrulandı
  Then verify new general condition form is displayed                                     # stepDefs.GeneralConditionStepDefs.verifyNewGeneralConditionFormIsDisplayed()
🔍 Genel Kondisyon formu iframe'ini arıyoruz...
Toplam 2 iframe[title='Setur'] bulundu
✅ Genel Kondisyon formu iframe'i bulundu (index: 1)
✅ Kondisyon tipi seçildi: Rebate Purchase Bonus
✅ Kondisyon tipi seçildi: Rebate Purchase Bonus
  When select condition type "Rebate Purchase Bonus"                                      # stepDefs.GeneralConditionStepDefs.selectConditionType(java.lang.String)
🔍 Genel Kondisyon formu iframe'ini arıyoruz...
Toplam 2 iframe[title='Setur'] bulundu
✅ Genel Kondisyon formu iframe'i bulundu (index: 1)
✅ Hesaplama tipi seçildi: Alım Tutarı
✅ Hesaplama tipi seçildi: Alım Tutarı
  And select calculation type "Alım Tutarı"                                               # stepDefs.GeneralConditionStepDefs.selectCalculationType(java.lang.String)
🔍 Genel Kondisyon formu iframe'ini arıyoruz...
Toplam 2 iframe[title='Setur'] bulundu
✅ Genel Kondisyon formu iframe'i bulundu (index: 1)
🔍 Kademeli mi? için 'Evet' seçiliyor
✅ Kademeli mi? için 'Evet' seçildi (ID: #yes_IsGradual)
✅ Kademeli mi? alanı için 'Evet' seçildi
  And select "Evet" for field "Kademeli mi?"                                              # stepDefs.GeneralConditionStepDefs.selectRadioButtonForField(java.lang.String,java.lang.String)
🔍 Genel Kondisyon formu iframe'ini arıyoruz...
Toplam 2 iframe[title='Setur'] bulundu
✅ Genel Kondisyon formu iframe'i bulundu (index: 1)
🔍 Hedef Ciro (#TargetRevenue) alanı disabled: true
✅ Hedef Ciro alanının disabled olduğu doğrulandı
  Then verify field "Hedef Ciro" is disabled                                              # stepDefs.GeneralConditionStepDefs.verifyFieldIsDisabled(java.lang.String)
🔍 Genel Kondisyon formu iframe'ini arıyoruz...
Toplam 2 iframe[title='Setur'] bulundu
✅ Genel Kondisyon formu iframe'i bulundu (index: 1)
🔍 Tutar (#RebateValue) alanı disabled: true
✅ Tutar alanının disabled olduğu doğrulandı
  And verify field "Tutar" is disabled                                                    # stepDefs.GeneralConditionStepDefs.verifyFieldIsDisabled(java.lang.String)
🔍 Genel Kondisyon formu iframe'ini arıyoruz...
Toplam 2 iframe[title='Setur'] bulundu
✅ Genel Kondisyon formu iframe'i bulundu (index: 1)
🔍 Oran (#RebateRatio) alanı disabled: true
✅ Oran alanının disabled olduğu doğrulandı
  And verify field "Oran" is disabled                                                     # stepDefs.GeneralConditionStepDefs.verifyFieldIsDisabled(java.lang.String)
🔍 Genel Kondisyon formu iframe'ini arıyoruz...
Toplam 2 iframe[title='Setur'] bulundu
✅ Genel Kondisyon formu iframe'i bulundu (index: 1)
🔍 Temel Ölçü Birimi (#MainMeasureUnitId) alanı disabled: true
✅ Temel Ölçü Birimi alanının disabled olduğu doğrulandı
  And verify field "Temel Ölçü Birimi" is disabled                                        # stepDefs.GeneralConditionStepDefs.verifyFieldIsDisabled(java.lang.String)
🔍 Genel Kondisyon formu iframe'ini arıyoruz...
Toplam 2 iframe[title='Setur'] bulundu
✅ Genel Kondisyon formu iframe'i bulundu (index: 1)
🔍 Hedef Miktar (#TargetUnit) alanı disabled: true
✅ Hedef Miktar alanının disabled olduğu doğrulandı
  And verify field "Hedef Miktar" is disabled                                             # stepDefs.GeneralConditionStepDefs.verifyFieldIsDisabled(java.lang.String)
🔍 Genel Kondisyon formu iframe'ini arıyoruz...
Toplam 2 iframe[title='Setur'] bulundu
✅ Genel Kondisyon formu iframe'i bulundu (index: 1)
🔍 Çarpan Var mı? (#yes_HasMultiplier) radio group disabled: true (yes: true, no: true)
✅ Çarpan Var mı? alanının disabled olduğu doğrulandı
  And verify field "Çarpan Var mı?" is disabled                                           # stepDefs.GeneralConditionStepDefs.verifyFieldIsDisabled(java.lang.String)
🔍 Genel Kondisyon formu iframe'ini arıyoruz...
Toplam 2 iframe[title='Setur'] bulundu
✅ Genel Kondisyon formu iframe'i bulundu (index: 1)
🔍 Birim Çarpanı (#UnitMultipler) alanı disabled: true
✅ Birim Çarpanı alanının disabled olduğu doğrulandı
  And verify field "Birim Çarpanı" is disabled                                            # stepDefs.GeneralConditionStepDefs.verifyFieldIsDisabled(java.lang.String)
🔍 Genel Kondisyon formu iframe'ini arıyoruz...
Toplam 2 iframe[title='Setur'] bulundu
✅ Genel Kondisyon formu iframe'i bulundu (index: 1)
🔍 Toplam 27 label bulundu, 'Kdv Dahil mi?' arıyoruz...
✅ 'Kdv Dahil mi?' için label bulundu: Kdv Dahil mi?*
🔍 Kdv Dahil mi? (#yes_IsVatInclude) label yıldız kontrolü:
   Label text: Kdv Dahil mi?*
   Label HTML snippet: Kdv Dahil mi?<span class="requiredIcon">*</span>
   Parent HTML snippet: 
<label class="col-xs-4 control-label" for="IsVatInclude" id="IsVatIncludeLblId">Kdv Dahil mi?<span class="requiredIcon">*</span></label>
<div class="input-group col-xs-8"><input data-val="true" data-...
   Has asterisk: true
✅ Kdv Dahil mi? alanının label'ında yıldız (*) olduğu doğrulandı
  And verify field "Kdv Dahil mi?" has required asterisk                                  # stepDefs.GeneralConditionStepDefs.verifyFieldHasRequiredAsterisk(java.lang.String)
🔍 Genel Kondisyon formu iframe'ini arıyoruz...
Toplam 2 iframe[title='Setur'] bulundu
✅ Genel Kondisyon formu iframe'i bulundu (index: 1)
🔍 Hesaplama Periyodu (#ContractRebatePeriodTypeId) label yıldız kontrolü:
   Label text: Hesaplama Periyodu*
   Label HTML snippet: Hesaplama Periyodu<span class="requiredIcon">*</span>
   Parent HTML snippet: 
<label class="col-xs-4 control-label" for="ContractRebatePeriodTypeId" id="ContractRebatePeriodTypeIdLblId">Hesaplama Periyodu<span class="requiredIcon">*</span></label>
<div class="input-group col-x...
   Has asterisk: true
✅ Hesaplama Periyodu alanının label'ında yıldız (*) olduğu doğrulandı
  And verify field "Hesaplama Periyodu" has required asterisk                             # stepDefs.GeneralConditionStepDefs.verifyFieldHasRequiredAsterisk(java.lang.String)
🔍 Genel Kondisyon formu iframe'ini arıyoruz...
Toplam 2 iframe[title='Setur'] bulundu
✅ Genel Kondisyon formu iframe'i bulundu (index: 1)
🔍 Marka (#BrandIdArray) alanı optional: true
✅ Marka alanının optional olduğu doğrulandı
  And verify field "Marka" is optional                                                    # stepDefs.GeneralConditionStepDefs.verifyFieldIsOptional(java.lang.String)
🔍 Genel Kondisyon formu iframe'ini arıyoruz...
Toplam 2 iframe[title='Setur'] bulundu
✅ Genel Kondisyon formu iframe'i bulundu (index: 1)
🔍 Açıklama (#ContractRebateUpdateDescription) alanı optional: true
✅ Açıklama alanının optional olduğu doğrulandı
  And verify field "Açıklama" is optional                                                 # stepDefs.GeneralConditionStepDefs.verifyFieldIsOptional(java.lang.String)
🔍 Genel Kondisyon formu iframe'ini arıyoruz...
Toplam 2 iframe[title='Setur'] bulundu
✅ Genel Kondisyon formu iframe'i bulundu (index: 1)
🔍 Brüt Satın Alma Tipi (#ContractGrossPurchaseItemTypeId) alanı optional: true
✅ Brüt Satın Alma Tipi alanının optional olduğu doğrulandı
  And verify field "Brüt Satın Alma Tipi" is optional                                     # stepDefs.GeneralConditionStepDefs.verifyFieldIsOptional(java.lang.String)

@TEST12
Scenario: Verify field states for Rebate Purchase Bonus and Hesaplamasız # src/test/resources/generalConditionDefinition.feature:404
  Given navigate to login page                                           # stepDefs.GlobalStepdefs.navigateToLoginPage()
  When login as special user "RETAIL_SPECIALIST" "rt2390RT!!"            # stepDefs.LoginStepdefs.loginAsSpecialUser(java.lang.String,java.lang.String)
  And click login button                                                 # stepDefs.LoginStepdefs.clickLoginButton()
  Then verify successful login                                           # stepDefs.WorkflowInboxStepdefs.verifySuccessfulLogin()
  And click supplier dropdown toggle                                     # stepDefs.WorkflowInboxStepdefs.clickSupplierDropdownToggle()
  When click contract definition link                                    # stepDefs.WorkflowInboxStepdefs.clickContractDefinitionLink()
  Then verify contract definition page is displayed                      # stepDefs.ContractDefinitionStepdefs.verifyContractDefinitionPageIsDisplayed()
✅ Sözleşme adı: FOS-2025-FCA olan sözleşme kontrol edildi
  Given click to sample contract "FOS-2025-FCA"                          # stepDefs.GeneralConditionStepDefs.clickToSampleContract(java.lang.String)
✅ Arama butonuna tıklandı
  And click to search button on definition page                          # stepDefs.GeneralConditionStepDefs.clickToSearchButton()
✅ İlk düzenleme butonuna tıklandı
  And click to first edit button on definition page                      # stepDefs.GeneralConditionStepDefs.clickToFirstEdit()
🔍 Tab yapısını kontrol ediyoruz...
Toplam 2 tab bulundu
  Tab 0: text='Genel Kondisyon', selected=false, class='k-item k-state-default k-tab-on-top k-first'
  Tab 1: text='Temsilci Kondisyon', selected=false, class='k-item k-state-default k-last'
🔍 'Genel Kondisyon' tab'ına tıklanıyor...
✅ 'Genel Kondisyon' tab'ına tıklandı
🔍 Butona tıklamadan önce 2 popup var
✅ Yeni genel kondisyon butonuna tıklandı
⚠️ Yeni popup açılmadı, popup sayısı: 2
✅ Yeni genel kondisyon butonuna tıklandı
  When click to new general condition button                             # stepDefs.GeneralConditionStepDefs.clickToNewGeneralConditionButton()
🔍 Genel Kondisyon Tanımlama popup'ını kontrol ediyoruz...
Toplam 2 popup title bulundu
  Popup 0 title: 'Sözleşme Güncelleme'
  Popup 1 title: 'Setur'
⚠️ 'Genel Kondisyon Tanımlama' title'ı bulunamadı ama devam ediliyor...
✅ Yeni genel kondisyon formunun görüntülendiği doğrulandı
  Then verify new general condition form is displayed                    # stepDefs.GeneralConditionStepDefs.verifyNewGeneralConditionFormIsDisplayed()
🔍 Genel Kondisyon formu iframe'ini arıyoruz...
Toplam 1 iframe[title='Setur'] bulundu
❌ Genel Kondisyon formu iframe'i bulunamadı: Hiçbir iframe'de #ContractRebateTypeId bulunamadı
  When select condition type "Rebate Purchase Bonus"                     # stepDefs.GeneralConditionStepDefs.selectConditionType(java.lang.String)
      java.lang.RuntimeException: Genel Kondisyon formu iframe'i bulunamadı
      	at pages.SupplierPages.GeneralConditionPage.getGeneralConditionFrame(GeneralConditionPage.java:652)
      	at pages.SupplierPages.GeneralConditionPage.selectConditionType(GeneralConditionPage.java:63)
      	at stepDefs.GeneralConditionStepDefs.selectConditionType(GeneralConditionStepDefs.java:73)
      	at ✽.select condition type "Rebate Purchase Bonus"(file:///Users/gini/VSCodeProjects/RetailTRUI/src/test/resources/generalConditionDefinition.feature:412)
      Caused by: java.lang.Exception: Hiçbir iframe'de #ContractRebateTypeId bulunamadı
      	at pages.SupplierPages.GeneralConditionPage.getGeneralConditionFrame(GeneralConditionPage.java:648)
      	... 3 more
  And select calculation type "Hesaplamasız"                             # stepDefs.GeneralConditionStepDefs.selectCalculationType(java.lang.String)
  Then verify field "Kademeli mi?" is disabled                           # stepDefs.GeneralConditionStepDefs.verifyFieldIsDisabled(java.lang.String)
  And verify field "Hedef Ciro" is disabled                              # stepDefs.GeneralConditionStepDefs.verifyFieldIsDisabled(java.lang.String)
  And verify field "Oran" is disabled                                    # stepDefs.GeneralConditionStepDefs.verifyFieldIsDisabled(java.lang.String)
  And verify field "Temel Ölçü Birimi" is disabled                       # stepDefs.GeneralConditionStepDefs.verifyFieldIsDisabled(java.lang.String)
  And verify field "Hedef Miktar" is disabled                            # stepDefs.GeneralConditionStepDefs.verifyFieldIsDisabled(java.lang.String)
  And verify field "Çarpan Var mı?" is disabled                          # stepDefs.GeneralConditionStepDefs.verifyFieldIsDisabled(java.lang.String)
  And verify field "Birim Çarpanı" is disabled                           # stepDefs.GeneralConditionStepDefs.verifyFieldIsDisabled(java.lang.String)
  And verify field "Kdv Dahil mi?" has required asterisk                 # stepDefs.GeneralConditionStepDefs.verifyFieldHasRequiredAsterisk(java.lang.String)
  And verify field "Hesaplama Periyodu" has required asterisk            # stepDefs.GeneralConditionStepDefs.verifyFieldHasRequiredAsterisk(java.lang.String)
  And verify field "Tutar" is mandatory                                  # stepDefs.GeneralConditionStepDefs.verifyFieldIsMandatory(java.lang.String)
  And verify field "Marka" is optional                                   # stepDefs.GeneralConditionStepDefs.verifyFieldIsOptional(java.lang.String)
  And verify field "Açıklama" is optional                                # stepDefs.GeneralConditionStepDefs.verifyFieldIsOptional(java.lang.String)
  And verify field "Brüt Satın Alma Tipi" is optional                    # stepDefs.GeneralConditionStepDefs.verifyFieldIsOptional(java.lang.String)

@TEST13
Scenario: Verify field states for Rebate Target Sales Bonus, Satış Adeti and Kademeli mi Hayır # src/test/resources/generalConditionDefinition.feature:441
  Given navigate to login page                                                                 # stepDefs.GlobalStepdefs.navigateToLoginPage()
  When login as special user "RETAIL_SPECIALIST" "rt2390RT!!"                                  # stepDefs.LoginStepdefs.loginAsSpecialUser(java.lang.String,java.lang.String)
  And click login button                                                                       # stepDefs.LoginStepdefs.clickLoginButton()
  Then verify successful login                                                                 # stepDefs.WorkflowInboxStepdefs.verifySuccessfulLogin()
  And click supplier dropdown toggle                                                           # stepDefs.WorkflowInboxStepdefs.clickSupplierDropdownToggle()
  When click contract definition link                                                          # stepDefs.WorkflowInboxStepdefs.clickContractDefinitionLink()
  Then verify contract definition page is displayed                                            # stepDefs.ContractDefinitionStepdefs.verifyContractDefinitionPageIsDisplayed()
✅ Sözleşme adı: FOS-2025-FCA olan sözleşme kontrol edildi
  Given click to sample contract "FOS-2025-FCA"                                                # stepDefs.GeneralConditionStepDefs.clickToSampleContract(java.lang.String)
✅ Arama butonuna tıklandı
  And click to search button on definition page                                                # stepDefs.GeneralConditionStepDefs.clickToSearchButton()
✅ İlk düzenleme butonuna tıklandı
  And click to first edit button on definition page                                            # stepDefs.GeneralConditionStepDefs.clickToFirstEdit()
🔍 Tab yapısını kontrol ediyoruz...
Toplam 2 tab bulundu
  Tab 0: text='Genel Kondisyon', selected=false, class='k-item k-state-default k-tab-on-top k-first'
  Tab 1: text='Temsilci Kondisyon', selected=false, class='k-item k-state-default k-last'
🔍 'Genel Kondisyon' tab'ına tıklanıyor...
✅ 'Genel Kondisyon' tab'ına tıklandı
🔍 Butona tıklamadan önce 2 popup var
✅ Yeni genel kondisyon butonuna tıklandı
⚠️ Yeni popup açılmadı, popup sayısı: 2
✅ Yeni genel kondisyon butonuna tıklandı
  When click to new general condition button                                                   # stepDefs.GeneralConditionStepDefs.clickToNewGeneralConditionButton()
🔍 Genel Kondisyon Tanımlama popup'ını kontrol ediyoruz...
Toplam 2 popup title bulundu
  Popup 0 title: 'Sözleşme Güncelleme'
  Popup 1 title: 'Setur'
⚠️ 'Genel Kondisyon Tanımlama' title'ı bulunamadı ama devam ediliyor...
✅ Yeni genel kondisyon formunun görüntülendiği doğrulandı
  Then verify new general condition form is displayed                                          # stepDefs.GeneralConditionStepDefs.verifyNewGeneralConditionFormIsDisplayed()
🔍 Genel Kondisyon formu iframe'ini arıyoruz...
Toplam 1 iframe[title='Setur'] bulundu
❌ Genel Kondisyon formu iframe'i bulunamadı: Hiçbir iframe'de #ContractRebateTypeId bulunamadı
  When select condition type "Rebate Target Sales Bonus"                                       # stepDefs.GeneralConditionStepDefs.selectConditionType(java.lang.String)
      java.lang.RuntimeException: Genel Kondisyon formu iframe'i bulunamadı
      	at pages.SupplierPages.GeneralConditionPage.getGeneralConditionFrame(GeneralConditionPage.java:652)
      	at pages.SupplierPages.GeneralConditionPage.selectConditionType(GeneralConditionPage.java:63)
      	at stepDefs.GeneralConditionStepDefs.selectConditionType(GeneralConditionStepDefs.java:73)
      	at ✽.select condition type "Rebate Target Sales Bonus"(file:///Users/gini/VSCodeProjects/RetailTRUI/src/test/resources/generalConditionDefinition.feature:449)
      Caused by: java.lang.Exception: Hiçbir iframe'de #ContractRebateTypeId bulunamadı
      	at pages.SupplierPages.GeneralConditionPage.getGeneralConditionFrame(GeneralConditionPage.java:648)
      	... 3 more
  And select calculation type "Satış Adeti"                                                    # stepDefs.GeneralConditionStepDefs.selectCalculationType(java.lang.String)
  And select "Hayır" for field "Kademeli mi?"                                                  # stepDefs.GeneralConditionStepDefs.selectRadioButtonForField(java.lang.String,java.lang.String)
  Then verify field "Hedef Ciro" is disabled                                                   # stepDefs.GeneralConditionStepDefs.verifyFieldIsDisabled(java.lang.String)
  And select "Evet" for field "Çarpan Var mı?"                                                 # stepDefs.GeneralConditionStepDefs.selectRadioButtonForField(java.lang.String,java.lang.String)
  And verify field "Kdv Dahil mi?" has required asterisk                                       # stepDefs.GeneralConditionStepDefs.verifyFieldHasRequiredAsterisk(java.lang.String)
  And verify field "Hesaplama Periyodu" has required asterisk                                  # stepDefs.GeneralConditionStepDefs.verifyFieldHasRequiredAsterisk(java.lang.String)
  And verify field "Hedef Miktar" has required asterisk                                        # stepDefs.GeneralConditionStepDefs.verifyFieldHasRequiredAsterisk(java.lang.String)
  And verify field "Birim Çarpanı" has required asterisk                                       # stepDefs.GeneralConditionStepDefs.verifyFieldHasRequiredAsterisk(java.lang.String)
  And verify field "Tutar" is mandatory                                                        # stepDefs.GeneralConditionStepDefs.verifyFieldIsMandatory(java.lang.String)
  And verify field "Oran" is mandatory                                                         # stepDefs.GeneralConditionStepDefs.verifyFieldIsMandatory(java.lang.String)
  And verify field "Temel Ölçü Birimi" is optional                                             # stepDefs.GeneralConditionStepDefs.verifyFieldIsOptional(java.lang.String)
  And verify field "Marka" is optional                                                         # stepDefs.GeneralConditionStepDefs.verifyFieldIsOptional(java.lang.String)
  And verify field "Açıklama" is optional                                                      # stepDefs.GeneralConditionStepDefs.verifyFieldIsOptional(java.lang.String)
  When fill field "Tutar" with "100"                                                           # stepDefs.GeneralConditionStepDefs.fillFieldWith(java.lang.String,java.lang.String)
  Then verify field "Oran" is disabled                                                         # stepDefs.GeneralConditionStepDefs.verifyFieldIsDisabled(java.lang.String)
  When clear field "Tutar"                                                                     # stepDefs.GeneralConditionStepDefs.clearField(java.lang.String)
  Then verify field "Oran" is not disabled                                                     # stepDefs.GeneralConditionStepDefs.verifyFieldIsNotDisabled(java.lang.String)
  When fill field "Oran" with "10"                                                             # stepDefs.GeneralConditionStepDefs.fillFieldWith(java.lang.String,java.lang.String)
  Then verify field "Tutar" is disabled                                                        # stepDefs.GeneralConditionStepDefs.verifyFieldIsDisabled(java.lang.String)

@TEST14
Scenario: Verify field states for Rebate Target Sales Bonus, Satış Adeti and Kademeli mi Evet # src/test/resources/generalConditionDefinition.feature:485
  Given navigate to login page                                                                # stepDefs.GlobalStepdefs.navigateToLoginPage()
  When login as special user "RETAIL_SPECIALIST" "rt2390RT!!"                                 # stepDefs.LoginStepdefs.loginAsSpecialUser(java.lang.String,java.lang.String)
  And click login button                                                                      # stepDefs.LoginStepdefs.clickLoginButton()
  Then verify successful login                                                                # stepDefs.WorkflowInboxStepdefs.verifySuccessfulLogin()
  And click supplier dropdown toggle                                                          # stepDefs.WorkflowInboxStepdefs.clickSupplierDropdownToggle()
  When click contract definition link                                                         # stepDefs.WorkflowInboxStepdefs.clickContractDefinitionLink()
  Then verify contract definition page is displayed                                           # stepDefs.ContractDefinitionStepdefs.verifyContractDefinitionPageIsDisplayed()
✅ Sözleşme adı: FOS-2025-FCA olan sözleşme kontrol edildi
  Given click to sample contract "FOS-2025-FCA"                                               # stepDefs.GeneralConditionStepDefs.clickToSampleContract(java.lang.String)
✅ Arama butonuna tıklandı
  And click to search button on definition page                                               # stepDefs.GeneralConditionStepDefs.clickToSearchButton()
✅ İlk düzenleme butonuna tıklandı
  And click to first edit button on definition page                                           # stepDefs.GeneralConditionStepDefs.clickToFirstEdit()
🔍 Tab yapısını kontrol ediyoruz...
Toplam 2 tab bulundu
  Tab 0: text='Genel Kondisyon', selected=true, class='k-item k-state-default k-first k-tab-on-top k-state-active'
  Tab 1: text='Temsilci Kondisyon', selected=false, class='k-item k-state-default k-last'
🔍 'Genel Kondisyon' tab'ına tıklanıyor...
✅ 'Genel Kondisyon' tab'ına tıklandı
🔍 Butona tıklamadan önce 2 popup var
✅ Yeni genel kondisyon butonuna tıklandı
⚠️ Yeni popup açılmadı, popup sayısı: 3
✅ Yeni genel kondisyon butonuna tıklandı
  When click to new general condition button                                                  # stepDefs.GeneralConditionStepDefs.clickToNewGeneralConditionButton()
🔍 Genel Kondisyon Tanımlama popup'ını kontrol ediyoruz...
Toplam 3 popup title bulundu
  Popup 0 title: 'Sözleşme Güncelleme'
  Popup 1 title: 'Genel Kondisyon Tanımlama'
  Popup 2 title: 'Setur'
✅ 'Genel Kondisyon Tanımlama' popup görüntülendi
✅ Yeni genel kondisyon formunun görüntülendiği doğrulandı
  Then verify new general condition form is displayed                                         # stepDefs.GeneralConditionStepDefs.verifyNewGeneralConditionFormIsDisplayed()
🔍 Genel Kondisyon formu iframe'ini arıyoruz...
Toplam 2 iframe[title='Setur'] bulundu
✅ Genel Kondisyon formu iframe'i bulundu (index: 1)
✅ Kondisyon tipi seçildi: Rebate Target Sales Bonus
✅ Kondisyon tipi seçildi: Rebate Target Sales Bonus
  When select condition type "Rebate Target Sales Bonus"                                      # stepDefs.GeneralConditionStepDefs.selectConditionType(java.lang.String)
🔍 Genel Kondisyon formu iframe'ini arıyoruz...
Toplam 2 iframe[title='Setur'] bulundu
✅ Genel Kondisyon formu iframe'i bulundu (index: 1)
✅ Hesaplama tipi seçildi: Satış Adeti
✅ Hesaplama tipi seçildi: Satış Adeti
  And select calculation type "Satış Adeti"                                                   # stepDefs.GeneralConditionStepDefs.selectCalculationType(java.lang.String)
🔍 Genel Kondisyon formu iframe'ini arıyoruz...
Toplam 2 iframe[title='Setur'] bulundu
✅ Genel Kondisyon formu iframe'i bulundu (index: 1)
🔍 Kademeli mi? için 'Evet' seçiliyor
✅ Kademeli mi? için 'Evet' seçildi (ID: #yes_IsGradual)
✅ Kademeli mi? alanı için 'Evet' seçildi
  And select "Evet" for field "Kademeli mi?"                                                  # stepDefs.GeneralConditionStepDefs.selectRadioButtonForField(java.lang.String,java.lang.String)
🔍 Genel Kondisyon formu iframe'ini arıyoruz...
Toplam 2 iframe[title='Setur'] bulundu
✅ Genel Kondisyon formu iframe'i bulundu (index: 1)
🔍 Hedef Ciro (#TargetRevenue) alanı disabled: true
✅ Hedef Ciro alanının disabled olduğu doğrulandı
  Then verify field "Hedef Ciro" is disabled                                                  # stepDefs.GeneralConditionStepDefs.verifyFieldIsDisabled(java.lang.String)
🔍 Genel Kondisyon formu iframe'ini arıyoruz...
Toplam 2 iframe[title='Setur'] bulundu
✅ Genel Kondisyon formu iframe'i bulundu (index: 1)
🔍 Tutar (#RebateValue) alanı disabled: false
  And verify field "Tutar" is disabled                                                        # stepDefs.GeneralConditionStepDefs.verifyFieldIsDisabled(java.lang.String)
      org.opentest4j.AssertionFailedError: Tutar alanı disabled olmalı ama değil! ==> expected: <true> but was: <false>
      	at org.junit.jupiter.api.AssertionFailureBuilder.build(AssertionFailureBuilder.java:158)
      	at org.junit.jupiter.api.AssertionFailureBuilder.buildAndThrow(AssertionFailureBuilder.java:139)
      	at org.junit.jupiter.api.AssertTrue.failNotTrue(AssertTrue.java:69)
      	at org.junit.jupiter.api.AssertTrue.assertTrue(AssertTrue.java:41)
      	at org.junit.jupiter.api.Assertions.assertTrue(Assertions.java:228)
      	at stepDefs.GeneralConditionStepDefs.verifyFieldIsDisabled(GeneralConditionStepDefs.java:92)
      	at ✽.verify field "Tutar" is disabled(file:///Users/gini/VSCodeProjects/RetailTRUI/src/test/resources/generalConditionDefinition.feature:499)
  And verify field "Oran" is disabled                                                         # stepDefs.GeneralConditionStepDefs.verifyFieldIsDisabled(java.lang.String)
  And verify field "Temel Ölçü Birimi" is disabled                                            # stepDefs.GeneralConditionStepDefs.verifyFieldIsDisabled(java.lang.String)
  And verify field "Hedef Miktar" is disabled                                                 # stepDefs.GeneralConditionStepDefs.verifyFieldIsDisabled(java.lang.String)
  And verify field "Çarpan Var mı?" is disabled                                               # stepDefs.GeneralConditionStepDefs.verifyFieldIsDisabled(java.lang.String)
  And verify field "Birim Çarpanı" is disabled                                                # stepDefs.GeneralConditionStepDefs.verifyFieldIsDisabled(java.lang.String)
  And verify field "Kdv Dahil mi?" has required asterisk                                      # stepDefs.GeneralConditionStepDefs.verifyFieldHasRequiredAsterisk(java.lang.String)
  And verify field "Hesaplama Periyodu" has required asterisk                                 # stepDefs.GeneralConditionStepDefs.verifyFieldHasRequiredAsterisk(java.lang.String)
  And verify field "Marka" is optional                                                        # stepDefs.GeneralConditionStepDefs.verifyFieldIsOptional(java.lang.String)
  And verify field "Açıklama" is optional                                                     # stepDefs.GeneralConditionStepDefs.verifyFieldIsOptional(java.lang.String)

@TEST15
Scenario: Verify field states for Rebate Target Sales Bonus, Satış Cirosu and Kademeli mi Hayır # src/test/resources/generalConditionDefinition.feature:515
  Given navigate to login page                                                                  # stepDefs.GlobalStepdefs.navigateToLoginPage()
  When login as special user "RETAIL_SPECIALIST" "rt2390RT!!"                                   # stepDefs.LoginStepdefs.loginAsSpecialUser(java.lang.String,java.lang.String)
  And click login button                                                                        # stepDefs.LoginStepdefs.clickLoginButton()
  Then verify successful login                                                                  # stepDefs.WorkflowInboxStepdefs.verifySuccessfulLogin()
  And click supplier dropdown toggle                                                            # stepDefs.WorkflowInboxStepdefs.clickSupplierDropdownToggle()
  When click contract definition link                                                           # stepDefs.WorkflowInboxStepdefs.clickContractDefinitionLink()
  Then verify contract definition page is displayed                                             # stepDefs.ContractDefinitionStepdefs.verifyContractDefinitionPageIsDisplayed()
✅ Sözleşme adı: FOS-2025-FCA olan sözleşme kontrol edildi
  Given click to sample contract "FOS-2025-FCA"                                                 # stepDefs.GeneralConditionStepDefs.clickToSampleContract(java.lang.String)
✅ Arama butonuna tıklandı
  And click to search button on definition page                                                 # stepDefs.GeneralConditionStepDefs.clickToSearchButton()
✅ İlk düzenleme butonuna tıklandı
  And click to first edit button on definition page                                             # stepDefs.GeneralConditionStepDefs.clickToFirstEdit()
🔍 Tab yapısını kontrol ediyoruz...
Toplam 2 tab bulundu
  Tab 0: text='Genel Kondisyon', selected=false, class='k-item k-state-default k-tab-on-top k-first'
  Tab 1: text='Temsilci Kondisyon', selected=false, class='k-item k-state-default k-last'
🔍 'Genel Kondisyon' tab'ına tıklanıyor...
✅ 'Genel Kondisyon' tab'ına tıklandı
🔍 Butona tıklamadan önce 2 popup var
✅ Yeni genel kondisyon butonuna tıklandı
⚠️ Yeni popup açılmadı, popup sayısı: 3
✅ Yeni genel kondisyon butonuna tıklandı
  When click to new general condition button                                                    # stepDefs.GeneralConditionStepDefs.clickToNewGeneralConditionButton()
🔍 Genel Kondisyon Tanımlama popup'ını kontrol ediyoruz...
Toplam 3 popup title bulundu
  Popup 0 title: 'Sözleşme Güncelleme'
  Popup 1 title: 'Genel Kondisyon Tanımlama'
  Popup 2 title: 'Setur'
✅ 'Genel Kondisyon Tanımlama' popup görüntülendi
✅ Yeni genel kondisyon formunun görüntülendiği doğrulandı
  Then verify new general condition form is displayed                                           # stepDefs.GeneralConditionStepDefs.verifyNewGeneralConditionFormIsDisplayed()
🔍 Genel Kondisyon formu iframe'ini arıyoruz...
Toplam 2 iframe[title='Setur'] bulundu
✅ Genel Kondisyon formu iframe'i bulundu (index: 1)
✅ Kondisyon tipi seçildi: Rebate Target Sales Bonus
✅ Kondisyon tipi seçildi: Rebate Target Sales Bonus
  When select condition type "Rebate Target Sales Bonus"                                        # stepDefs.GeneralConditionStepDefs.selectConditionType(java.lang.String)
🔍 Genel Kondisyon formu iframe'ini arıyoruz...
Toplam 2 iframe[title='Setur'] bulundu
✅ Genel Kondisyon formu iframe'i bulundu (index: 1)
  And select calculation type "Satış Cirosu"                                                    # stepDefs.GeneralConditionStepDefs.selectCalculationType(java.lang.String)
      com.microsoft.playwright.TimeoutError: Error {
        message='Timeout 30000ms exceeded.
        name='TimeoutError
        stack='TimeoutError: Timeout 30000ms exceeded.
          at ProgressController.run (/private/var/folders/w6/jrpp_53910n8k63fqkg0h6v80000gn/T/playwright-java-1379698826482987660/package/lib/server/progress.js:75:26)
          at Frame.click (/private/var/folders/w6/jrpp_53910n8k63fqkg0h6v80000gn/T/playwright-java-1379698826482987660/package/lib/server/frames.js:1022:23)
          at FrameDispatcher.click (/private/var/folders/w6/jrpp_53910n8k63fqkg0h6v80000gn/T/playwright-java-1379698826482987660/package/lib/server/dispatchers/frameDispatcher.js:157:30)
          at FrameDispatcher._handleCommand (/private/var/folders/w6/jrpp_53910n8k63fqkg0h6v80000gn/T/playwright-java-1379698826482987660/package/lib/server/dispatchers/dispatcher.js:96:40)
          at DispatcherConnection.dispatch (/private/var/folders/w6/jrpp_53910n8k63fqkg0h6v80000gn/T/playwright-java-1379698826482987660/package/lib/server/dispatchers/dispatcher.js:366:39)
      }
      Call log:
      -   - waiting for locator("iframe[title='Setur']").nth(1).contentFrame().locator("#ReckoningSourceId_listbox").locator("li").filter(new Locator.FilterOptions().setHasText("Satış Cirosu")).first()
      -     - locator resolved to <li tabindex="-1" role="option" class="k-item" unselectable="on">Satış Cirosu</li>
      -   - attempting click action
      -     2 × waiting for element to be visible, enabled and stable
      -       - element is not visible
      -     - retrying click action
      -     - waiting 20ms
      -     2 × waiting for element to be visible, enabled and stable
      -       - element is not visible
      -     - retrying click action
      -       - waiting 100ms
      -     13 × waiting for element to be visible, enabled and stable
      -        - element is not visible
      -      - retrying click action
      -        - waiting 500ms
      -     - waiting for element to be visible, enabled and stable
      -   - element was detached from the DOM, retrying
      -     - locator resolved to <li tabindex="-1" role="option" class="k-item" unselectable="on">Satış Cirosu</li>
      -   - attempting click action
      -     2 × waiting for element to be visible, enabled and stable
      -       - element is not visible
      -     - retrying click action
      -     - waiting 20ms
      -     2 × waiting for element to be visible, enabled and stable
      -       - element is not visible
      -     - retrying click action
      -       - waiting 100ms
      -     44 × waiting for element to be visible, enabled and stable
      -        - element is not visible
      -      - retrying click action
      -        - waiting 500ms
      
      	at com.microsoft.playwright.impl.WaitableResult.get(WaitableResult.java:52)
      	at com.microsoft.playwright.impl.ChannelOwner.runUntil(ChannelOwner.java:132)
      	at com.microsoft.playwright.impl.Connection.sendMessage(Connection.java:130)
      	at com.microsoft.playwright.impl.ChannelOwner.sendMessage(ChannelOwner.java:118)
      	at com.microsoft.playwright.impl.FrameImpl.clickImpl(FrameImpl.java:252)
      	at com.microsoft.playwright.impl.FrameImpl.lambda$click$8(FrameImpl.java:243)
      	at com.microsoft.playwright.impl.LoggingSupport.lambda$withLogging$0(LoggingSupport.java:36)
      	at com.microsoft.playwright.impl.LoggingSupport.withLogging(LoggingSupport.java:47)
      	at com.microsoft.playwright.impl.ChannelOwner.withLogging(ChannelOwner.java:97)
      	at com.microsoft.playwright.impl.LoggingSupport.withLogging(LoggingSupport.java:35)
      	at com.microsoft.playwright.impl.FrameImpl.click(FrameImpl.java:243)
      	at com.microsoft.playwright.impl.LocatorImpl.click(LocatorImpl.java:174)
      	at com.microsoft.playwright.Locator.click(Locator.java:2508)
      	at pages.SupplierPages.GeneralConditionPage.selectCalculationType(GeneralConditionPage.java:124)
      	at stepDefs.GeneralConditionStepDefs.selectCalculationType(GeneralConditionStepDefs.java:85)
      	at ✽.select calculation type "Satış Cirosu"(file:///Users/gini/VSCodeProjects/RetailTRUI/src/test/resources/generalConditionDefinition.feature:524)
      Caused by: com.microsoft.playwright.TimeoutError: Error {
        message='Timeout 30000ms exceeded.
        name='TimeoutError
        stack='TimeoutError: Timeout 30000ms exceeded.
          at ProgressController.run (/private/var/folders/w6/jrpp_53910n8k63fqkg0h6v80000gn/T/playwright-java-1379698826482987660/package/lib/server/progress.js:75:26)
          at Frame.click (/private/var/folders/w6/jrpp_53910n8k63fqkg0h6v80000gn/T/playwright-java-1379698826482987660/package/lib/server/frames.js:1022:23)
          at FrameDispatcher.click (/private/var/folders/w6/jrpp_53910n8k63fqkg0h6v80000gn/T/playwright-java-1379698826482987660/package/lib/server/dispatchers/frameDispatcher.js:157:30)
          at FrameDispatcher._handleCommand (/private/var/folders/w6/jrpp_53910n8k63fqkg0h6v80000gn/T/playwright-java-1379698826482987660/package/lib/server/dispatchers/dispatcher.js:96:40)
          at DispatcherConnection.dispatch (/private/var/folders/w6/jrpp_53910n8k63fqkg0h6v80000gn/T/playwright-java-1379698826482987660/package/lib/server/dispatchers/dispatcher.js:366:39)
      }
      Call log:
      -   - waiting for locator("iframe[title='Setur']").nth(1).contentFrame().locator("#ReckoningSourceId_listbox").locator("li").filter(new Locator.FilterOptions().setHasText("Satış Cirosu")).first()
      -     - locator resolved to <li tabindex="-1" role="option" class="k-item" unselectable="on">Satış Cirosu</li>
      -   - attempting click action
      -     2 × waiting for element to be visible, enabled and stable
      -       - element is not visible
      -     - retrying click action
      -     - waiting 20ms
      -     2 × waiting for element to be visible, enabled and stable
      -       - element is not visible
      -     - retrying click action
      -       - waiting 100ms
      -     13 × waiting for element to be visible, enabled and stable
      -        - element is not visible
      -      - retrying click action
      -        - waiting 500ms
      -     - waiting for element to be visible, enabled and stable
      -   - element was detached from the DOM, retrying
      -     - locator resolved to <li tabindex="-1" role="option" class="k-item" unselectable="on">Satış Cirosu</li>
      -   - attempting click action
      -     2 × waiting for element to be visible, enabled and stable
      -       - element is not visible
      -     - retrying click action
      -     - waiting 20ms
      -     2 × waiting for element to be visible, enabled and stable
      -       - element is not visible
      -     - retrying click action
      -       - waiting 100ms
      -     44 × waiting for element to be visible, enabled and stable
      -        - element is not visible
      -      - retrying click action
      -        - waiting 500ms
      
      	at com.microsoft.playwright.impl.Connection.dispatch(Connection.java:254)
      	at com.microsoft.playwright.impl.Connection.processOneMessage(Connection.java:211)
      	at com.microsoft.playwright.impl.ChannelOwner.runUntil(ChannelOwner.java:130)
      	... 14 more
  And select "Hayır" for field "Kademeli mi?"                                                   # stepDefs.GeneralConditionStepDefs.selectRadioButtonForField(java.lang.String,java.lang.String)
  Then verify field "Temel Ölçü Birimi" is disabled                                             # stepDefs.GeneralConditionStepDefs.verifyFieldIsDisabled(java.lang.String)
  And verify field "Hedef Miktar" is disabled                                                   # stepDefs.GeneralConditionStepDefs.verifyFieldIsDisabled(java.lang.String)
  And verify field "Çarpan Var mı?" is disabled                                                 # stepDefs.GeneralConditionStepDefs.verifyFieldIsDisabled(java.lang.String)
  And verify field "Birim Çarpanı" is disabled                                                  # stepDefs.GeneralConditionStepDefs.verifyFieldIsDisabled(java.lang.String)
  And verify field "Hedef Ciro" has required asterisk                                           # stepDefs.GeneralConditionStepDefs.verifyFieldHasRequiredAsterisk(java.lang.String)
  And verify field "Kdv Dahil mi?" has required asterisk                                        # stepDefs.GeneralConditionStepDefs.verifyFieldHasRequiredAsterisk(java.lang.String)
  And verify field "Hesaplama Periyodu" has required asterisk                                   # stepDefs.GeneralConditionStepDefs.verifyFieldHasRequiredAsterisk(java.lang.String)
  And verify field "Tutar" is mandatory                                                         # stepDefs.GeneralConditionStepDefs.verifyFieldIsMandatory(java.lang.String)
  And verify field "Oran" is mandatory                                                          # stepDefs.GeneralConditionStepDefs.verifyFieldIsMandatory(java.lang.String)
  And verify field "Marka" is optional                                                          # stepDefs.GeneralConditionStepDefs.verifyFieldIsOptional(java.lang.String)
  And verify field "Açıklama" is optional                                                       # stepDefs.GeneralConditionStepDefs.verifyFieldIsOptional(java.lang.String)
  When fill field "Tutar" with "100"                                                            # stepDefs.GeneralConditionStepDefs.fillFieldWith(java.lang.String,java.lang.String)
  Then verify field "Oran" is disabled                                                          # stepDefs.GeneralConditionStepDefs.verifyFieldIsDisabled(java.lang.String)
  When clear field "Tutar"                                                                      # stepDefs.GeneralConditionStepDefs.clearField(java.lang.String)
  Then verify field "Oran" is not disabled                                                      # stepDefs.GeneralConditionStepDefs.verifyFieldIsNotDisabled(java.lang.String)
  When fill field "Oran" with "10"                                                              # stepDefs.GeneralConditionStepDefs.fillFieldWith(java.lang.String,java.lang.String)
  Then verify field "Tutar" is disabled                                                         # stepDefs.GeneralConditionStepDefs.verifyFieldIsDisabled(java.lang.String)

@TEST16
Scenario: Verify field states for Rebate Target Sales Bonus, Satış Cirosu and Kademeli mi Evet # src/test/resources/generalConditionDefinition.feature:557
  Given navigate to login page                                                                 # stepDefs.GlobalStepdefs.navigateToLoginPage()
  When login as special user "RETAIL_SPECIALIST" "rt2390RT!!"                                  # stepDefs.LoginStepdefs.loginAsSpecialUser(java.lang.String,java.lang.String)
  And click login button                                                                       # stepDefs.LoginStepdefs.clickLoginButton()
  Then verify successful login                                                                 # stepDefs.WorkflowInboxStepdefs.verifySuccessfulLogin()
  And click supplier dropdown toggle                                                           # stepDefs.WorkflowInboxStepdefs.clickSupplierDropdownToggle()
  When click contract definition link                                                          # stepDefs.WorkflowInboxStepdefs.clickContractDefinitionLink()
  Then verify contract definition page is displayed                                            # stepDefs.ContractDefinitionStepdefs.verifyContractDefinitionPageIsDisplayed()
✅ Sözleşme adı: FOS-2025-FCA olan sözleşme kontrol edildi
  Given click to sample contract "FOS-2025-FCA"                                                # stepDefs.GeneralConditionStepDefs.clickToSampleContract(java.lang.String)
✅ Arama butonuna tıklandı
  And click to search button on definition page                                                # stepDefs.GeneralConditionStepDefs.clickToSearchButton()
✅ İlk düzenleme butonuna tıklandı
  And click to first edit button on definition page                                            # stepDefs.GeneralConditionStepDefs.clickToFirstEdit()
🔍 Tab yapısını kontrol ediyoruz...
Toplam 2 tab bulundu
  Tab 0: text='Genel Kondisyon', selected=false, class='k-item k-state-default k-tab-on-top k-first'
  Tab 1: text='Temsilci Kondisyon', selected=false, class='k-item k-state-default k-last'
🔍 'Genel Kondisyon' tab'ına tıklanıyor...
✅ 'Genel Kondisyon' tab'ına tıklandı
🔍 Butona tıklamadan önce 2 popup var
✅ Yeni genel kondisyon butonuna tıklandı
⚠️ Yeni popup açılmadı, popup sayısı: 3
✅ Yeni genel kondisyon butonuna tıklandı
  When click to new general condition button                                                   # stepDefs.GeneralConditionStepDefs.clickToNewGeneralConditionButton()
🔍 Genel Kondisyon Tanımlama popup'ını kontrol ediyoruz...
Toplam 3 popup title bulundu
  Popup 0 title: 'Sözleşme Güncelleme'
  Popup 1 title: 'Genel Kondisyon Tanımlama'
  Popup 2 title: 'Setur'
✅ 'Genel Kondisyon Tanımlama' popup görüntülendi
✅ Yeni genel kondisyon formunun görüntülendiği doğrulandı
  Then verify new general condition form is displayed                                          # stepDefs.GeneralConditionStepDefs.verifyNewGeneralConditionFormIsDisplayed()
🔍 Genel Kondisyon formu iframe'ini arıyoruz...
Toplam 2 iframe[title='Setur'] bulundu
✅ Genel Kondisyon formu iframe'i bulundu (index: 1)
✅ Kondisyon tipi seçildi: Rebate Target Sales Bonus
✅ Kondisyon tipi seçildi: Rebate Target Sales Bonus
  When select condition type "Rebate Target Sales Bonus"                                       # stepDefs.GeneralConditionStepDefs.selectConditionType(java.lang.String)
🔍 Genel Kondisyon formu iframe'ini arıyoruz...
Toplam 2 iframe[title='Setur'] bulundu
✅ Genel Kondisyon formu iframe'i bulundu (index: 1)
✅ Hesaplama tipi seçildi: Satış Cirosu
✅ Hesaplama tipi seçildi: Satış Cirosu
  And select calculation type "Satış Cirosu"                                                   # stepDefs.GeneralConditionStepDefs.selectCalculationType(java.lang.String)
🔍 Genel Kondisyon formu iframe'ini arıyoruz...
Toplam 2 iframe[title='Setur'] bulundu
✅ Genel Kondisyon formu iframe'i bulundu (index: 1)
🔍 Kademeli mi? için 'Evet' seçiliyor
✅ Kademeli mi? için 'Evet' seçildi (ID: #yes_IsGradual)
✅ Kademeli mi? alanı için 'Evet' seçildi
  And select "Evet" for field "Kademeli mi?"                                                   # stepDefs.GeneralConditionStepDefs.selectRadioButtonForField(java.lang.String,java.lang.String)
🔍 Genel Kondisyon formu iframe'ini arıyoruz...
Toplam 2 iframe[title='Setur'] bulundu
✅ Genel Kondisyon formu iframe'i bulundu (index: 1)
🔍 Hedef Ciro (#TargetRevenue) alanı disabled: true
✅ Hedef Ciro alanının disabled olduğu doğrulandı
  Then verify field "Hedef Ciro" is disabled                                                   # stepDefs.GeneralConditionStepDefs.verifyFieldIsDisabled(java.lang.String)
🔍 Genel Kondisyon formu iframe'ini arıyoruz...
Toplam 2 iframe[title='Setur'] bulundu
✅ Genel Kondisyon formu iframe'i bulundu (index: 1)
🔍 Tutar (#RebateValue) alanı disabled: true
✅ Tutar alanının disabled olduğu doğrulandı
  And verify field "Tutar" is disabled                                                         # stepDefs.GeneralConditionStepDefs.verifyFieldIsDisabled(java.lang.String)
🔍 Genel Kondisyon formu iframe'ini arıyoruz...
Toplam 2 iframe[title='Setur'] bulundu
✅ Genel Kondisyon formu iframe'i bulundu (index: 1)
🔍 Oran (#RebateRatio) alanı disabled: true
✅ Oran alanının disabled olduğu doğrulandı
  And verify field "Oran" is disabled                                                          # stepDefs.GeneralConditionStepDefs.verifyFieldIsDisabled(java.lang.String)
🔍 Genel Kondisyon formu iframe'ini arıyoruz...
Toplam 2 iframe[title='Setur'] bulundu
✅ Genel Kondisyon formu iframe'i bulundu (index: 1)
🔍 Temel Ölçü Birimi (#MainMeasureUnitId) alanı disabled: true
✅ Temel Ölçü Birimi alanının disabled olduğu doğrulandı
  And verify field "Temel Ölçü Birimi" is disabled                                             # stepDefs.GeneralConditionStepDefs.verifyFieldIsDisabled(java.lang.String)
🔍 Genel Kondisyon formu iframe'ini arıyoruz...
Toplam 2 iframe[title='Setur'] bulundu
✅ Genel Kondisyon formu iframe'i bulundu (index: 1)
🔍 Hedef Miktar (#TargetUnit) alanı disabled: true
✅ Hedef Miktar alanının disabled olduğu doğrulandı
  And verify field "Hedef Miktar" is disabled                                                  # stepDefs.GeneralConditionStepDefs.verifyFieldIsDisabled(java.lang.String)
🔍 Genel Kondisyon formu iframe'ini arıyoruz...
Toplam 2 iframe[title='Setur'] bulundu
✅ Genel Kondisyon formu iframe'i bulundu (index: 1)
🔍 Çarpan Var mı? (#yes_HasMultiplier) radio group disabled: true (yes: true, no: true)
✅ Çarpan Var mı? alanının disabled olduğu doğrulandı
  And verify field "Çarpan Var mı?" is disabled                                                # stepDefs.GeneralConditionStepDefs.verifyFieldIsDisabled(java.lang.String)
🔍 Genel Kondisyon formu iframe'ini arıyoruz...
Toplam 2 iframe[title='Setur'] bulundu
✅ Genel Kondisyon formu iframe'i bulundu (index: 1)
🔍 Birim Çarpanı (#UnitMultipler) alanı disabled: true
✅ Birim Çarpanı alanının disabled olduğu doğrulandı
  And verify field "Birim Çarpanı" is disabled                                                 # stepDefs.GeneralConditionStepDefs.verifyFieldIsDisabled(java.lang.String)
🔍 Genel Kondisyon formu iframe'ini arıyoruz...
Toplam 2 iframe[title='Setur'] bulundu
✅ Genel Kondisyon formu iframe'i bulundu (index: 1)
🔍 Toplam 27 label bulundu, 'Kdv Dahil mi?' arıyoruz...
✅ 'Kdv Dahil mi?' için label bulundu: Kdv Dahil mi?*
🔍 Kdv Dahil mi? (#yes_IsVatInclude) label yıldız kontrolü:
   Label text: Kdv Dahil mi?*
   Label HTML snippet: Kdv Dahil mi?<span class="requiredIcon">*</span>
   Parent HTML snippet: 
<label class="col-xs-4 control-label" for="IsVatInclude" id="IsVatIncludeLblId">Kdv Dahil mi?<span class="requiredIcon">*</span></label>
<div class="input-group col-xs-8"><input data-val="true" data-...
   Has asterisk: true
✅ Kdv Dahil mi? alanının label'ında yıldız (*) olduğu doğrulandı
  And verify field "Kdv Dahil mi?" has required asterisk                                       # stepDefs.GeneralConditionStepDefs.verifyFieldHasRequiredAsterisk(java.lang.String)
🔍 Genel Kondisyon formu iframe'ini arıyoruz...
Toplam 2 iframe[title='Setur'] bulundu
✅ Genel Kondisyon formu iframe'i bulundu (index: 1)
🔍 Hesaplama Periyodu (#ContractRebatePeriodTypeId) label yıldız kontrolü:
   Label text: Hesaplama Periyodu*
   Label HTML snippet: Hesaplama Periyodu<span class="requiredIcon">*</span>
   Parent HTML snippet: 
<label class="col-xs-4 control-label" for="ContractRebatePeriodTypeId" id="ContractRebatePeriodTypeIdLblId">Hesaplama Periyodu<span class="requiredIcon">*</span></label>
<div class="input-group col-x...
   Has asterisk: true
✅ Hesaplama Periyodu alanının label'ında yıldız (*) olduğu doğrulandı
  And verify field "Hesaplama Periyodu" has required asterisk                                  # stepDefs.GeneralConditionStepDefs.verifyFieldHasRequiredAsterisk(java.lang.String)
🔍 Genel Kondisyon formu iframe'ini arıyoruz...
Toplam 2 iframe[title='Setur'] bulundu
✅ Genel Kondisyon formu iframe'i bulundu (index: 1)
🔍 Marka (#BrandIdArray) alanı optional: true
✅ Marka alanının optional olduğu doğrulandı
  And verify field "Marka" is optional                                                         # stepDefs.GeneralConditionStepDefs.verifyFieldIsOptional(java.lang.String)
🔍 Genel Kondisyon formu iframe'ini arıyoruz...
Toplam 2 iframe[title='Setur'] bulundu
✅ Genel Kondisyon formu iframe'i bulundu (index: 1)
🔍 Açıklama (#ContractRebateUpdateDescription) alanı optional: true
✅ Açıklama alanının optional olduğu doğrulandı
  And verify field "Açıklama" is optional                                                      # stepDefs.GeneralConditionStepDefs.verifyFieldIsOptional(java.lang.String)

@TEST17
Scenario: Verify field states for Rebate Target Sales Bonus and Hesaplamasız # src/test/resources/generalConditionDefinition.feature:587
  Given navigate to login page                                               # stepDefs.GlobalStepdefs.navigateToLoginPage()
  When login as special user "RETAIL_SPECIALIST" "rt2390RT!!"                # stepDefs.LoginStepdefs.loginAsSpecialUser(java.lang.String,java.lang.String)
  And click login button                                                     # stepDefs.LoginStepdefs.clickLoginButton()
  Then verify successful login                                               # stepDefs.WorkflowInboxStepdefs.verifySuccessfulLogin()
  And click supplier dropdown toggle                                         # stepDefs.WorkflowInboxStepdefs.clickSupplierDropdownToggle()
  When click contract definition link                                        # stepDefs.WorkflowInboxStepdefs.clickContractDefinitionLink()
  Then verify contract definition page is displayed                          # stepDefs.ContractDefinitionStepdefs.verifyContractDefinitionPageIsDisplayed()
✅ Sözleşme adı: FOS-2025-FCA olan sözleşme kontrol edildi
  Given click to sample contract "FOS-2025-FCA"                              # stepDefs.GeneralConditionStepDefs.clickToSampleContract(java.lang.String)
✅ Arama butonuna tıklandı
  And click to search button on definition page                              # stepDefs.GeneralConditionStepDefs.clickToSearchButton()
✅ İlk düzenleme butonuna tıklandı
  And click to first edit button on definition page                          # stepDefs.GeneralConditionStepDefs.clickToFirstEdit()
🔍 Tab yapısını kontrol ediyoruz...
Toplam 2 tab bulundu
  Tab 0: text='Genel Kondisyon', selected=true, class='k-item k-state-default k-first k-tab-on-top k-state-active'
  Tab 1: text='Temsilci Kondisyon', selected=false, class='k-item k-state-default k-last'
🔍 'Genel Kondisyon' tab'ına tıklanıyor...
✅ 'Genel Kondisyon' tab'ına tıklandı
🔍 Butona tıklamadan önce 2 popup var
✅ Yeni genel kondisyon butonuna tıklandı
⚠️ Yeni popup açılmadı, popup sayısı: 3
✅ Yeni genel kondisyon butonuna tıklandı
  When click to new general condition button                                 # stepDefs.GeneralConditionStepDefs.clickToNewGeneralConditionButton()
🔍 Genel Kondisyon Tanımlama popup'ını kontrol ediyoruz...
Toplam 3 popup title bulundu
  Popup 0 title: 'Sözleşme Güncelleme'
  Popup 1 title: 'Genel Kondisyon Tanımlama'
  Popup 2 title: 'Setur'
✅ 'Genel Kondisyon Tanımlama' popup görüntülendi
✅ Yeni genel kondisyon formunun görüntülendiği doğrulandı
  Then verify new general condition form is displayed                        # stepDefs.GeneralConditionStepDefs.verifyNewGeneralConditionFormIsDisplayed()
🔍 Genel Kondisyon formu iframe'ini arıyoruz...
Toplam 2 iframe[title='Setur'] bulundu
✅ Genel Kondisyon formu iframe'i bulundu (index: 1)
✅ Kondisyon tipi seçildi: Rebate Target Sales Bonus
✅ Kondisyon tipi seçildi: Rebate Target Sales Bonus
  When select condition type "Rebate Target Sales Bonus"                     # stepDefs.GeneralConditionStepDefs.selectConditionType(java.lang.String)
🔍 Genel Kondisyon formu iframe'ini arıyoruz...
Toplam 2 iframe[title='Setur'] bulundu
✅ Genel Kondisyon formu iframe'i bulundu (index: 1)
✅ Hesaplama tipi seçildi: Hesaplamasız
✅ Hesaplama tipi seçildi: Hesaplamasız
  And select calculation type "Hesaplamasız"                                 # stepDefs.GeneralConditionStepDefs.selectCalculationType(java.lang.String)
🔍 Genel Kondisyon formu iframe'ini arıyoruz...
Toplam 2 iframe[title='Setur'] bulundu
✅ Genel Kondisyon formu iframe'i bulundu (index: 1)
🔍 Kademeli mi? (#yes_IsGradual) radio group disabled: true (yes: true, no: true)
✅ Kademeli mi? alanının disabled olduğu doğrulandı
  Then verify field "Kademeli mi?" is disabled                               # stepDefs.GeneralConditionStepDefs.verifyFieldIsDisabled(java.lang.String)
🔍 Genel Kondisyon formu iframe'ini arıyoruz...
Toplam 2 iframe[title='Setur'] bulundu
✅ Genel Kondisyon formu iframe'i bulundu (index: 1)
🔍 Hedef Ciro (#TargetRevenue) alanı disabled: true
✅ Hedef Ciro alanının disabled olduğu doğrulandı
  And verify field "Hedef Ciro" is disabled                                  # stepDefs.GeneralConditionStepDefs.verifyFieldIsDisabled(java.lang.String)
🔍 Genel Kondisyon formu iframe'ini arıyoruz...
Toplam 2 iframe[title='Setur'] bulundu
✅ Genel Kondisyon formu iframe'i bulundu (index: 1)
🔍 Oran (#RebateRatio) alanı disabled: true
✅ Oran alanının disabled olduğu doğrulandı
  And verify field "Oran" is disabled                                        # stepDefs.GeneralConditionStepDefs.verifyFieldIsDisabled(java.lang.String)
🔍 Genel Kondisyon formu iframe'ini arıyoruz...
Toplam 2 iframe[title='Setur'] bulundu
✅ Genel Kondisyon formu iframe'i bulundu (index: 1)
🔍 Temel Ölçü Birimi (#MainMeasureUnitId) alanı disabled: true
✅ Temel Ölçü Birimi alanının disabled olduğu doğrulandı
  And verify field "Temel Ölçü Birimi" is disabled                           # stepDefs.GeneralConditionStepDefs.verifyFieldIsDisabled(java.lang.String)
🔍 Genel Kondisyon formu iframe'ini arıyoruz...
Toplam 2 iframe[title='Setur'] bulundu
✅ Genel Kondisyon formu iframe'i bulundu (index: 1)
🔍 Hedef Miktar (#TargetUnit) alanı disabled: true
✅ Hedef Miktar alanının disabled olduğu doğrulandı
  And verify field "Hedef Miktar" is disabled                                # stepDefs.GeneralConditionStepDefs.verifyFieldIsDisabled(java.lang.String)
🔍 Genel Kondisyon formu iframe'ini arıyoruz...
Toplam 2 iframe[title='Setur'] bulundu
✅ Genel Kondisyon formu iframe'i bulundu (index: 1)
🔍 Çarpan Var mı? (#yes_HasMultiplier) radio group disabled: true (yes: true, no: true)
✅ Çarpan Var mı? alanının disabled olduğu doğrulandı
  And verify field "Çarpan Var mı?" is disabled                              # stepDefs.GeneralConditionStepDefs.verifyFieldIsDisabled(java.lang.String)
🔍 Genel Kondisyon formu iframe'ini arıyoruz...
Toplam 2 iframe[title='Setur'] bulundu
✅ Genel Kondisyon formu iframe'i bulundu (index: 1)
🔍 Birim Çarpanı (#UnitMultipler) alanı disabled: true
✅ Birim Çarpanı alanının disabled olduğu doğrulandı
  And verify field "Birim Çarpanı" is disabled                               # stepDefs.GeneralConditionStepDefs.verifyFieldIsDisabled(java.lang.String)
🔍 Genel Kondisyon formu iframe'ini arıyoruz...
Toplam 2 iframe[title='Setur'] bulundu
✅ Genel Kondisyon formu iframe'i bulundu (index: 1)
🔍 Toplam 27 label bulundu, 'Kdv Dahil mi?' arıyoruz...
✅ 'Kdv Dahil mi?' için label bulundu: Kdv Dahil mi?*
🔍 Kdv Dahil mi? (#yes_IsVatInclude) label yıldız kontrolü:
   Label text: Kdv Dahil mi?*
   Label HTML snippet: Kdv Dahil mi?<span class="requiredIcon">*</span>
   Parent HTML snippet: 
<label class="col-xs-4 control-label" for="IsVatInclude" id="IsVatIncludeLblId">Kdv Dahil mi?<span class="requiredIcon">*</span></label>
<div class="input-group col-xs-8"><input data-val="true" data-...
   Has asterisk: true
✅ Kdv Dahil mi? alanının label'ında yıldız (*) olduğu doğrulandı
  And verify field "Kdv Dahil mi?" has required asterisk                     # stepDefs.GeneralConditionStepDefs.verifyFieldHasRequiredAsterisk(java.lang.String)
🔍 Genel Kondisyon formu iframe'ini arıyoruz...
Toplam 2 iframe[title='Setur'] bulundu
✅ Genel Kondisyon formu iframe'i bulundu (index: 1)
🔍 Hesaplama Periyodu (#ContractRebatePeriodTypeId) label yıldız kontrolü:
   Label text: Hesaplama Periyodu*
   Label HTML snippet: Hesaplama Periyodu<span class="requiredIcon">*</span>
   Parent HTML snippet: 
<label class="col-xs-4 control-label" for="ContractRebatePeriodTypeId" id="ContractRebatePeriodTypeIdLblId">Hesaplama Periyodu<span class="requiredIcon">*</span></label>
<div class="input-group col-x...
   Has asterisk: true
✅ Hesaplama Periyodu alanının label'ında yıldız (*) olduğu doğrulandı
  And verify field "Hesaplama Periyodu" has required asterisk                # stepDefs.GeneralConditionStepDefs.verifyFieldHasRequiredAsterisk(java.lang.String)
🔍 Genel Kondisyon formu iframe'ini arıyoruz...
Toplam 2 iframe[title='Setur'] bulundu
✅ Genel Kondisyon formu iframe'i bulundu (index: 1)
🔍 Tutar (#RebateValue) alanı mandatory: true
✅ Tutar alanının mandatory olduğu doğrulandı
  And verify field "Tutar" is mandatory                                      # stepDefs.GeneralConditionStepDefs.verifyFieldIsMandatory(java.lang.String)
🔍 Genel Kondisyon formu iframe'ini arıyoruz...
Toplam 2 iframe[title='Setur'] bulundu
✅ Genel Kondisyon formu iframe'i bulundu (index: 1)
🔍 Marka (#BrandIdArray) alanı optional: true
✅ Marka alanının optional olduğu doğrulandı
  And verify field "Marka" is optional                                       # stepDefs.GeneralConditionStepDefs.verifyFieldIsOptional(java.lang.String)
🔍 Genel Kondisyon formu iframe'ini arıyoruz...
Toplam 2 iframe[title='Setur'] bulundu
✅ Genel Kondisyon formu iframe'i bulundu (index: 1)
🔍 Açıklama (#ContractRebateUpdateDescription) alanı optional: true
✅ Açıklama alanının optional olduğu doğrulandı
  And verify field "Açıklama" is optional                                    # stepDefs.GeneralConditionStepDefs.verifyFieldIsOptional(java.lang.String)

@TEST18
Scenario: Verify field states for Rebate Sales Bonus, Satış Adeti and Kademeli mi Hayır # src/test/resources/generalConditionDefinition.feature:619
  Given navigate to login page                                                          # stepDefs.GlobalStepdefs.navigateToLoginPage()
  When login as special user "RETAIL_SPECIALIST" "rt2390RT!!"                           # stepDefs.LoginStepdefs.loginAsSpecialUser(java.lang.String,java.lang.String)
  And click login button                                                                # stepDefs.LoginStepdefs.clickLoginButton()
  Then verify successful login                                                          # stepDefs.WorkflowInboxStepdefs.verifySuccessfulLogin()
  And click supplier dropdown toggle                                                    # stepDefs.WorkflowInboxStepdefs.clickSupplierDropdownToggle()
  When click contract definition link                                                   # stepDefs.WorkflowInboxStepdefs.clickContractDefinitionLink()
  Then verify contract definition page is displayed                                     # stepDefs.ContractDefinitionStepdefs.verifyContractDefinitionPageIsDisplayed()
✅ Sözleşme adı: FOS-2025-FCA olan sözleşme kontrol edildi
  Given click to sample contract "FOS-2025-FCA"                                         # stepDefs.GeneralConditionStepDefs.clickToSampleContract(java.lang.String)
✅ Arama butonuna tıklandı
  And click to search button on definition page                                         # stepDefs.GeneralConditionStepDefs.clickToSearchButton()
✅ İlk düzenleme butonuna tıklandı
  And click to first edit button on definition page                                     # stepDefs.GeneralConditionStepDefs.clickToFirstEdit()
🔍 Tab yapısını kontrol ediyoruz...
Toplam 2 tab bulundu
  Tab 0: text='Genel Kondisyon', selected=false, class='k-item k-state-default k-tab-on-top k-first'
  Tab 1: text='Temsilci Kondisyon', selected=false, class='k-item k-state-default k-last'
🔍 'Genel Kondisyon' tab'ına tıklanıyor...
✅ 'Genel Kondisyon' tab'ına tıklandı
🔍 Butona tıklamadan önce 2 popup var
✅ Yeni genel kondisyon butonuna tıklandı
⚠️ Yeni popup açılmadı, popup sayısı: 3
✅ Yeni genel kondisyon butonuna tıklandı
  When click to new general condition button                                            # stepDefs.GeneralConditionStepDefs.clickToNewGeneralConditionButton()
🔍 Genel Kondisyon Tanımlama popup'ını kontrol ediyoruz...
Toplam 3 popup title bulundu
  Popup 0 title: 'Sözleşme Güncelleme'
  Popup 1 title: 'Genel Kondisyon Tanımlama'
  Popup 2 title: 'Setur'
✅ 'Genel Kondisyon Tanımlama' popup görüntülendi
✅ Yeni genel kondisyon formunun görüntülendiği doğrulandı
  Then verify new general condition form is displayed                                   # stepDefs.GeneralConditionStepDefs.verifyNewGeneralConditionFormIsDisplayed()
🔍 Genel Kondisyon formu iframe'ini arıyoruz...
Toplam 2 iframe[title='Setur'] bulundu
✅ Genel Kondisyon formu iframe'i bulundu (index: 1)
✅ Kondisyon tipi seçildi: Rebate Sales Bonus
✅ Kondisyon tipi seçildi: Rebate Sales Bonus
  When select condition type "Rebate Sales Bonus"                                       # stepDefs.GeneralConditionStepDefs.selectConditionType(java.lang.String)
🔍 Genel Kondisyon formu iframe'ini arıyoruz...
Toplam 2 iframe[title='Setur'] bulundu
✅ Genel Kondisyon formu iframe'i bulundu (index: 1)
✅ Hesaplama tipi seçildi: Satış Adeti
✅ Hesaplama tipi seçildi: Satış Adeti
  And select calculation type "Satış Adeti"                                             # stepDefs.GeneralConditionStepDefs.selectCalculationType(java.lang.String)
🔍 Genel Kondisyon formu iframe'ini arıyoruz...
Toplam 2 iframe[title='Setur'] bulundu
✅ Genel Kondisyon formu iframe'i bulundu (index: 1)
🔍 Kademeli mi? için 'Hayır' seçiliyor
✅ Kademeli mi? için 'Hayır' seçildi (ID: #no_IsGradual)
✅ Kademeli mi? alanı için 'Hayır' seçildi
  And select "Hayır" for field "Kademeli mi?"                                           # stepDefs.GeneralConditionStepDefs.selectRadioButtonForField(java.lang.String,java.lang.String)
🔍 Genel Kondisyon formu iframe'ini arıyoruz...
Toplam 2 iframe[title='Setur'] bulundu
✅ Genel Kondisyon formu iframe'i bulundu (index: 1)
🔍 Hedef Ciro (#TargetRevenue) alanı disabled: true
✅ Hedef Ciro alanının disabled olduğu doğrulandı
  Then verify field "Hedef Ciro" is disabled                                            # stepDefs.GeneralConditionStepDefs.verifyFieldIsDisabled(java.lang.String)
🔍 Genel Kondisyon formu iframe'ini arıyoruz...
Toplam 2 iframe[title='Setur'] bulundu
✅ Genel Kondisyon formu iframe'i bulundu (index: 1)
🔍 Hedef Miktar (#TargetUnit) alanı disabled: true
✅ Hedef Miktar alanının disabled olduğu doğrulandı
  And verify field "Hedef Miktar" is disabled                                           # stepDefs.GeneralConditionStepDefs.verifyFieldIsDisabled(java.lang.String)
🔍 Genel Kondisyon formu iframe'ini arıyoruz...
Toplam 2 iframe[title='Setur'] bulundu
✅ Genel Kondisyon formu iframe'i bulundu (index: 1)
🔍 Çarpan Var mı? için 'Evet' seçiliyor
✅ Çarpan Var mı? için 'Evet' seçildi (ID: #yes_HasMultiplier)
✅ Çarpan Var mı? alanı için 'Evet' seçildi
  And select "Evet" for field "Çarpan Var mı?"                                          # stepDefs.GeneralConditionStepDefs.selectRadioButtonForField(java.lang.String,java.lang.String)
🔍 Genel Kondisyon formu iframe'ini arıyoruz...
Toplam 2 iframe[title='Setur'] bulundu
✅ Genel Kondisyon formu iframe'i bulundu (index: 1)
🔍 Toplam 27 label bulundu, 'Kdv Dahil mi?' arıyoruz...
✅ 'Kdv Dahil mi?' için label bulundu: Kdv Dahil mi?*
🔍 Kdv Dahil mi? (#yes_IsVatInclude) label yıldız kontrolü:
   Label text: Kdv Dahil mi?*
   Label HTML snippet: Kdv Dahil mi?<span class="requiredIcon">*</span>
   Parent HTML snippet: 
<label class="col-xs-4 control-label" for="IsVatInclude" id="IsVatIncludeLblId">Kdv Dahil mi?<span class="requiredIcon">*</span></label>
<div class="input-group col-xs-8"><input data-val="true" data-...
   Has asterisk: true
✅ Kdv Dahil mi? alanının label'ında yıldız (*) olduğu doğrulandı
  And verify field "Kdv Dahil mi?" has required asterisk                                # stepDefs.GeneralConditionStepDefs.verifyFieldHasRequiredAsterisk(java.lang.String)
🔍 Genel Kondisyon formu iframe'ini arıyoruz...
Toplam 2 iframe[title='Setur'] bulundu
✅ Genel Kondisyon formu iframe'i bulundu (index: 1)
🔍 Hesaplama Periyodu (#ContractRebatePeriodTypeId) label yıldız kontrolü:
   Label text: Hesaplama Periyodu*
   Label HTML snippet: Hesaplama Periyodu<span class="requiredIcon">*</span>
   Parent HTML snippet: 
<label class="col-xs-4 control-label" for="ContractRebatePeriodTypeId" id="ContractRebatePeriodTypeIdLblId">Hesaplama Periyodu<span class="requiredIcon">*</span></label>
<div class="input-group col-x...
   Has asterisk: true
✅ Hesaplama Periyodu alanının label'ında yıldız (*) olduğu doğrulandı
  And verify field "Hesaplama Periyodu" has required asterisk                           # stepDefs.GeneralConditionStepDefs.verifyFieldHasRequiredAsterisk(java.lang.String)
🔍 Genel Kondisyon formu iframe'ini arıyoruz...
Toplam 2 iframe[title='Setur'] bulundu
✅ Genel Kondisyon formu iframe'i bulundu (index: 1)
🔍 Birim Çarpanı (#UnitMultipler) label yıldız kontrolü:
   Label text: Birim Çarpanı
   Label HTML snippet: Birim Çarpanı
   Parent HTML snippet: 
<label class="col-xs-4 control-label" for="UnitMultipler" id="UnitMultiplerLblId">Birim Çarpanı</label>
<div class="input-group col-xs-8"><span class="k-widget k-numerictextbox" style="width: 100%;">...
   Has asterisk: true
✅ Birim Çarpanı alanının label'ında yıldız (*) olduğu doğrulandı
  And verify field "Birim Çarpanı" has required asterisk                                # stepDefs.GeneralConditionStepDefs.verifyFieldHasRequiredAsterisk(java.lang.String)
🔍 Genel Kondisyon formu iframe'ini arıyoruz...
Toplam 2 iframe[title='Setur'] bulundu
✅ Genel Kondisyon formu iframe'i bulundu (index: 1)
🔍 Tutar (#RebateValue) alanı mandatory: true
✅ Tutar alanının mandatory olduğu doğrulandı
  And verify field "Tutar" is mandatory                                                 # stepDefs.GeneralConditionStepDefs.verifyFieldIsMandatory(java.lang.String)
🔍 Genel Kondisyon formu iframe'ini arıyoruz...
Toplam 2 iframe[title='Setur'] bulundu
✅ Genel Kondisyon formu iframe'i bulundu (index: 1)
🔍 Oran (#RebateRatio) alanı mandatory: true
✅ Oran alanının mandatory olduğu doğrulandı
  And verify field "Oran" is mandatory                                                  # stepDefs.GeneralConditionStepDefs.verifyFieldIsMandatory(java.lang.String)
🔍 Genel Kondisyon formu iframe'ini arıyoruz...
Toplam 2 iframe[title='Setur'] bulundu
✅ Genel Kondisyon formu iframe'i bulundu (index: 1)
🔍 Temel Ölçü Birimi (#MainMeasureUnitId) alanı optional: true
✅ Temel Ölçü Birimi alanının optional olduğu doğrulandı
  And verify field "Temel Ölçü Birimi" is optional                                      # stepDefs.GeneralConditionStepDefs.verifyFieldIsOptional(java.lang.String)
🔍 Genel Kondisyon formu iframe'ini arıyoruz...
Toplam 2 iframe[title='Setur'] bulundu
✅ Genel Kondisyon formu iframe'i bulundu (index: 1)
🔍 Marka (#BrandIdArray) alanı optional: true
✅ Marka alanının optional olduğu doğrulandı
  And verify field "Marka" is optional                                                  # stepDefs.GeneralConditionStepDefs.verifyFieldIsOptional(java.lang.String)
🔍 Genel Kondisyon formu iframe'ini arıyoruz...
Toplam 2 iframe[title='Setur'] bulundu
✅ Genel Kondisyon formu iframe'i bulundu (index: 1)
🔍 Açıklama (#ContractRebateUpdateDescription) alanı optional: true
✅ Açıklama alanının optional olduğu doğrulandı
  And verify field "Açıklama" is optional                                               # stepDefs.GeneralConditionStepDefs.verifyFieldIsOptional(java.lang.String)
🔍 Genel Kondisyon formu iframe'ini arıyoruz...
Toplam 2 iframe[title='Setur'] bulundu
✅ Genel Kondisyon formu iframe'i bulundu (index: 1)
🔍 Tutar alanını dolduruluyor: 100
   Kendo widget set: true
✅ Tutar alanı dolduruldu: 100
✅ Tutar alanına '100' değeri girildi
  When fill field "Tutar" with "100"                                                    # stepDefs.GeneralConditionStepDefs.fillFieldWith(java.lang.String,java.lang.String)
🔍 Genel Kondisyon formu iframe'ini arıyoruz...
Toplam 2 iframe[title='Setur'] bulundu
✅ Genel Kondisyon formu iframe'i bulundu (index: 1)
🔍 Oran (#RebateRatio) alanı disabled: true
✅ Oran alanının disabled olduğu doğrulandı
  Then verify field "Oran" is disabled                                                  # stepDefs.GeneralConditionStepDefs.verifyFieldIsDisabled(java.lang.String)
🔍 Genel Kondisyon formu iframe'ini arıyoruz...
Toplam 2 iframe[title='Setur'] bulundu
✅ Genel Kondisyon formu iframe'i bulundu (index: 1)
🔍 Tutar alanı temizleniyor
   Kendo widget clear: true
✅ Tutar alanı temizlendi
✅ Tutar alanı temizlendi
  When clear field "Tutar"                                                              # stepDefs.GeneralConditionStepDefs.clearField(java.lang.String)
🔍 Genel Kondisyon formu iframe'ini arıyoruz...
Toplam 2 iframe[title='Setur'] bulundu
✅ Genel Kondisyon formu iframe'i bulundu (index: 1)
🔍 Oran (#RebateRatio) alanı disabled: false
✅ Oran alanının disabled olmadığı doğrulandı
  Then verify field "Oran" is not disabled                                              # stepDefs.GeneralConditionStepDefs.verifyFieldIsNotDisabled(java.lang.String)
🔍 Genel Kondisyon formu iframe'ini arıyoruz...
Toplam 2 iframe[title='Setur'] bulundu
✅ Genel Kondisyon formu iframe'i bulundu (index: 1)
🔍 Oran alanını dolduruluyor: 10
   Kendo widget set: true
✅ Oran alanı dolduruldu: 10
✅ Oran alanına '10' değeri girildi
  When fill field "Oran" with "10"                                                      # stepDefs.GeneralConditionStepDefs.fillFieldWith(java.lang.String,java.lang.String)
🔍 Genel Kondisyon formu iframe'ini arıyoruz...
Toplam 2 iframe[title='Setur'] bulundu
✅ Genel Kondisyon formu iframe'i bulundu (index: 1)
🔍 Tutar (#RebateValue) alanı disabled: true
✅ Tutar alanının disabled olduğu doğrulandı
  Then verify field "Tutar" is disabled                                                 # stepDefs.GeneralConditionStepDefs.verifyFieldIsDisabled(java.lang.String)

@TEST19
Scenario: Verify field states for Rebate Sales Bonus, Satış Adeti and Kademeli mi Evet # src/test/resources/generalConditionDefinition.feature:663
  Given navigate to login page                                                         # stepDefs.GlobalStepdefs.navigateToLoginPage()
  When login as special user "RETAIL_SPECIALIST" "rt2390RT!!"                          # stepDefs.LoginStepdefs.loginAsSpecialUser(java.lang.String,java.lang.String)
  And click login button                                                               # stepDefs.LoginStepdefs.clickLoginButton()
  Then verify successful login                                                         # stepDefs.WorkflowInboxStepdefs.verifySuccessfulLogin()
  And click supplier dropdown toggle                                                   # stepDefs.WorkflowInboxStepdefs.clickSupplierDropdownToggle()
  When click contract definition link                                                  # stepDefs.WorkflowInboxStepdefs.clickContractDefinitionLink()
  Then verify contract definition page is displayed                                    # stepDefs.ContractDefinitionStepdefs.verifyContractDefinitionPageIsDisplayed()
✅ Sözleşme adı: FOS-2025-FCA olan sözleşme kontrol edildi
  Given click to sample contract "FOS-2025-FCA"                                        # stepDefs.GeneralConditionStepDefs.clickToSampleContract(java.lang.String)
✅ Arama butonuna tıklandı
  And click to search button on definition page                                        # stepDefs.GeneralConditionStepDefs.clickToSearchButton()
✅ İlk düzenleme butonuna tıklandı
  And click to first edit button on definition page                                    # stepDefs.GeneralConditionStepDefs.clickToFirstEdit()
🔍 Tab yapısını kontrol ediyoruz...
Toplam 2 tab bulundu
  Tab 0: text='Genel Kondisyon', selected=false, class='k-item k-state-default k-tab-on-top k-first'
  Tab 1: text='Temsilci Kondisyon', selected=false, class='k-item k-state-default k-last'
🔍 'Genel Kondisyon' tab'ına tıklanıyor...
✅ 'Genel Kondisyon' tab'ına tıklandı
🔍 Butona tıklamadan önce 2 popup var
✅ Yeni genel kondisyon butonuna tıklandı
⚠️ Yeni popup açılmadı, popup sayısı: 3
✅ Yeni genel kondisyon butonuna tıklandı
  When click to new general condition button                                           # stepDefs.GeneralConditionStepDefs.clickToNewGeneralConditionButton()
🔍 Genel Kondisyon Tanımlama popup'ını kontrol ediyoruz...
Toplam 3 popup title bulundu
  Popup 0 title: 'Sözleşme Güncelleme'
  Popup 1 title: 'Genel Kondisyon Tanımlama'
  Popup 2 title: 'Setur'
✅ 'Genel Kondisyon Tanımlama' popup görüntülendi
✅ Yeni genel kondisyon formunun görüntülendiği doğrulandı
  Then verify new general condition form is displayed                                  # stepDefs.GeneralConditionStepDefs.verifyNewGeneralConditionFormIsDisplayed()
🔍 Genel Kondisyon formu iframe'ini arıyoruz...
Toplam 2 iframe[title='Setur'] bulundu
✅ Genel Kondisyon formu iframe'i bulundu (index: 1)
✅ Kondisyon tipi seçildi: Rebate Sales Bonus
✅ Kondisyon tipi seçildi: Rebate Sales Bonus
  When select condition type "Rebate Sales Bonus"                                      # stepDefs.GeneralConditionStepDefs.selectConditionType(java.lang.String)
🔍 Genel Kondisyon formu iframe'ini arıyoruz...
Toplam 2 iframe[title='Setur'] bulundu
✅ Genel Kondisyon formu iframe'i bulundu (index: 1)
✅ Hesaplama tipi seçildi: Satış Adeti
✅ Hesaplama tipi seçildi: Satış Adeti
  And select calculation type "Satış Adeti"                                            # stepDefs.GeneralConditionStepDefs.selectCalculationType(java.lang.String)
🔍 Genel Kondisyon formu iframe'ini arıyoruz...
Toplam 2 iframe[title='Setur'] bulundu
✅ Genel Kondisyon formu iframe'i bulundu (index: 1)
🔍 Kademeli mi? için 'Evet' seçiliyor
✅ Kademeli mi? için 'Evet' seçildi (ID: #yes_IsGradual)
✅ Kademeli mi? alanı için 'Evet' seçildi
  And select "Evet" for field "Kademeli mi?"                                           # stepDefs.GeneralConditionStepDefs.selectRadioButtonForField(java.lang.String,java.lang.String)
🔍 Genel Kondisyon formu iframe'ini arıyoruz...
Toplam 2 iframe[title='Setur'] bulundu
✅ Genel Kondisyon formu iframe'i bulundu (index: 1)
🔍 Hedef Ciro (#TargetRevenue) alanı disabled: true
✅ Hedef Ciro alanının disabled olduğu doğrulandı
  Then verify field "Hedef Ciro" is disabled                                           # stepDefs.GeneralConditionStepDefs.verifyFieldIsDisabled(java.lang.String)
🔍 Genel Kondisyon formu iframe'ini arıyoruz...
Toplam 2 iframe[title='Setur'] bulundu
✅ Genel Kondisyon formu iframe'i bulundu (index: 1)
🔍 Tutar (#RebateValue) alanı disabled: true
✅ Tutar alanının disabled olduğu doğrulandı
  And verify field "Tutar" is disabled                                                 # stepDefs.GeneralConditionStepDefs.verifyFieldIsDisabled(java.lang.String)
🔍 Genel Kondisyon formu iframe'ini arıyoruz...
Toplam 2 iframe[title='Setur'] bulundu
✅ Genel Kondisyon formu iframe'i bulundu (index: 1)
🔍 Oran (#RebateRatio) alanı disabled: true
✅ Oran alanının disabled olduğu doğrulandı
  And verify field "Oran" is disabled                                                  # stepDefs.GeneralConditionStepDefs.verifyFieldIsDisabled(java.lang.String)
🔍 Genel Kondisyon formu iframe'ini arıyoruz...
Toplam 2 iframe[title='Setur'] bulundu
✅ Genel Kondisyon formu iframe'i bulundu (index: 1)
🔍 Temel Ölçü Birimi (#MainMeasureUnitId) alanı disabled: true
✅ Temel Ölçü Birimi alanının disabled olduğu doğrulandı
  And verify field "Temel Ölçü Birimi" is disabled                                     # stepDefs.GeneralConditionStepDefs.verifyFieldIsDisabled(java.lang.String)
🔍 Genel Kondisyon formu iframe'ini arıyoruz...
Toplam 2 iframe[title='Setur'] bulundu
✅ Genel Kondisyon formu iframe'i bulundu (index: 1)
🔍 Hedef Miktar (#TargetUnit) alanı disabled: true
✅ Hedef Miktar alanının disabled olduğu doğrulandı
  And verify field "Hedef Miktar" is disabled                                          # stepDefs.GeneralConditionStepDefs.verifyFieldIsDisabled(java.lang.String)
🔍 Genel Kondisyon formu iframe'ini arıyoruz...
Toplam 2 iframe[title='Setur'] bulundu
✅ Genel Kondisyon formu iframe'i bulundu (index: 1)
🔍 Çarpan Var mı? (#yes_HasMultiplier) radio group disabled: true (yes: true, no: true)
✅ Çarpan Var mı? alanının disabled olduğu doğrulandı
  And verify field "Çarpan Var mı?" is disabled                                        # stepDefs.GeneralConditionStepDefs.verifyFieldIsDisabled(java.lang.String)
🔍 Genel Kondisyon formu iframe'ini arıyoruz...
Toplam 2 iframe[title='Setur'] bulundu
✅ Genel Kondisyon formu iframe'i bulundu (index: 1)
🔍 Birim Çarpanı (#UnitMultipler) alanı disabled: true
✅ Birim Çarpanı alanının disabled olduğu doğrulandı
  And verify field "Birim Çarpanı" is disabled                                         # stepDefs.GeneralConditionStepDefs.verifyFieldIsDisabled(java.lang.String)
🔍 Genel Kondisyon formu iframe'ini arıyoruz...
Toplam 2 iframe[title='Setur'] bulundu
✅ Genel Kondisyon formu iframe'i bulundu (index: 1)
🔍 Toplam 27 label bulundu, 'Kdv Dahil mi?' arıyoruz...
✅ 'Kdv Dahil mi?' için label bulundu: Kdv Dahil mi?*
🔍 Kdv Dahil mi? (#yes_IsVatInclude) label yıldız kontrolü:
   Label text: Kdv Dahil mi?*
   Label HTML snippet: Kdv Dahil mi?<span class="requiredIcon">*</span>
   Parent HTML snippet: 
<label class="col-xs-4 control-label" for="IsVatInclude" id="IsVatIncludeLblId">Kdv Dahil mi?<span class="requiredIcon">*</span></label>
<div class="input-group col-xs-8"><input data-val="true" data-...
   Has asterisk: true
✅ Kdv Dahil mi? alanının label'ında yıldız (*) olduğu doğrulandı
  And verify field "Kdv Dahil mi?" has required asterisk                               # stepDefs.GeneralConditionStepDefs.verifyFieldHasRequiredAsterisk(java.lang.String)
🔍 Genel Kondisyon formu iframe'ini arıyoruz...
Toplam 2 iframe[title='Setur'] bulundu
✅ Genel Kondisyon formu iframe'i bulundu (index: 1)
🔍 Hesaplama Periyodu (#ContractRebatePeriodTypeId) label yıldız kontrolü:
   Label text: Hesaplama Periyodu*
   Label HTML snippet: Hesaplama Periyodu<span class="requiredIcon">*</span>
   Parent HTML snippet: 
<label class="col-xs-4 control-label" for="ContractRebatePeriodTypeId" id="ContractRebatePeriodTypeIdLblId">Hesaplama Periyodu<span class="requiredIcon">*</span></label>
<div class="input-group col-x...
   Has asterisk: true
✅ Hesaplama Periyodu alanının label'ında yıldız (*) olduğu doğrulandı
  And verify field "Hesaplama Periyodu" has required asterisk                          # stepDefs.GeneralConditionStepDefs.verifyFieldHasRequiredAsterisk(java.lang.String)
🔍 Genel Kondisyon formu iframe'ini arıyoruz...
Toplam 2 iframe[title='Setur'] bulundu
✅ Genel Kondisyon formu iframe'i bulundu (index: 1)
🔍 Marka (#BrandIdArray) alanı optional: true
✅ Marka alanının optional olduğu doğrulandı
  And verify field "Marka" is optional                                                 # stepDefs.GeneralConditionStepDefs.verifyFieldIsOptional(java.lang.String)
🔍 Genel Kondisyon formu iframe'ini arıyoruz...
Toplam 2 iframe[title='Setur'] bulundu
✅ Genel Kondisyon formu iframe'i bulundu (index: 1)
🔍 Açıklama (#ContractRebateUpdateDescription) alanı optional: true
✅ Açıklama alanının optional olduğu doğrulandı
  And verify field "Açıklama" is optional                                              # stepDefs.GeneralConditionStepDefs.verifyFieldIsOptional(java.lang.String)

@TEST20
Scenario: Verify field states for Rebate Sales Bonus, Satış Cirosu and Kademeli mi Hayır # src/test/resources/generalConditionDefinition.feature:693
  Given navigate to login page                                                           # stepDefs.GlobalStepdefs.navigateToLoginPage()
  When login as special user "RETAIL_SPECIALIST" "rt2390RT!!"                            # stepDefs.LoginStepdefs.loginAsSpecialUser(java.lang.String,java.lang.String)
  And click login button                                                                 # stepDefs.LoginStepdefs.clickLoginButton()
  Then verify successful login                                                           # stepDefs.WorkflowInboxStepdefs.verifySuccessfulLogin()
  And click supplier dropdown toggle                                                     # stepDefs.WorkflowInboxStepdefs.clickSupplierDropdownToggle()
  When click contract definition link                                                    # stepDefs.WorkflowInboxStepdefs.clickContractDefinitionLink()
  Then verify contract definition page is displayed                                      # stepDefs.ContractDefinitionStepdefs.verifyContractDefinitionPageIsDisplayed()
✅ Sözleşme adı: FOS-2025-FCA olan sözleşme kontrol edildi
  Given click to sample contract "FOS-2025-FCA"                                          # stepDefs.GeneralConditionStepDefs.clickToSampleContract(java.lang.String)
✅ Arama butonuna tıklandı
  And click to search button on definition page                                          # stepDefs.GeneralConditionStepDefs.clickToSearchButton()
✅ İlk düzenleme butonuna tıklandı
  And click to first edit button on definition page                                      # stepDefs.GeneralConditionStepDefs.clickToFirstEdit()
🔍 Tab yapısını kontrol ediyoruz...
Toplam 2 tab bulundu
  Tab 0: text='Genel Kondisyon', selected=false, class='k-item k-state-default k-tab-on-top k-first'
  Tab 1: text='Temsilci Kondisyon', selected=false, class='k-item k-state-default k-last'
🔍 'Genel Kondisyon' tab'ına tıklanıyor...
✅ 'Genel Kondisyon' tab'ına tıklandı
🔍 Butona tıklamadan önce 2 popup var
✅ Yeni genel kondisyon butonuna tıklandı
⚠️ Yeni popup açılmadı, popup sayısı: 2
✅ Yeni genel kondisyon butonuna tıklandı
  When click to new general condition button                                             # stepDefs.GeneralConditionStepDefs.clickToNewGeneralConditionButton()
🔍 Genel Kondisyon Tanımlama popup'ını kontrol ediyoruz...
Toplam 3 popup title bulundu
  Popup 0 title: 'Sözleşme Güncelleme'
  Popup 1 title: 'Genel Kondisyon Tanımlama'
  Popup 2 title: 'Setur'
✅ 'Genel Kondisyon Tanımlama' popup görüntülendi
✅ Yeni genel kondisyon formunun görüntülendiği doğrulandı
  Then verify new general condition form is displayed                                    # stepDefs.GeneralConditionStepDefs.verifyNewGeneralConditionFormIsDisplayed()
🔍 Genel Kondisyon formu iframe'ini arıyoruz...
Toplam 2 iframe[title='Setur'] bulundu
✅ Genel Kondisyon formu iframe'i bulundu (index: 1)
✅ Kondisyon tipi seçildi: Rebate Sales Bonus
✅ Kondisyon tipi seçildi: Rebate Sales Bonus
  When select condition type "Rebate Sales Bonus"                                        # stepDefs.GeneralConditionStepDefs.selectConditionType(java.lang.String)
🔍 Genel Kondisyon formu iframe'ini arıyoruz...
Toplam 2 iframe[title='Setur'] bulundu
✅ Genel Kondisyon formu iframe'i bulundu (index: 1)
✅ Hesaplama tipi seçildi: Satış Cirosu
✅ Hesaplama tipi seçildi: Satış Cirosu
  And select calculation type "Satış Cirosu"                                             # stepDefs.GeneralConditionStepDefs.selectCalculationType(java.lang.String)
🔍 Genel Kondisyon formu iframe'ini arıyoruz...
Toplam 2 iframe[title='Setur'] bulundu
✅ Genel Kondisyon formu iframe'i bulundu (index: 1)
🔍 Kademeli mi? için 'Hayır' seçiliyor
✅ Kademeli mi? için 'Hayır' seçildi (ID: #no_IsGradual)
✅ Kademeli mi? alanı için 'Hayır' seçildi
  And select "Hayır" for field "Kademeli mi?"                                            # stepDefs.GeneralConditionStepDefs.selectRadioButtonForField(java.lang.String,java.lang.String)
🔍 Genel Kondisyon formu iframe'ini arıyoruz...
Toplam 2 iframe[title='Setur'] bulundu
✅ Genel Kondisyon formu iframe'i bulundu (index: 1)
🔍 Hedef Ciro (#TargetRevenue) alanı disabled: true
✅ Hedef Ciro alanının disabled olduğu doğrulandı
  Then verify field "Hedef Ciro" is disabled                                             # stepDefs.GeneralConditionStepDefs.verifyFieldIsDisabled(java.lang.String)
🔍 Genel Kondisyon formu iframe'ini arıyoruz...
Toplam 2 iframe[title='Setur'] bulundu
✅ Genel Kondisyon formu iframe'i bulundu (index: 1)
🔍 Hedef Miktar (#TargetUnit) alanı disabled: true
✅ Hedef Miktar alanının disabled olduğu doğrulandı
  And verify field "Hedef Miktar" is disabled                                            # stepDefs.GeneralConditionStepDefs.verifyFieldIsDisabled(java.lang.String)
🔍 Genel Kondisyon formu iframe'ini arıyoruz...
Toplam 2 iframe[title='Setur'] bulundu
✅ Genel Kondisyon formu iframe'i bulundu (index: 1)
🔍 Temel Ölçü Birimi (#MainMeasureUnitId) alanı disabled: true
✅ Temel Ölçü Birimi alanının disabled olduğu doğrulandı
  And verify field "Temel Ölçü Birimi" is disabled                                       # stepDefs.GeneralConditionStepDefs.verifyFieldIsDisabled(java.lang.String)
🔍 Genel Kondisyon formu iframe'ini arıyoruz...
Toplam 2 iframe[title='Setur'] bulundu
✅ Genel Kondisyon formu iframe'i bulundu (index: 1)
🔍 Çarpan Var mı? (#yes_HasMultiplier) radio group disabled: true (yes: true, no: true)
✅ Çarpan Var mı? alanının disabled olduğu doğrulandı
  And verify field "Çarpan Var mı?" is disabled                                          # stepDefs.GeneralConditionStepDefs.verifyFieldIsDisabled(java.lang.String)
🔍 Genel Kondisyon formu iframe'ini arıyoruz...
Toplam 2 iframe[title='Setur'] bulundu
✅ Genel Kondisyon formu iframe'i bulundu (index: 1)
🔍 Birim Çarpanı (#UnitMultipler) alanı disabled: true
✅ Birim Çarpanı alanının disabled olduğu doğrulandı
  And verify field "Birim Çarpanı" is disabled                                           # stepDefs.GeneralConditionStepDefs.verifyFieldIsDisabled(java.lang.String)
🔍 Genel Kondisyon formu iframe'ini arıyoruz...
Toplam 2 iframe[title='Setur'] bulundu
✅ Genel Kondisyon formu iframe'i bulundu (index: 1)
🔍 Toplam 27 label bulundu, 'Kdv Dahil mi?' arıyoruz...
✅ 'Kdv Dahil mi?' için label bulundu: Kdv Dahil mi?*
🔍 Kdv Dahil mi? (#yes_IsVatInclude) label yıldız kontrolü:
   Label text: Kdv Dahil mi?*
   Label HTML snippet: Kdv Dahil mi?<span class="requiredIcon">*</span>
   Parent HTML snippet: 
<label class="col-xs-4 control-label" for="IsVatInclude" id="IsVatIncludeLblId">Kdv Dahil mi?<span class="requiredIcon">*</span></label>
<div class="input-group col-xs-8"><input data-val="true" data-...
   Has asterisk: true
✅ Kdv Dahil mi? alanının label'ında yıldız (*) olduğu doğrulandı
  And verify field "Kdv Dahil mi?" has required asterisk                                 # stepDefs.GeneralConditionStepDefs.verifyFieldHasRequiredAsterisk(java.lang.String)
🔍 Genel Kondisyon formu iframe'ini arıyoruz...
Toplam 2 iframe[title='Setur'] bulundu
✅ Genel Kondisyon formu iframe'i bulundu (index: 1)
🔍 Hesaplama Periyodu (#ContractRebatePeriodTypeId) label yıldız kontrolü:
   Label text: Hesaplama Periyodu*
   Label HTML snippet: Hesaplama Periyodu<span class="requiredIcon">*</span>
   Parent HTML snippet: 
<label class="col-xs-4 control-label" for="ContractRebatePeriodTypeId" id="ContractRebatePeriodTypeIdLblId">Hesaplama Periyodu<span class="requiredIcon">*</span></label>
<div class="input-group col-x...
   Has asterisk: true
✅ Hesaplama Periyodu alanının label'ında yıldız (*) olduğu doğrulandı
  And verify field "Hesaplama Periyodu" has required asterisk                            # stepDefs.GeneralConditionStepDefs.verifyFieldHasRequiredAsterisk(java.lang.String)
🔍 Genel Kondisyon formu iframe'ini arıyoruz...
Toplam 2 iframe[title='Setur'] bulundu
✅ Genel Kondisyon formu iframe'i bulundu (index: 1)
🔍 Tutar (#RebateValue) alanı mandatory: true
✅ Tutar alanının mandatory olduğu doğrulandı
  And verify field "Tutar" is mandatory                                                  # stepDefs.GeneralConditionStepDefs.verifyFieldIsMandatory(java.lang.String)
🔍 Genel Kondisyon formu iframe'ini arıyoruz...
Toplam 2 iframe[title='Setur'] bulundu
✅ Genel Kondisyon formu iframe'i bulundu (index: 1)
🔍 Oran (#RebateRatio) alanı mandatory: true
✅ Oran alanının mandatory olduğu doğrulandı
  And verify field "Oran" is mandatory                                                   # stepDefs.GeneralConditionStepDefs.verifyFieldIsMandatory(java.lang.String)
🔍 Genel Kondisyon formu iframe'ini arıyoruz...
Toplam 2 iframe[title='Setur'] bulundu
✅ Genel Kondisyon formu iframe'i bulundu (index: 1)
🔍 Marka (#BrandIdArray) alanı optional: true
✅ Marka alanının optional olduğu doğrulandı
  And verify field "Marka" is optional                                                   # stepDefs.GeneralConditionStepDefs.verifyFieldIsOptional(java.lang.String)
🔍 Genel Kondisyon formu iframe'ini arıyoruz...
Toplam 2 iframe[title='Setur'] bulundu
✅ Genel Kondisyon formu iframe'i bulundu (index: 1)
🔍 Açıklama (#ContractRebateUpdateDescription) alanı optional: true
✅ Açıklama alanının optional olduğu doğrulandı
  And verify field "Açıklama" is optional                                                # stepDefs.GeneralConditionStepDefs.verifyFieldIsOptional(java.lang.String)
🔍 Genel Kondisyon formu iframe'ini arıyoruz...
Toplam 2 iframe[title='Setur'] bulundu
✅ Genel Kondisyon formu iframe'i bulundu (index: 1)
🔍 Tutar alanını dolduruluyor: 100
   Kendo widget set: true
✅ Tutar alanı dolduruldu: 100
✅ Tutar alanına '100' değeri girildi
  When fill field "Tutar" with "100"                                                     # stepDefs.GeneralConditionStepDefs.fillFieldWith(java.lang.String,java.lang.String)
🔍 Genel Kondisyon formu iframe'ini arıyoruz...
Toplam 2 iframe[title='Setur'] bulundu
✅ Genel Kondisyon formu iframe'i bulundu (index: 1)
🔍 Oran (#RebateRatio) alanı disabled: true
✅ Oran alanının disabled olduğu doğrulandı
  Then verify field "Oran" is disabled                                                   # stepDefs.GeneralConditionStepDefs.verifyFieldIsDisabled(java.lang.String)
🔍 Genel Kondisyon formu iframe'ini arıyoruz...
Toplam 2 iframe[title='Setur'] bulundu
✅ Genel Kondisyon formu iframe'i bulundu (index: 1)
🔍 Tutar alanı temizleniyor
   Kendo widget clear: true
✅ Tutar alanı temizlendi
✅ Tutar alanı temizlendi
  When clear field "Tutar"                                                               # stepDefs.GeneralConditionStepDefs.clearField(java.lang.String)
🔍 Genel Kondisyon formu iframe'ini arıyoruz...
Toplam 2 iframe[title='Setur'] bulundu
✅ Genel Kondisyon formu iframe'i bulundu (index: 1)
🔍 Oran (#RebateRatio) alanı disabled: false
✅ Oran alanının disabled olmadığı doğrulandı
  Then verify field "Oran" is not disabled                                               # stepDefs.GeneralConditionStepDefs.verifyFieldIsNotDisabled(java.lang.String)
🔍 Genel Kondisyon formu iframe'ini arıyoruz...
Toplam 2 iframe[title='Setur'] bulundu
✅ Genel Kondisyon formu iframe'i bulundu (index: 1)
🔍 Oran alanını dolduruluyor: 10
   Kendo widget set: true
✅ Oran alanı dolduruldu: 10
✅ Oran alanına '10' değeri girildi
  When fill field "Oran" with "10"                                                       # stepDefs.GeneralConditionStepDefs.fillFieldWith(java.lang.String,java.lang.String)
🔍 Genel Kondisyon formu iframe'ini arıyoruz...
Toplam 2 iframe[title='Setur'] bulundu
✅ Genel Kondisyon formu iframe'i bulundu (index: 1)
🔍 Tutar (#RebateValue) alanı disabled: true
✅ Tutar alanının disabled olduğu doğrulandı
  Then verify field "Tutar" is disabled                                                  # stepDefs.GeneralConditionStepDefs.verifyFieldIsDisabled(java.lang.String)

@TEST21
Scenario: Verify field states for Rebate Sales Bonus, Satış Cirosu and Kademeli mi Evet # src/test/resources/generalConditionDefinition.feature:735
  Given navigate to login page                                                          # stepDefs.GlobalStepdefs.navigateToLoginPage()
  When login as special user "RETAIL_SPECIALIST" "rt2390RT!!"                           # stepDefs.LoginStepdefs.loginAsSpecialUser(java.lang.String,java.lang.String)
  And click login button                                                                # stepDefs.LoginStepdefs.clickLoginButton()
  Then verify successful login                                                          # stepDefs.WorkflowInboxStepdefs.verifySuccessfulLogin()
  And click supplier dropdown toggle                                                    # stepDefs.WorkflowInboxStepdefs.clickSupplierDropdownToggle()
  When click contract definition link                                                   # stepDefs.WorkflowInboxStepdefs.clickContractDefinitionLink()
  Then verify contract definition page is displayed                                     # stepDefs.ContractDefinitionStepdefs.verifyContractDefinitionPageIsDisplayed()
✅ Sözleşme adı: FOS-2025-FCA olan sözleşme kontrol edildi
  Given click to sample contract "FOS-2025-FCA"                                         # stepDefs.GeneralConditionStepDefs.clickToSampleContract(java.lang.String)
✅ Arama butonuna tıklandı
  And click to search button on definition page                                         # stepDefs.GeneralConditionStepDefs.clickToSearchButton()
✅ İlk düzenleme butonuna tıklandı
  And click to first edit button on definition page                                     # stepDefs.GeneralConditionStepDefs.clickToFirstEdit()
🔍 Tab yapısını kontrol ediyoruz...
Toplam 2 tab bulundu
  Tab 0: text='Genel Kondisyon', selected=true, class='k-item k-state-default k-first k-tab-on-top k-state-active'
  Tab 1: text='Temsilci Kondisyon', selected=false, class='k-item k-state-default k-last'
🔍 'Genel Kondisyon' tab'ına tıklanıyor...
✅ 'Genel Kondisyon' tab'ına tıklandı
🔍 Butona tıklamadan önce 2 popup var
✅ Yeni genel kondisyon butonuna tıklandı
⚠️ Yeni popup açılmadı, popup sayısı: 2
✅ Yeni genel kondisyon butonuna tıklandı
  When click to new general condition button                                            # stepDefs.GeneralConditionStepDefs.clickToNewGeneralConditionButton()
🔍 Genel Kondisyon Tanımlama popup'ını kontrol ediyoruz...
Toplam 2 popup title bulundu
  Popup 0 title: 'Sözleşme Güncelleme'
  Popup 1 title: 'Setur'
⚠️ 'Genel Kondisyon Tanımlama' title'ı bulunamadı ama devam ediliyor...
✅ Yeni genel kondisyon formunun görüntülendiği doğrulandı
  Then verify new general condition form is displayed                                   # stepDefs.GeneralConditionStepDefs.verifyNewGeneralConditionFormIsDisplayed()
🔍 Genel Kondisyon formu iframe'ini arıyoruz...
Toplam 1 iframe[title='Setur'] bulundu
❌ Genel Kondisyon formu iframe'i bulunamadı: Hiçbir iframe'de #ContractRebateTypeId bulunamadı
  When select condition type "Rebate Sales Bonus"                                       # stepDefs.GeneralConditionStepDefs.selectConditionType(java.lang.String)
      java.lang.RuntimeException: Genel Kondisyon formu iframe'i bulunamadı
      	at pages.SupplierPages.GeneralConditionPage.getGeneralConditionFrame(GeneralConditionPage.java:652)
      	at pages.SupplierPages.GeneralConditionPage.selectConditionType(GeneralConditionPage.java:63)
      	at stepDefs.GeneralConditionStepDefs.selectConditionType(GeneralConditionStepDefs.java:73)
      	at ✽.select condition type "Rebate Sales Bonus"(file:///Users/gini/VSCodeProjects/RetailTRUI/src/test/resources/generalConditionDefinition.feature:743)
      Caused by: java.lang.Exception: Hiçbir iframe'de #ContractRebateTypeId bulunamadı
      	at pages.SupplierPages.GeneralConditionPage.getGeneralConditionFrame(GeneralConditionPage.java:648)
      	... 3 more
  And select calculation type "Satış Cirosu"                                            # stepDefs.GeneralConditionStepDefs.selectCalculationType(java.lang.String)
  And select "Evet" for field "Kademeli mi?"                                            # stepDefs.GeneralConditionStepDefs.selectRadioButtonForField(java.lang.String,java.lang.String)
  Then verify field "Hedef Ciro" is disabled                                            # stepDefs.GeneralConditionStepDefs.verifyFieldIsDisabled(java.lang.String)
  And verify field "Tutar" is disabled                                                  # stepDefs.GeneralConditionStepDefs.verifyFieldIsDisabled(java.lang.String)
  And verify field "Oran" is disabled                                                   # stepDefs.GeneralConditionStepDefs.verifyFieldIsDisabled(java.lang.String)
  And verify field "Temel Ölçü Birimi" is disabled                                      # stepDefs.GeneralConditionStepDefs.verifyFieldIsDisabled(java.lang.String)
  And verify field "Hedef Miktar" is disabled                                           # stepDefs.GeneralConditionStepDefs.verifyFieldIsDisabled(java.lang.String)
  And verify field "Çarpan Var mı?" is disabled                                         # stepDefs.GeneralConditionStepDefs.verifyFieldIsDisabled(java.lang.String)
  And verify field "Birim Çarpanı" is disabled                                          # stepDefs.GeneralConditionStepDefs.verifyFieldIsDisabled(java.lang.String)
  And verify field "Kdv Dahil mi?" has required asterisk                                # stepDefs.GeneralConditionStepDefs.verifyFieldHasRequiredAsterisk(java.lang.String)
  And verify field "Hesaplama Periyodu" has required asterisk                           # stepDefs.GeneralConditionStepDefs.verifyFieldHasRequiredAsterisk(java.lang.String)
  And verify field "Marka" is optional                                                  # stepDefs.GeneralConditionStepDefs.verifyFieldIsOptional(java.lang.String)
  And verify field "Açıklama" is optional                                               # stepDefs.GeneralConditionStepDefs.verifyFieldIsOptional(java.lang.String)

@TEST22
Scenario: Verify field states for Rebate Sales Bonus and Hesaplamasız # src/test/resources/generalConditionDefinition.feature:765
  Given navigate to login page                                        # stepDefs.GlobalStepdefs.navigateToLoginPage()
  When login as special user "RETAIL_SPECIALIST" "rt2390RT!!"         # stepDefs.LoginStepdefs.loginAsSpecialUser(java.lang.String,java.lang.String)
  And click login button                                              # stepDefs.LoginStepdefs.clickLoginButton()
  Then verify successful login                                        # stepDefs.WorkflowInboxStepdefs.verifySuccessfulLogin()
  And click supplier dropdown toggle                                  # stepDefs.WorkflowInboxStepdefs.clickSupplierDropdownToggle()
  When click contract definition link                                 # stepDefs.WorkflowInboxStepdefs.clickContractDefinitionLink()
  Then verify contract definition page is displayed                   # stepDefs.ContractDefinitionStepdefs.verifyContractDefinitionPageIsDisplayed()
✅ Sözleşme adı: FOS-2025-FCA olan sözleşme kontrol edildi
  Given click to sample contract "FOS-2025-FCA"                       # stepDefs.GeneralConditionStepDefs.clickToSampleContract(java.lang.String)
✅ Arama butonuna tıklandı
  And click to search button on definition page                       # stepDefs.GeneralConditionStepDefs.clickToSearchButton()
✅ İlk düzenleme butonuna tıklandı
  And click to first edit button on definition page                   # stepDefs.GeneralConditionStepDefs.clickToFirstEdit()
🔍 Tab yapısını kontrol ediyoruz...
Toplam 2 tab bulundu
  Tab 0: text='Genel Kondisyon', selected=false, class='k-item k-state-default k-tab-on-top k-first'
  Tab 1: text='Temsilci Kondisyon', selected=false, class='k-item k-state-default k-last'
🔍 'Genel Kondisyon' tab'ına tıklanıyor...
✅ 'Genel Kondisyon' tab'ına tıklandı
🔍 Butona tıklamadan önce 2 popup var
✅ Yeni genel kondisyon butonuna tıklandı
⚠️ Yeni popup açılmadı, popup sayısı: 3
✅ Yeni genel kondisyon butonuna tıklandı
  When click to new general condition button                          # stepDefs.GeneralConditionStepDefs.clickToNewGeneralConditionButton()
🔍 Genel Kondisyon Tanımlama popup'ını kontrol ediyoruz...
Toplam 3 popup title bulundu
  Popup 0 title: 'Sözleşme Güncelleme'
  Popup 1 title: 'Genel Kondisyon Tanımlama'
  Popup 2 title: 'Setur'
✅ 'Genel Kondisyon Tanımlama' popup görüntülendi
✅ Yeni genel kondisyon formunun görüntülendiği doğrulandı
  Then verify new general condition form is displayed                 # stepDefs.GeneralConditionStepDefs.verifyNewGeneralConditionFormIsDisplayed()
🔍 Genel Kondisyon formu iframe'ini arıyoruz...
Toplam 2 iframe[title='Setur'] bulundu
✅ Genel Kondisyon formu iframe'i bulundu (index: 1)
✅ Kondisyon tipi seçildi: Rebate Sales Bonus
✅ Kondisyon tipi seçildi: Rebate Sales Bonus
  When select condition type "Rebate Sales Bonus"                     # stepDefs.GeneralConditionStepDefs.selectConditionType(java.lang.String)
🔍 Genel Kondisyon formu iframe'ini arıyoruz...
Toplam 2 iframe[title='Setur'] bulundu
✅ Genel Kondisyon formu iframe'i bulundu (index: 1)
✅ Hesaplama tipi seçildi: Hesaplamasız
✅ Hesaplama tipi seçildi: Hesaplamasız
  And select calculation type "Hesaplamasız"                          # stepDefs.GeneralConditionStepDefs.selectCalculationType(java.lang.String)
🔍 Genel Kondisyon formu iframe'ini arıyoruz...
Toplam 2 iframe[title='Setur'] bulundu
✅ Genel Kondisyon formu iframe'i bulundu (index: 1)
🔍 Kademeli mi? (#yes_IsGradual) radio group disabled: true (yes: true, no: true)
✅ Kademeli mi? alanının disabled olduğu doğrulandı
  Then verify field "Kademeli mi?" is disabled                        # stepDefs.GeneralConditionStepDefs.verifyFieldIsDisabled(java.lang.String)
🔍 Genel Kondisyon formu iframe'ini arıyoruz...
Toplam 2 iframe[title='Setur'] bulundu
✅ Genel Kondisyon formu iframe'i bulundu (index: 1)
🔍 Hedef Ciro (#TargetRevenue) alanı disabled: true
✅ Hedef Ciro alanının disabled olduğu doğrulandı
  And verify field "Hedef Ciro" is disabled                           # stepDefs.GeneralConditionStepDefs.verifyFieldIsDisabled(java.lang.String)
🔍 Genel Kondisyon formu iframe'ini arıyoruz...
Toplam 2 iframe[title='Setur'] bulundu
✅ Genel Kondisyon formu iframe'i bulundu (index: 1)
🔍 Oran (#RebateRatio) alanı disabled: true
✅ Oran alanının disabled olduğu doğrulandı
  And verify field "Oran" is disabled                                 # stepDefs.GeneralConditionStepDefs.verifyFieldIsDisabled(java.lang.String)
🔍 Genel Kondisyon formu iframe'ini arıyoruz...
Toplam 2 iframe[title='Setur'] bulundu
✅ Genel Kondisyon formu iframe'i bulundu (index: 1)
🔍 Temel Ölçü Birimi (#MainMeasureUnitId) alanı disabled: true
✅ Temel Ölçü Birimi alanının disabled olduğu doğrulandı
  And verify field "Temel Ölçü Birimi" is disabled                    # stepDefs.GeneralConditionStepDefs.verifyFieldIsDisabled(java.lang.String)
🔍 Genel Kondisyon formu iframe'ini arıyoruz...
Toplam 2 iframe[title='Setur'] bulundu
✅ Genel Kondisyon formu iframe'i bulundu (index: 1)
🔍 Hedef Miktar (#TargetUnit) alanı disabled: true
✅ Hedef Miktar alanının disabled olduğu doğrulandı
  And verify field "Hedef Miktar" is disabled                         # stepDefs.GeneralConditionStepDefs.verifyFieldIsDisabled(java.lang.String)
🔍 Genel Kondisyon formu iframe'ini arıyoruz...
Toplam 2 iframe[title='Setur'] bulundu
✅ Genel Kondisyon formu iframe'i bulundu (index: 1)
🔍 Çarpan Var mı? (#yes_HasMultiplier) radio group disabled: true (yes: true, no: true)
✅ Çarpan Var mı? alanının disabled olduğu doğrulandı
  And verify field "Çarpan Var mı?" is disabled                       # stepDefs.GeneralConditionStepDefs.verifyFieldIsDisabled(java.lang.String)
🔍 Genel Kondisyon formu iframe'ini arıyoruz...
Toplam 2 iframe[title='Setur'] bulundu
✅ Genel Kondisyon formu iframe'i bulundu (index: 1)
🔍 Birim Çarpanı (#UnitMultipler) alanı disabled: true
✅ Birim Çarpanı alanının disabled olduğu doğrulandı
  And verify field "Birim Çarpanı" is disabled                        # stepDefs.GeneralConditionStepDefs.verifyFieldIsDisabled(java.lang.String)
🔍 Genel Kondisyon formu iframe'ini arıyoruz...
Toplam 2 iframe[title='Setur'] bulundu
✅ Genel Kondisyon formu iframe'i bulundu (index: 1)
🔍 Toplam 27 label bulundu, 'Kdv Dahil mi?' arıyoruz...
✅ 'Kdv Dahil mi?' için label bulundu: Kdv Dahil mi?*
🔍 Kdv Dahil mi? (#yes_IsVatInclude) label yıldız kontrolü:
   Label text: Kdv Dahil mi?*
   Label HTML snippet: Kdv Dahil mi?<span class="requiredIcon">*</span>
   Parent HTML snippet: 
<label class="col-xs-4 control-label" for="IsVatInclude" id="IsVatIncludeLblId">Kdv Dahil mi?<span class="requiredIcon">*</span></label>
<div class="input-group col-xs-8"><input data-val="true" data-...
   Has asterisk: true
✅ Kdv Dahil mi? alanının label'ında yıldız (*) olduğu doğrulandı
  And verify field "Kdv Dahil mi?" has required asterisk              # stepDefs.GeneralConditionStepDefs.verifyFieldHasRequiredAsterisk(java.lang.String)
🔍 Genel Kondisyon formu iframe'ini arıyoruz...
Toplam 2 iframe[title='Setur'] bulundu
✅ Genel Kondisyon formu iframe'i bulundu (index: 1)
🔍 Hesaplama Periyodu (#ContractRebatePeriodTypeId) label yıldız kontrolü:
   Label text: Hesaplama Periyodu*
   Label HTML snippet: Hesaplama Periyodu<span class="requiredIcon">*</span>
   Parent HTML snippet: 
<label class="col-xs-4 control-label" for="ContractRebatePeriodTypeId" id="ContractRebatePeriodTypeIdLblId">Hesaplama Periyodu<span class="requiredIcon">*</span></label>
<div class="input-group col-x...
   Has asterisk: true
✅ Hesaplama Periyodu alanının label'ında yıldız (*) olduğu doğrulandı
  And verify field "Hesaplama Periyodu" has required asterisk         # stepDefs.GeneralConditionStepDefs.verifyFieldHasRequiredAsterisk(java.lang.String)
🔍 Genel Kondisyon formu iframe'ini arıyoruz...
Toplam 2 iframe[title='Setur'] bulundu
✅ Genel Kondisyon formu iframe'i bulundu (index: 1)
🔍 Tutar (#RebateValue) alanı mandatory: true
✅ Tutar alanının mandatory olduğu doğrulandı
  And verify field "Tutar" is mandatory                               # stepDefs.GeneralConditionStepDefs.verifyFieldIsMandatory(java.lang.String)
🔍 Genel Kondisyon formu iframe'ini arıyoruz...
Toplam 2 iframe[title='Setur'] bulundu
✅ Genel Kondisyon formu iframe'i bulundu (index: 1)
🔍 Marka (#BrandIdArray) alanı optional: true
✅ Marka alanının optional olduğu doğrulandı
  And verify field "Marka" is optional                                # stepDefs.GeneralConditionStepDefs.verifyFieldIsOptional(java.lang.String)
🔍 Genel Kondisyon formu iframe'ini arıyoruz...
Toplam 2 iframe[title='Setur'] bulundu
✅ Genel Kondisyon formu iframe'i bulundu (index: 1)
🔍 Açıklama (#ContractRebateUpdateDescription) alanı optional: true
✅ Açıklama alanının optional olduğu doğrulandı
  And verify field "Açıklama" is optional                             # stepDefs.GeneralConditionStepDefs.verifyFieldIsOptional(java.lang.String)

@TEST23
Scenario: Verify field states for Rental Fee and Hesaplamasız # src/test/resources/generalConditionDefinition.feature:797
  Given navigate to login page                                # stepDefs.GlobalStepdefs.navigateToLoginPage()
  When login as special user "RETAIL_SPECIALIST" "rt2390RT!!" # stepDefs.LoginStepdefs.loginAsSpecialUser(java.lang.String,java.lang.String)
  And click login button                                      # stepDefs.LoginStepdefs.clickLoginButton()
  Then verify successful login                                # stepDefs.WorkflowInboxStepdefs.verifySuccessfulLogin()
  And click supplier dropdown toggle                          # stepDefs.WorkflowInboxStepdefs.clickSupplierDropdownToggle()
  When click contract definition link                         # stepDefs.WorkflowInboxStepdefs.clickContractDefinitionLink()
  Then verify contract definition page is displayed           # stepDefs.ContractDefinitionStepdefs.verifyContractDefinitionPageIsDisplayed()
✅ Sözleşme adı: FOS-2025-FCA olan sözleşme kontrol edildi
  Given click to sample contract "FOS-2025-FCA"               # stepDefs.GeneralConditionStepDefs.clickToSampleContract(java.lang.String)
✅ Arama butonuna tıklandı
  And click to search button on definition page               # stepDefs.GeneralConditionStepDefs.clickToSearchButton()
✅ İlk düzenleme butonuna tıklandı
  And click to first edit button on definition page           # stepDefs.GeneralConditionStepDefs.clickToFirstEdit()
🔍 Tab yapısını kontrol ediyoruz...
Toplam 2 tab bulundu
  Tab 0: text='Genel Kondisyon', selected=true, class='k-item k-state-default k-state-active'
  Tab 1: text='Temsilci Kondisyon', selected=false, class='k-item k-state-default'
🔍 'Genel Kondisyon' tab'ına tıklanıyor...
✅ 'Genel Kondisyon' tab'ına tıklandı
🔍 Butona tıklamadan önce 2 popup var
✅ Yeni genel kondisyon butonuna tıklandı
⚠️ Yeni popup açılmadı, popup sayısı: 2
✅ Yeni genel kondisyon butonuna tıklandı
  When click to new general condition button                  # stepDefs.GeneralConditionStepDefs.clickToNewGeneralConditionButton()
🔍 Genel Kondisyon Tanımlama popup'ını kontrol ediyoruz...
Toplam 3 popup title bulundu
  Popup 0 title: 'Sözleşme Güncelleme'
  Popup 1 title: 'Genel Kondisyon Tanımlama'
  Popup 2 title: 'Setur'
✅ 'Genel Kondisyon Tanımlama' popup görüntülendi
✅ Yeni genel kondisyon formunun görüntülendiği doğrulandı
  Then verify new general condition form is displayed         # stepDefs.GeneralConditionStepDefs.verifyNewGeneralConditionFormIsDisplayed()
🔍 Genel Kondisyon formu iframe'ini arıyoruz...
Toplam 2 iframe[title='Setur'] bulundu
✅ Genel Kondisyon formu iframe'i bulundu (index: 1)
✅ Kondisyon tipi seçildi: Rental Fee
✅ Kondisyon tipi seçildi: Rental Fee
  When select condition type "Rental Fee"                     # stepDefs.GeneralConditionStepDefs.selectConditionType(java.lang.String)
🔍 Genel Kondisyon formu iframe'ini arıyoruz...
Toplam 2 iframe[title='Setur'] bulundu
✅ Genel Kondisyon formu iframe'i bulundu (index: 1)
✅ Hesaplama tipi seçildi: Hesaplamasız
✅ Hesaplama tipi seçildi: Hesaplamasız
  And select calculation type "Hesaplamasız"                  # stepDefs.GeneralConditionStepDefs.selectCalculationType(java.lang.String)
🔍 Genel Kondisyon formu iframe'ini arıyoruz...
Toplam 2 iframe[title='Setur'] bulundu
✅ Genel Kondisyon formu iframe'i bulundu (index: 1)
🔍 Kademeli mi? (#yes_IsGradual) radio group disabled: true (yes: true, no: true)
✅ Kademeli mi? alanının disabled olduğu doğrulandı
  Then verify field "Kademeli mi?" is disabled                # stepDefs.GeneralConditionStepDefs.verifyFieldIsDisabled(java.lang.String)
🔍 Genel Kondisyon formu iframe'ini arıyoruz...
Toplam 2 iframe[title='Setur'] bulundu
✅ Genel Kondisyon formu iframe'i bulundu (index: 1)
🔍 Hedef Ciro (#TargetRevenue) alanı disabled: true
✅ Hedef Ciro alanının disabled olduğu doğrulandı
  And verify field "Hedef Ciro" is disabled                   # stepDefs.GeneralConditionStepDefs.verifyFieldIsDisabled(java.lang.String)
🔍 Genel Kondisyon formu iframe'ini arıyoruz...
Toplam 2 iframe[title='Setur'] bulundu
✅ Genel Kondisyon formu iframe'i bulundu (index: 1)
🔍 Oran (#RebateRatio) alanı disabled: true
✅ Oran alanının disabled olduğu doğrulandı
  And verify field "Oran" is disabled                         # stepDefs.GeneralConditionStepDefs.verifyFieldIsDisabled(java.lang.String)
🔍 Genel Kondisyon formu iframe'ini arıyoruz...
Toplam 2 iframe[title='Setur'] bulundu
✅ Genel Kondisyon formu iframe'i bulundu (index: 1)
🔍 Temel Ölçü Birimi (#MainMeasureUnitId) alanı disabled: true
✅ Temel Ölçü Birimi alanının disabled olduğu doğrulandı
  And verify field "Temel Ölçü Birimi" is disabled            # stepDefs.GeneralConditionStepDefs.verifyFieldIsDisabled(java.lang.String)
🔍 Genel Kondisyon formu iframe'ini arıyoruz...
Toplam 2 iframe[title='Setur'] bulundu
✅ Genel Kondisyon formu iframe'i bulundu (index: 1)
🔍 Hedef Miktar (#TargetUnit) alanı disabled: true
✅ Hedef Miktar alanının disabled olduğu doğrulandı
  And verify field "Hedef Miktar" is disabled                 # stepDefs.GeneralConditionStepDefs.verifyFieldIsDisabled(java.lang.String)
🔍 Genel Kondisyon formu iframe'ini arıyoruz...
Toplam 2 iframe[title='Setur'] bulundu
✅ Genel Kondisyon formu iframe'i bulundu (index: 1)
🔍 Çarpan Var mı? (#yes_HasMultiplier) radio group disabled: true (yes: true, no: true)
✅ Çarpan Var mı? alanının disabled olduğu doğrulandı
  And verify field "Çarpan Var mı?" is disabled               # stepDefs.GeneralConditionStepDefs.verifyFieldIsDisabled(java.lang.String)
🔍 Genel Kondisyon formu iframe'ini arıyoruz...
Toplam 2 iframe[title='Setur'] bulundu
✅ Genel Kondisyon formu iframe'i bulundu (index: 1)
🔍 Birim Çarpanı (#UnitMultipler) alanı disabled: true
✅ Birim Çarpanı alanının disabled olduğu doğrulandı
  And verify field "Birim Çarpanı" is disabled                # stepDefs.GeneralConditionStepDefs.verifyFieldIsDisabled(java.lang.String)
🔍 Genel Kondisyon formu iframe'ini arıyoruz...
Toplam 2 iframe[title='Setur'] bulundu
✅ Genel Kondisyon formu iframe'i bulundu (index: 1)
🔍 Toplam 27 label bulundu, 'Kdv Dahil mi?' arıyoruz...
✅ 'Kdv Dahil mi?' için label bulundu: Kdv Dahil mi?*
🔍 Kdv Dahil mi? (#yes_IsVatInclude) label yıldız kontrolü:
   Label text: Kdv Dahil mi?*
   Label HTML snippet: Kdv Dahil mi?<span class="requiredIcon">*</span>
   Parent HTML snippet: 
<label class="col-xs-4 control-label" for="IsVatInclude" id="IsVatIncludeLblId">Kdv Dahil mi?<span class="requiredIcon">*</span></label>
<div class="input-group col-xs-8"><input data-val="true" data-...
   Has asterisk: true
✅ Kdv Dahil mi? alanının label'ında yıldız (*) olduğu doğrulandı
  And verify field "Kdv Dahil mi?" has required asterisk      # stepDefs.GeneralConditionStepDefs.verifyFieldHasRequiredAsterisk(java.lang.String)
🔍 Genel Kondisyon formu iframe'ini arıyoruz...
Toplam 2 iframe[title='Setur'] bulundu
✅ Genel Kondisyon formu iframe'i bulundu (index: 1)
🔍 Hesaplama Periyodu (#ContractRebatePeriodTypeId) label yıldız kontrolü:
   Label text: Hesaplama Periyodu*
   Label HTML snippet: Hesaplama Periyodu<span class="requiredIcon">*</span>
   Parent HTML snippet: 
<label class="col-xs-4 control-label" for="ContractRebatePeriodTypeId" id="ContractRebatePeriodTypeIdLblId">Hesaplama Periyodu<span class="requiredIcon">*</span></label>
<div class="input-group col-x...
   Has asterisk: true
✅ Hesaplama Periyodu alanının label'ında yıldız (*) olduğu doğrulandı
  And verify field "Hesaplama Periyodu" has required asterisk # stepDefs.GeneralConditionStepDefs.verifyFieldHasRequiredAsterisk(java.lang.String)
🔍 Genel Kondisyon formu iframe'ini arıyoruz...
Toplam 2 iframe[title='Setur'] bulundu
✅ Genel Kondisyon formu iframe'i bulundu (index: 1)
🔍 Tutar (#RebateValue) alanı mandatory: true
✅ Tutar alanının mandatory olduğu doğrulandı
  And verify field "Tutar" is mandatory                       # stepDefs.GeneralConditionStepDefs.verifyFieldIsMandatory(java.lang.String)
🔍 Genel Kondisyon formu iframe'ini arıyoruz...
Toplam 2 iframe[title='Setur'] bulundu
✅ Genel Kondisyon formu iframe'i bulundu (index: 1)
🔍 Marka (#BrandIdArray) alanı optional: true
✅ Marka alanının optional olduğu doğrulandı
  And verify field "Marka" is optional                        # stepDefs.GeneralConditionStepDefs.verifyFieldIsOptional(java.lang.String)
🔍 Genel Kondisyon formu iframe'ini arıyoruz...
Toplam 2 iframe[title='Setur'] bulundu
✅ Genel Kondisyon formu iframe'i bulundu (index: 1)
🔍 Açıklama (#ContractRebateUpdateDescription) alanı optional: true
✅ Açıklama alanının optional olduğu doğrulandı
  And verify field "Açıklama" is optional                     # stepDefs.GeneralConditionStepDefs.verifyFieldIsOptional(java.lang.String)

@TEST24
Scenario: Verify field states for Promotion Rental Fee and Hesaplamasız # src/test/resources/generalConditionDefinition.feature:829
  Given navigate to login page                                          # stepDefs.GlobalStepdefs.navigateToLoginPage()
  When login as special user "RETAIL_SPECIALIST" "rt2390RT!!"           # stepDefs.LoginStepdefs.loginAsSpecialUser(java.lang.String,java.lang.String)
  And click login button                                                # stepDefs.LoginStepdefs.clickLoginButton()
  Then verify successful login                                          # stepDefs.WorkflowInboxStepdefs.verifySuccessfulLogin()
  And click supplier dropdown toggle                                    # stepDefs.WorkflowInboxStepdefs.clickSupplierDropdownToggle()
  When click contract definition link                                   # stepDefs.WorkflowInboxStepdefs.clickContractDefinitionLink()
  Then verify contract definition page is displayed                     # stepDefs.ContractDefinitionStepdefs.verifyContractDefinitionPageIsDisplayed()
✅ Sözleşme adı: FOS-2025-FCA olan sözleşme kontrol edildi
  Given click to sample contract "FOS-2025-FCA"                         # stepDefs.GeneralConditionStepDefs.clickToSampleContract(java.lang.String)
✅ Arama butonuna tıklandı
  And click to search button on definition page                         # stepDefs.GeneralConditionStepDefs.clickToSearchButton()
✅ İlk düzenleme butonuna tıklandı
  And click to first edit button on definition page                     # stepDefs.GeneralConditionStepDefs.clickToFirstEdit()
🔍 Tab yapısını kontrol ediyoruz...
Toplam 2 tab bulundu
  Tab 0: text='Genel Kondisyon', selected=false, class='k-item k-state-default k-tab-on-top k-first'
  Tab 1: text='Temsilci Kondisyon', selected=false, class='k-item k-state-default k-last'
🔍 'Genel Kondisyon' tab'ına tıklanıyor...
✅ 'Genel Kondisyon' tab'ına tıklandı
🔍 Butona tıklamadan önce 2 popup var
✅ Yeni genel kondisyon butonuna tıklandı
⚠️ Yeni popup açılmadı, popup sayısı: 2
✅ Yeni genel kondisyon butonuna tıklandı
  When click to new general condition button                            # stepDefs.GeneralConditionStepDefs.clickToNewGeneralConditionButton()
🔍 Genel Kondisyon Tanımlama popup'ını kontrol ediyoruz...
Toplam 3 popup title bulundu
  Popup 0 title: 'Sözleşme Güncelleme'
  Popup 1 title: 'Genel Kondisyon Tanımlama'
  Popup 2 title: 'Setur'
✅ 'Genel Kondisyon Tanımlama' popup görüntülendi
✅ Yeni genel kondisyon formunun görüntülendiği doğrulandı
  Then verify new general condition form is displayed                   # stepDefs.GeneralConditionStepDefs.verifyNewGeneralConditionFormIsDisplayed()
🔍 Genel Kondisyon formu iframe'ini arıyoruz...
Toplam 2 iframe[title='Setur'] bulundu
✅ Genel Kondisyon formu iframe'i bulundu (index: 1)
✅ Kondisyon tipi seçildi: Promotion Rental Fee
✅ Kondisyon tipi seçildi: Promotion Rental Fee
  When select condition type "Promotion Rental Fee"                     # stepDefs.GeneralConditionStepDefs.selectConditionType(java.lang.String)
🔍 Genel Kondisyon formu iframe'ini arıyoruz...
Toplam 2 iframe[title='Setur'] bulundu
✅ Genel Kondisyon formu iframe'i bulundu (index: 1)
  And select calculation type "Hesaplamasız"                            # stepDefs.GeneralConditionStepDefs.selectCalculationType(java.lang.String)
      com.microsoft.playwright.TimeoutError: Error {
        message='Timeout 30000ms exceeded.
        name='TimeoutError
        stack='TimeoutError: Timeout 30000ms exceeded.
          at ProgressController.run (/private/var/folders/w6/jrpp_53910n8k63fqkg0h6v80000gn/T/playwright-java-1379698826482987660/package/lib/server/progress.js:75:26)
          at Frame.click (/private/var/folders/w6/jrpp_53910n8k63fqkg0h6v80000gn/T/playwright-java-1379698826482987660/package/lib/server/frames.js:1022:23)
          at FrameDispatcher.click (/private/var/folders/w6/jrpp_53910n8k63fqkg0h6v80000gn/T/playwright-java-1379698826482987660/package/lib/server/dispatchers/frameDispatcher.js:157:30)
          at FrameDispatcher._handleCommand (/private/var/folders/w6/jrpp_53910n8k63fqkg0h6v80000gn/T/playwright-java-1379698826482987660/package/lib/server/dispatchers/dispatcher.js:96:40)
          at DispatcherConnection.dispatch (/private/var/folders/w6/jrpp_53910n8k63fqkg0h6v80000gn/T/playwright-java-1379698826482987660/package/lib/server/dispatchers/dispatcher.js:366:39)
      }
      Call log:
      -   - waiting for locator("iframe[title='Setur']").nth(1).contentFrame().locator("#ReckoningSourceId_listbox").locator("li").filter(new Locator.FilterOptions().setHasText("Hesaplamasız")).first()
      -     - locator resolved to <li tabindex="-1" role="option" class="k-item" unselectable="on">Hesaplamasız</li>
      -   - attempting click action
      -     2 × waiting for element to be visible, enabled and stable
      -       - element is not visible
      -     - retrying click action
      -     - waiting 20ms
      -     2 × waiting for element to be visible, enabled and stable
      -       - element is not visible
      -     - retrying click action
      -       - waiting 100ms
      -     58 × waiting for element to be visible, enabled and stable
      -        - element is not visible
      -      - retrying click action
      -        - waiting 500ms
      
      	at com.microsoft.playwright.impl.WaitableResult.get(WaitableResult.java:52)
      	at com.microsoft.playwright.impl.ChannelOwner.runUntil(ChannelOwner.java:132)
      	at com.microsoft.playwright.impl.Connection.sendMessage(Connection.java:130)
      	at com.microsoft.playwright.impl.ChannelOwner.sendMessage(ChannelOwner.java:118)
      	at com.microsoft.playwright.impl.FrameImpl.clickImpl(FrameImpl.java:252)
      	at com.microsoft.playwright.impl.FrameImpl.lambda$click$8(FrameImpl.java:243)
      	at com.microsoft.playwright.impl.LoggingSupport.lambda$withLogging$0(LoggingSupport.java:36)
      	at com.microsoft.playwright.impl.LoggingSupport.withLogging(LoggingSupport.java:47)
      	at com.microsoft.playwright.impl.ChannelOwner.withLogging(ChannelOwner.java:97)
      	at com.microsoft.playwright.impl.LoggingSupport.withLogging(LoggingSupport.java:35)
      	at com.microsoft.playwright.impl.FrameImpl.click(FrameImpl.java:243)
      	at com.microsoft.playwright.impl.LocatorImpl.click(LocatorImpl.java:174)
      	at com.microsoft.playwright.Locator.click(Locator.java:2508)
      	at pages.SupplierPages.GeneralConditionPage.selectCalculationType(GeneralConditionPage.java:124)
      	at stepDefs.GeneralConditionStepDefs.selectCalculationType(GeneralConditionStepDefs.java:85)
      	at ✽.select calculation type "Hesaplamasız"(file:///Users/gini/VSCodeProjects/RetailTRUI/src/test/resources/generalConditionDefinition.feature:838)
      Caused by: com.microsoft.playwright.TimeoutError: Error {
        message='Timeout 30000ms exceeded.
        name='TimeoutError
        stack='TimeoutError: Timeout 30000ms exceeded.
          at ProgressController.run (/private/var/folders/w6/jrpp_53910n8k63fqkg0h6v80000gn/T/playwright-java-1379698826482987660/package/lib/server/progress.js:75:26)
          at Frame.click (/private/var/folders/w6/jrpp_53910n8k63fqkg0h6v80000gn/T/playwright-java-1379698826482987660/package/lib/server/frames.js:1022:23)
          at FrameDispatcher.click (/private/var/folders/w6/jrpp_53910n8k63fqkg0h6v80000gn/T/playwright-java-1379698826482987660/package/lib/server/dispatchers/frameDispatcher.js:157:30)
          at FrameDispatcher._handleCommand (/private/var/folders/w6/jrpp_53910n8k63fqkg0h6v80000gn/T/playwright-java-1379698826482987660/package/lib/server/dispatchers/dispatcher.js:96:40)
          at DispatcherConnection.dispatch (/private/var/folders/w6/jrpp_53910n8k63fqkg0h6v80000gn/T/playwright-java-1379698826482987660/package/lib/server/dispatchers/dispatcher.js:366:39)
      }
      Call log:
      -   - waiting for locator("iframe[title='Setur']").nth(1).contentFrame().locator("#ReckoningSourceId_listbox").locator("li").filter(new Locator.FilterOptions().setHasText("Hesaplamasız")).first()
      -     - locator resolved to <li tabindex="-1" role="option" class="k-item" unselectable="on">Hesaplamasız</li>
      -   - attempting click action
      -     2 × waiting for element to be visible, enabled and stable
      -       - element is not visible
      -     - retrying click action
      -     - waiting 20ms
      -     2 × waiting for element to be visible, enabled and stable
      -       - element is not visible
      -     - retrying click action
      -       - waiting 100ms
      -     58 × waiting for element to be visible, enabled and stable
      -        - element is not visible
      -      - retrying click action
      -        - waiting 500ms
      
      	at com.microsoft.playwright.impl.Connection.dispatch(Connection.java:254)
      	at com.microsoft.playwright.impl.Connection.processOneMessage(Connection.java:211)
      	at com.microsoft.playwright.impl.ChannelOwner.runUntil(ChannelOwner.java:130)
      	... 14 more
  Then verify field "Kademeli mi?" is disabled                          # stepDefs.GeneralConditionStepDefs.verifyFieldIsDisabled(java.lang.String)
  And verify field "Hedef Ciro" is disabled                             # stepDefs.GeneralConditionStepDefs.verifyFieldIsDisabled(java.lang.String)
  And verify field "Oran" is disabled                                   # stepDefs.GeneralConditionStepDefs.verifyFieldIsDisabled(java.lang.String)
  And verify field "Temel Ölçü Birimi" is disabled                      # stepDefs.GeneralConditionStepDefs.verifyFieldIsDisabled(java.lang.String)
  And verify field "Hedef Miktar" is disabled                           # stepDefs.GeneralConditionStepDefs.verifyFieldIsDisabled(java.lang.String)
  And verify field "Çarpan Var mı?" is disabled                         # stepDefs.GeneralConditionStepDefs.verifyFieldIsDisabled(java.lang.String)
  And verify field "Birim Çarpanı" is disabled                          # stepDefs.GeneralConditionStepDefs.verifyFieldIsDisabled(java.lang.String)
  And verify field "Kdv Dahil mi?" has required asterisk                # stepDefs.GeneralConditionStepDefs.verifyFieldHasRequiredAsterisk(java.lang.String)
  And verify field "Hesaplama Periyodu" has required asterisk           # stepDefs.GeneralConditionStepDefs.verifyFieldHasRequiredAsterisk(java.lang.String)
  And verify field "Tutar" is mandatory                                 # stepDefs.GeneralConditionStepDefs.verifyFieldIsMandatory(java.lang.String)
  And verify field "Marka" is optional                                  # stepDefs.GeneralConditionStepDefs.verifyFieldIsOptional(java.lang.String)
  And verify field "Açıklama" is optional                               # stepDefs.GeneralConditionStepDefs.verifyFieldIsOptional(java.lang.String)

@TEST25
Scenario: Verify field states for Marketing Activity and Hesaplamasız # src/test/resources/generalConditionDefinition.feature:861
  Given navigate to login page                                        # stepDefs.GlobalStepdefs.navigateToLoginPage()
  When login as special user "RETAIL_SPECIALIST" "rt2390RT!!"         # stepDefs.LoginStepdefs.loginAsSpecialUser(java.lang.String,java.lang.String)
  And click login button                                              # stepDefs.LoginStepdefs.clickLoginButton()
  Then verify successful login                                        # stepDefs.WorkflowInboxStepdefs.verifySuccessfulLogin()
  And click supplier dropdown toggle                                  # stepDefs.WorkflowInboxStepdefs.clickSupplierDropdownToggle()
  When click contract definition link                                 # stepDefs.WorkflowInboxStepdefs.clickContractDefinitionLink()
  Then verify contract definition page is displayed                   # stepDefs.ContractDefinitionStepdefs.verifyContractDefinitionPageIsDisplayed()
✅ Sözleşme adı: FOS-2025-FCA olan sözleşme kontrol edildi
  Given click to sample contract "FOS-2025-FCA"                       # stepDefs.GeneralConditionStepDefs.clickToSampleContract(java.lang.String)
✅ Arama butonuna tıklandı
  And click to search button on definition page                       # stepDefs.GeneralConditionStepDefs.clickToSearchButton()
✅ İlk düzenleme butonuna tıklandı
  And click to first edit button on definition page                   # stepDefs.GeneralConditionStepDefs.clickToFirstEdit()
🔍 Tab yapısını kontrol ediyoruz...
Toplam 2 tab bulundu
  Tab 0: text='Genel Kondisyon', selected=false, class='k-item k-state-default k-tab-on-top k-first'
  Tab 1: text='Temsilci Kondisyon', selected=false, class='k-item k-state-default k-last'
🔍 'Genel Kondisyon' tab'ına tıklanıyor...
✅ 'Genel Kondisyon' tab'ına tıklandı
🔍 Butona tıklamadan önce 2 popup var
✅ Yeni genel kondisyon butonuna tıklandı
⚠️ Yeni popup açılmadı, popup sayısı: 3
✅ Yeni genel kondisyon butonuna tıklandı
  When click to new general condition button                          # stepDefs.GeneralConditionStepDefs.clickToNewGeneralConditionButton()
🔍 Genel Kondisyon Tanımlama popup'ını kontrol ediyoruz...
Toplam 3 popup title bulundu
  Popup 0 title: 'Sözleşme Güncelleme'
  Popup 1 title: 'Genel Kondisyon Tanımlama'
  Popup 2 title: 'Setur'
✅ 'Genel Kondisyon Tanımlama' popup görüntülendi
✅ Yeni genel kondisyon formunun görüntülendiği doğrulandı
  Then verify new general condition form is displayed                 # stepDefs.GeneralConditionStepDefs.verifyNewGeneralConditionFormIsDisplayed()
🔍 Genel Kondisyon formu iframe'ini arıyoruz...
Toplam 2 iframe[title='Setur'] bulundu
✅ Genel Kondisyon formu iframe'i bulundu (index: 1)
✅ Kondisyon tipi seçildi: Marketing Activity
✅ Kondisyon tipi seçildi: Marketing Activity
  When select condition type "Marketing Activity"                     # stepDefs.GeneralConditionStepDefs.selectConditionType(java.lang.String)
🔍 Genel Kondisyon formu iframe'ini arıyoruz...
Toplam 2 iframe[title='Setur'] bulundu
✅ Genel Kondisyon formu iframe'i bulundu (index: 1)
✅ Hesaplama tipi seçildi: Hesaplamasız
✅ Hesaplama tipi seçildi: Hesaplamasız
  And select calculation type "Hesaplamasız"                          # stepDefs.GeneralConditionStepDefs.selectCalculationType(java.lang.String)
🔍 Genel Kondisyon formu iframe'ini arıyoruz...
Toplam 2 iframe[title='Setur'] bulundu
✅ Genel Kondisyon formu iframe'i bulundu (index: 1)
🔍 Kademeli mi? (#yes_IsGradual) radio group disabled: true (yes: true, no: true)
✅ Kademeli mi? alanının disabled olduğu doğrulandı
  Then verify field "Kademeli mi?" is disabled                        # stepDefs.GeneralConditionStepDefs.verifyFieldIsDisabled(java.lang.String)
🔍 Genel Kondisyon formu iframe'ini arıyoruz...
Toplam 2 iframe[title='Setur'] bulundu
✅ Genel Kondisyon formu iframe'i bulundu (index: 1)
🔍 Hedef Ciro (#TargetRevenue) alanı disabled: true
✅ Hedef Ciro alanının disabled olduğu doğrulandı
  And verify field "Hedef Ciro" is disabled                           # stepDefs.GeneralConditionStepDefs.verifyFieldIsDisabled(java.lang.String)
🔍 Genel Kondisyon formu iframe'ini arıyoruz...
Toplam 2 iframe[title='Setur'] bulundu
✅ Genel Kondisyon formu iframe'i bulundu (index: 1)
🔍 Oran (#RebateRatio) alanı disabled: true
✅ Oran alanının disabled olduğu doğrulandı
  And verify field "Oran" is disabled                                 # stepDefs.GeneralConditionStepDefs.verifyFieldIsDisabled(java.lang.String)
🔍 Genel Kondisyon formu iframe'ini arıyoruz...
Toplam 2 iframe[title='Setur'] bulundu
✅ Genel Kondisyon formu iframe'i bulundu (index: 1)
🔍 Temel Ölçü Birimi (#MainMeasureUnitId) alanı disabled: true
✅ Temel Ölçü Birimi alanının disabled olduğu doğrulandı
  And verify field "Temel Ölçü Birimi" is disabled                    # stepDefs.GeneralConditionStepDefs.verifyFieldIsDisabled(java.lang.String)
🔍 Genel Kondisyon formu iframe'ini arıyoruz...
Toplam 2 iframe[title='Setur'] bulundu
✅ Genel Kondisyon formu iframe'i bulundu (index: 1)
🔍 Hedef Miktar (#TargetUnit) alanı disabled: true
✅ Hedef Miktar alanının disabled olduğu doğrulandı
  And verify field "Hedef Miktar" is disabled                         # stepDefs.GeneralConditionStepDefs.verifyFieldIsDisabled(java.lang.String)
🔍 Genel Kondisyon formu iframe'ini arıyoruz...
Toplam 2 iframe[title='Setur'] bulundu
✅ Genel Kondisyon formu iframe'i bulundu (index: 1)
🔍 Çarpan Var mı? (#yes_HasMultiplier) radio group disabled: true (yes: true, no: true)
✅ Çarpan Var mı? alanının disabled olduğu doğrulandı
  And verify field "Çarpan Var mı?" is disabled                       # stepDefs.GeneralConditionStepDefs.verifyFieldIsDisabled(java.lang.String)
🔍 Genel Kondisyon formu iframe'ini arıyoruz...
Toplam 2 iframe[title='Setur'] bulundu
✅ Genel Kondisyon formu iframe'i bulundu (index: 1)
🔍 Birim Çarpanı (#UnitMultipler) alanı disabled: true
✅ Birim Çarpanı alanının disabled olduğu doğrulandı
  And verify field "Birim Çarpanı" is disabled                        # stepDefs.GeneralConditionStepDefs.verifyFieldIsDisabled(java.lang.String)
🔍 Genel Kondisyon formu iframe'ini arıyoruz...
Toplam 2 iframe[title='Setur'] bulundu
✅ Genel Kondisyon formu iframe'i bulundu (index: 1)
🔍 Toplam 27 label bulundu, 'Kdv Dahil mi?' arıyoruz...
✅ 'Kdv Dahil mi?' için label bulundu: Kdv Dahil mi?*
🔍 Kdv Dahil mi? (#yes_IsVatInclude) label yıldız kontrolü:
   Label text: Kdv Dahil mi?*
   Label HTML snippet: Kdv Dahil mi?<span class="requiredIcon">*</span>
   Parent HTML snippet: 
<label class="col-xs-4 control-label" for="IsVatInclude" id="IsVatIncludeLblId">Kdv Dahil mi?<span class="requiredIcon">*</span></label>
<div class="input-group col-xs-8"><input data-val="true" data-...
   Has asterisk: true
✅ Kdv Dahil mi? alanının label'ında yıldız (*) olduğu doğrulandı
  And verify field "Kdv Dahil mi?" has required asterisk              # stepDefs.GeneralConditionStepDefs.verifyFieldHasRequiredAsterisk(java.lang.String)
🔍 Genel Kondisyon formu iframe'ini arıyoruz...
Toplam 2 iframe[title='Setur'] bulundu
✅ Genel Kondisyon formu iframe'i bulundu (index: 1)
🔍 Hesaplama Periyodu (#ContractRebatePeriodTypeId) label yıldız kontrolü:
   Label text: Hesaplama Periyodu*
   Label HTML snippet: Hesaplama Periyodu<span class="requiredIcon">*</span>
   Parent HTML snippet: 
<label class="col-xs-4 control-label" for="ContractRebatePeriodTypeId" id="ContractRebatePeriodTypeIdLblId">Hesaplama Periyodu<span class="requiredIcon">*</span></label>
<div class="input-group col-x...
   Has asterisk: true
✅ Hesaplama Periyodu alanının label'ında yıldız (*) olduğu doğrulandı
  And verify field "Hesaplama Periyodu" has required asterisk         # stepDefs.GeneralConditionStepDefs.verifyFieldHasRequiredAsterisk(java.lang.String)
🔍 Genel Kondisyon formu iframe'ini arıyoruz...
Toplam 2 iframe[title='Setur'] bulundu
✅ Genel Kondisyon formu iframe'i bulundu (index: 1)
🔍 Tutar (#RebateValue) alanı mandatory: true
✅ Tutar alanının mandatory olduğu doğrulandı
  And verify field "Tutar" is mandatory                               # stepDefs.GeneralConditionStepDefs.verifyFieldIsMandatory(java.lang.String)
🔍 Genel Kondisyon formu iframe'ini arıyoruz...
Toplam 2 iframe[title='Setur'] bulundu
✅ Genel Kondisyon formu iframe'i bulundu (index: 1)
🔍 Marka (#BrandIdArray) alanı optional: true
✅ Marka alanının optional olduğu doğrulandı
  And verify field "Marka" is optional                                # stepDefs.GeneralConditionStepDefs.verifyFieldIsOptional(java.lang.String)
🔍 Genel Kondisyon formu iframe'ini arıyoruz...
Toplam 2 iframe[title='Setur'] bulundu
✅ Genel Kondisyon formu iframe'i bulundu (index: 1)
🔍 Açıklama (#ContractRebateUpdateDescription) alanı optional: true
✅ Açıklama alanının optional olduğu doğrulandı
  And verify field "Açıklama" is optional                             # stepDefs.GeneralConditionStepDefs.verifyFieldIsOptional(java.lang.String)

@TEST26
Scenario: Verify field states for Promotion Marketing Activity and Hesaplamasız # src/test/resources/generalConditionDefinition.feature:893
  Given navigate to login page                                                  # stepDefs.GlobalStepdefs.navigateToLoginPage()
  When login as special user "RETAIL_SPECIALIST" "rt2390RT!!"                   # stepDefs.LoginStepdefs.loginAsSpecialUser(java.lang.String,java.lang.String)
  And click login button                                                        # stepDefs.LoginStepdefs.clickLoginButton()
  Then verify successful login                                                  # stepDefs.WorkflowInboxStepdefs.verifySuccessfulLogin()
  And click supplier dropdown toggle                                            # stepDefs.WorkflowInboxStepdefs.clickSupplierDropdownToggle()
  When click contract definition link                                           # stepDefs.WorkflowInboxStepdefs.clickContractDefinitionLink()
  Then verify contract definition page is displayed                             # stepDefs.ContractDefinitionStepdefs.verifyContractDefinitionPageIsDisplayed()
✅ Sözleşme adı: FOS-2025-FCA olan sözleşme kontrol edildi
  Given click to sample contract "FOS-2025-FCA"                                 # stepDefs.GeneralConditionStepDefs.clickToSampleContract(java.lang.String)
✅ Arama butonuna tıklandı
  And click to search button on definition page                                 # stepDefs.GeneralConditionStepDefs.clickToSearchButton()
✅ İlk düzenleme butonuna tıklandı
  And click to first edit button on definition page                             # stepDefs.GeneralConditionStepDefs.clickToFirstEdit()
🔍 Tab yapısını kontrol ediyoruz...
Toplam 2 tab bulundu
  Tab 0: text='Genel Kondisyon', selected=true, class='k-item k-state-default k-first k-tab-on-top k-state-active'
  Tab 1: text='Temsilci Kondisyon', selected=false, class='k-item k-state-default k-last'
🔍 'Genel Kondisyon' tab'ına tıklanıyor...
✅ 'Genel Kondisyon' tab'ına tıklandı
🔍 Butona tıklamadan önce 2 popup var
✅ Yeni genel kondisyon butonuna tıklandı
⚠️ Yeni popup açılmadı, popup sayısı: 3
✅ Yeni genel kondisyon butonuna tıklandı
  When click to new general condition button                                    # stepDefs.GeneralConditionStepDefs.clickToNewGeneralConditionButton()
🔍 Genel Kondisyon Tanımlama popup'ını kontrol ediyoruz...
Toplam 3 popup title bulundu
  Popup 0 title: 'Sözleşme Güncelleme'
  Popup 1 title: 'Genel Kondisyon Tanımlama'
  Popup 2 title: 'Setur'
✅ 'Genel Kondisyon Tanımlama' popup görüntülendi
✅ Yeni genel kondisyon formunun görüntülendiği doğrulandı
  Then verify new general condition form is displayed                           # stepDefs.GeneralConditionStepDefs.verifyNewGeneralConditionFormIsDisplayed()
🔍 Genel Kondisyon formu iframe'ini arıyoruz...
Toplam 2 iframe[title='Setur'] bulundu
✅ Genel Kondisyon formu iframe'i bulundu (index: 1)
✅ Kondisyon tipi seçildi: Promotion Marketing Activity
✅ Kondisyon tipi seçildi: Promotion Marketing Activity
  When select condition type "Promotion Marketing Activity"                     # stepDefs.GeneralConditionStepDefs.selectConditionType(java.lang.String)
🔍 Genel Kondisyon formu iframe'ini arıyoruz...
Toplam 2 iframe[title='Setur'] bulundu
✅ Genel Kondisyon formu iframe'i bulundu (index: 1)
  And select calculation type "Hesaplamasız"                                    # stepDefs.GeneralConditionStepDefs.selectCalculationType(java.lang.String)
      com.microsoft.playwright.TimeoutError: Error {
        message='Timeout 30000ms exceeded.
        name='TimeoutError
        stack='TimeoutError: Timeout 30000ms exceeded.
          at ProgressController.run (/private/var/folders/w6/jrpp_53910n8k63fqkg0h6v80000gn/T/playwright-java-1379698826482987660/package/lib/server/progress.js:75:26)
          at Frame.click (/private/var/folders/w6/jrpp_53910n8k63fqkg0h6v80000gn/T/playwright-java-1379698826482987660/package/lib/server/frames.js:1022:23)
          at FrameDispatcher.click (/private/var/folders/w6/jrpp_53910n8k63fqkg0h6v80000gn/T/playwright-java-1379698826482987660/package/lib/server/dispatchers/frameDispatcher.js:157:30)
          at FrameDispatcher._handleCommand (/private/var/folders/w6/jrpp_53910n8k63fqkg0h6v80000gn/T/playwright-java-1379698826482987660/package/lib/server/dispatchers/dispatcher.js:96:40)
          at DispatcherConnection.dispatch (/private/var/folders/w6/jrpp_53910n8k63fqkg0h6v80000gn/T/playwright-java-1379698826482987660/package/lib/server/dispatchers/dispatcher.js:366:39)
      }
      Call log:
      -   - waiting for locator("iframe[title='Setur']").nth(1).contentFrame().locator("#ReckoningSourceId_listbox").locator("li").filter(new Locator.FilterOptions().setHasText("Hesaplamasız")).first()
      -     - locator resolved to <li tabindex="-1" role="option" class="k-item" unselectable="on">Hesaplamasız</li>
      -   - attempting click action
      -     2 × waiting for element to be visible, enabled and stable
      -       - element is not visible
      -     - retrying click action
      -     - waiting 20ms
      -     2 × waiting for element to be visible, enabled and stable
      -       - element is not visible
      -     - retrying click action
      -       - waiting 100ms
      -     58 × waiting for element to be visible, enabled and stable
      -        - element is not visible
      -      - retrying click action
      -        - waiting 500ms
      
      	at com.microsoft.playwright.impl.WaitableResult.get(WaitableResult.java:52)
      	at com.microsoft.playwright.impl.ChannelOwner.runUntil(ChannelOwner.java:132)
      	at com.microsoft.playwright.impl.Connection.sendMessage(Connection.java:130)
      	at com.microsoft.playwright.impl.ChannelOwner.sendMessage(ChannelOwner.java:118)
      	at com.microsoft.playwright.impl.FrameImpl.clickImpl(FrameImpl.java:252)
      	at com.microsoft.playwright.impl.FrameImpl.lambda$click$8(FrameImpl.java:243)
      	at com.microsoft.playwright.impl.LoggingSupport.lambda$withLogging$0(LoggingSupport.java:36)
      	at com.microsoft.playwright.impl.LoggingSupport.withLogging(LoggingSupport.java:47)
      	at com.microsoft.playwright.impl.ChannelOwner.withLogging(ChannelOwner.java:97)
      	at com.microsoft.playwright.impl.LoggingSupport.withLogging(LoggingSupport.java:35)
      	at com.microsoft.playwright.impl.FrameImpl.click(FrameImpl.java:243)
      	at com.microsoft.playwright.impl.LocatorImpl.click(LocatorImpl.java:174)
      	at com.microsoft.playwright.Locator.click(Locator.java:2508)
      	at pages.SupplierPages.GeneralConditionPage.selectCalculationType(GeneralConditionPage.java:124)
      	at stepDefs.GeneralConditionStepDefs.selectCalculationType(GeneralConditionStepDefs.java:85)
      	at ✽.select calculation type "Hesaplamasız"(file:///Users/gini/VSCodeProjects/RetailTRUI/src/test/resources/generalConditionDefinition.feature:902)
      Caused by: com.microsoft.playwright.TimeoutError: Error {
        message='Timeout 30000ms exceeded.
        name='TimeoutError
        stack='TimeoutError: Timeout 30000ms exceeded.
          at ProgressController.run (/private/var/folders/w6/jrpp_53910n8k63fqkg0h6v80000gn/T/playwright-java-1379698826482987660/package/lib/server/progress.js:75:26)
          at Frame.click (/private/var/folders/w6/jrpp_53910n8k63fqkg0h6v80000gn/T/playwright-java-1379698826482987660/package/lib/server/frames.js:1022:23)
          at FrameDispatcher.click (/private/var/folders/w6/jrpp_53910n8k63fqkg0h6v80000gn/T/playwright-java-1379698826482987660/package/lib/server/dispatchers/frameDispatcher.js:157:30)
          at FrameDispatcher._handleCommand (/private/var/folders/w6/jrpp_53910n8k63fqkg0h6v80000gn/T/playwright-java-1379698826482987660/package/lib/server/dispatchers/dispatcher.js:96:40)
          at DispatcherConnection.dispatch (/private/var/folders/w6/jrpp_53910n8k63fqkg0h6v80000gn/T/playwright-java-1379698826482987660/package/lib/server/dispatchers/dispatcher.js:366:39)
      }
      Call log:
      -   - waiting for locator("iframe[title='Setur']").nth(1).contentFrame().locator("#ReckoningSourceId_listbox").locator("li").filter(new Locator.FilterOptions().setHasText("Hesaplamasız")).first()
      -     - locator resolved to <li tabindex="-1" role="option" class="k-item" unselectable="on">Hesaplamasız</li>
      -   - attempting click action
      -     2 × waiting for element to be visible, enabled and stable
      -       - element is not visible
      -     - retrying click action
      -     - waiting 20ms
      -     2 × waiting for element to be visible, enabled and stable
      -       - element is not visible
      -     - retrying click action
      -       - waiting 100ms
      -     58 × waiting for element to be visible, enabled and stable
      -        - element is not visible
      -      - retrying click action
      -        - waiting 500ms
      
      	at com.microsoft.playwright.impl.Connection.dispatch(Connection.java:254)
      	at com.microsoft.playwright.impl.Connection.processOneMessage(Connection.java:211)
      	at com.microsoft.playwright.impl.ChannelOwner.runUntil(ChannelOwner.java:130)
      	... 14 more
  Then verify field "Kademeli mi?" is disabled                                  # stepDefs.GeneralConditionStepDefs.verifyFieldIsDisabled(java.lang.String)
  And verify field "Hedef Ciro" is disabled                                     # stepDefs.GeneralConditionStepDefs.verifyFieldIsDisabled(java.lang.String)
  And verify field "Oran" is disabled                                           # stepDefs.GeneralConditionStepDefs.verifyFieldIsDisabled(java.lang.String)
  And verify field "Temel Ölçü Birimi" is disabled                              # stepDefs.GeneralConditionStepDefs.verifyFieldIsDisabled(java.lang.String)
  And verify field "Hedef Miktar" is disabled                                   # stepDefs.GeneralConditionStepDefs.verifyFieldIsDisabled(java.lang.String)
  And verify field "Çarpan Var mı?" is disabled                                 # stepDefs.GeneralConditionStepDefs.verifyFieldIsDisabled(java.lang.String)
  And verify field "Birim Çarpanı" is disabled                                  # stepDefs.GeneralConditionStepDefs.verifyFieldIsDisabled(java.lang.String)
  And verify field "Kdv Dahil mi?" has required asterisk                        # stepDefs.GeneralConditionStepDefs.verifyFieldHasRequiredAsterisk(java.lang.String)
  And verify field "Hesaplama Periyodu" has required asterisk                   # stepDefs.GeneralConditionStepDefs.verifyFieldHasRequiredAsterisk(java.lang.String)
  And verify field "Tutar" is mandatory                                         # stepDefs.GeneralConditionStepDefs.verifyFieldIsMandatory(java.lang.String)
  And verify field "Marka" is optional                                          # stepDefs.GeneralConditionStepDefs.verifyFieldIsOptional(java.lang.String)
  And verify field "Açıklama" is optional                                       # stepDefs.GeneralConditionStepDefs.verifyFieldIsOptional(java.lang.String)
Tests run: 26, Failures: 3, Errors: 6, Skipped: 0, Time elapsed: 768.778 sec <<< FAILURE!
Verify field states for Rebate Fixed Margin and Hesaplamasız(Genel Kondisyon Oluşturma ve Tanımlama)  Time elapsed: 23.628 sec  <<< FAILURE!
org.opentest4j.AssertionFailedError: Marj Tipi alanı optional olmalı ama değil! ==> expected: <true> but was: <false>
	at org.junit.jupiter.api.AssertionFailureBuilder.build(AssertionFailureBuilder.java:158)
	at org.junit.jupiter.api.AssertionFailureBuilder.buildAndThrow(AssertionFailureBuilder.java:139)
	at org.junit.jupiter.api.AssertTrue.failNotTrue(AssertTrue.java:69)
	at org.junit.jupiter.api.AssertTrue.assertTrue(AssertTrue.java:41)
	at org.junit.jupiter.api.Assertions.assertTrue(Assertions.java:228)
	at stepDefs.GeneralConditionStepDefs.verifyFieldIsOptional(GeneralConditionStepDefs.java:99)
	at ✽.verify field "Marj Tipi" is optional(file:///Users/gini/VSCodeProjects/RetailTRUI/src/test/resources/generalConditionDefinition.feature:42)

Verify field states for Rebate Purchase Bonus, Alım Tutarı and Kademeli mi Hayır(Genel Kondisyon Oluşturma ve Tanımlama)  Time elapsed: 25.165 sec  <<< FAILURE!
org.opentest4j.AssertionFailedError: Temel Ölçü Birimi alanı optional olmalı ama değil! ==> expected: <true> but was: <false>
	at org.junit.jupiter.api.AssertionFailureBuilder.build(AssertionFailureBuilder.java:158)
	at org.junit.jupiter.api.AssertionFailureBuilder.buildAndThrow(AssertionFailureBuilder.java:139)
	at org.junit.jupiter.api.AssertTrue.failNotTrue(AssertTrue.java:69)
	at org.junit.jupiter.api.AssertTrue.assertTrue(AssertTrue.java:41)
	at org.junit.jupiter.api.Assertions.assertTrue(Assertions.java:228)
	at stepDefs.GeneralConditionStepDefs.verifyFieldIsOptional(GeneralConditionStepDefs.java:99)
	at ✽.verify field "Temel Ölçü Birimi" is optional(file:///Users/gini/VSCodeProjects/RetailTRUI/src/test/resources/generalConditionDefinition.feature:357)

Verify field states for Rebate Purchase Bonus and Hesaplamasız(Genel Kondisyon Oluşturma ve Tanımlama)  Time elapsed: 20.152 sec  <<< ERROR!
java.lang.RuntimeException: Genel Kondisyon formu iframe'i bulunamadı
	at pages.SupplierPages.GeneralConditionPage.getGeneralConditionFrame(GeneralConditionPage.java:652)
	at pages.SupplierPages.GeneralConditionPage.selectConditionType(GeneralConditionPage.java:63)
	at stepDefs.GeneralConditionStepDefs.selectConditionType(GeneralConditionStepDefs.java:73)
	at ✽.select condition type "Rebate Purchase Bonus"(file:///Users/gini/VSCodeProjects/RetailTRUI/src/test/resources/generalConditionDefinition.feature:412)
Caused by: java.lang.Exception: Hiçbir iframe'de #ContractRebateTypeId bulunamadı
	at pages.SupplierPages.GeneralConditionPage.getGeneralConditionFrame(GeneralConditionPage.java:648)
	... 3 more

Verify field states for Rebate Target Sales Bonus, Satış Adeti and Kademeli mi Hayır(Genel Kondisyon Oluşturma ve Tanımlama)  Time elapsed: 21.158 sec  <<< ERROR!
java.lang.RuntimeException: Genel Kondisyon formu iframe'i bulunamadı
	at pages.SupplierPages.GeneralConditionPage.getGeneralConditionFrame(GeneralConditionPage.java:652)
	at pages.SupplierPages.GeneralConditionPage.selectConditionType(GeneralConditionPage.java:63)
	at stepDefs.GeneralConditionStepDefs.selectConditionType(GeneralConditionStepDefs.java:73)
	at ✽.select condition type "Rebate Target Sales Bonus"(file:///Users/gini/VSCodeProjects/RetailTRUI/src/test/resources/generalConditionDefinition.feature:449)
Caused by: java.lang.Exception: Hiçbir iframe'de #ContractRebateTypeId bulunamadı
	at pages.SupplierPages.GeneralConditionPage.getGeneralConditionFrame(GeneralConditionPage.java:648)
	... 3 more

Verify field states for Rebate Target Sales Bonus, Satış Adeti and Kademeli mi Evet(Genel Kondisyon Oluşturma ve Tanımlama)  Time elapsed: 26.923 sec  <<< FAILURE!
org.opentest4j.AssertionFailedError: Tutar alanı disabled olmalı ama değil! ==> expected: <true> but was: <false>
	at org.junit.jupiter.api.AssertionFailureBuilder.build(AssertionFailureBuilder.java:158)
	at org.junit.jupiter.api.AssertionFailureBuilder.buildAndThrow(AssertionFailureBuilder.java:139)
	at org.junit.jupiter.api.AssertTrue.failNotTrue(AssertTrue.java:69)
	at org.junit.jupiter.api.AssertTrue.assertTrue(AssertTrue.java:41)
	at org.junit.jupiter.api.Assertions.assertTrue(Assertions.java:228)
	at stepDefs.GeneralConditionStepDefs.verifyFieldIsDisabled(GeneralConditionStepDefs.java:92)
	at ✽.verify field "Tutar" is disabled(file:///Users/gini/VSCodeProjects/RetailTRUI/src/test/resources/generalConditionDefinition.feature:499)

Verify field states for Rebate Target Sales Bonus, Satış Cirosu and Kademeli mi Hayır(Genel Kondisyon Oluşturma ve Tanımlama)  Time elapsed: 53.657 sec  <<< ERROR!
com.microsoft.playwright.TimeoutError: Error {
  message='Timeout 30000ms exceeded.
  name='TimeoutError
  stack='TimeoutError: Timeout 30000ms exceeded.
    at ProgressController.run (/private/var/folders/w6/jrpp_53910n8k63fqkg0h6v80000gn/T/playwright-java-1379698826482987660/package/lib/server/progress.js:75:26)
    at Frame.click (/private/var/folders/w6/jrpp_53910n8k63fqkg0h6v80000gn/T/playwright-java-1379698826482987660/package/lib/server/frames.js:1022:23)
    at FrameDispatcher.click (/private/var/folders/w6/jrpp_53910n8k63fqkg0h6v80000gn/T/playwright-java-1379698826482987660/package/lib/server/dispatchers/frameDispatcher.js:157:30)
    at FrameDispatcher._handleCommand (/private/var/folders/w6/jrpp_53910n8k63fqkg0h6v80000gn/T/playwright-java-1379698826482987660/package/lib/server/dispatchers/dispatcher.js:96:40)
    at DispatcherConnection.dispatch (/private/var/folders/w6/jrpp_53910n8k63fqkg0h6v80000gn/T/playwright-java-1379698826482987660/package/lib/server/dispatchers/dispatcher.js:366:39)
}
Call log:
-   - waiting for locator("iframe[title='Setur']").nth(1).contentFrame().locator("#ReckoningSourceId_listbox").locator("li").filter(new Locator.FilterOptions().setHasText("Satış Cirosu")).first()
-     - locator resolved to <li tabindex="-1" role="option" class="k-item" unselectable="on">Satış Cirosu</li>
-   - attempting click action
-     2 × waiting for element to be visible, enabled and stable
-       - element is not visible
-     - retrying click action
-     - waiting 20ms
-     2 × waiting for element to be visible, enabled and stable
-       - element is not visible
-     - retrying click action
-       - waiting 100ms
-     13 × waiting for element to be visible, enabled and stable
-        - element is not visible
-      - retrying click action
-        - waiting 500ms
-     - waiting for element to be visible, enabled and stable
-   - element was detached from the DOM, retrying
-     - locator resolved to <li tabindex="-1" role="option" class="k-item" unselectable="on">Satış Cirosu</li>
-   - attempting click action
-     2 × waiting for element to be visible, enabled and stable
-       - element is not visible
-     - retrying click action
-     - waiting 20ms
-     2 × waiting for element to be visible, enabled and stable
-       - element is not visible
-     - retrying click action
-       - waiting 100ms
-     44 × waiting for element to be visible, enabled and stable
-        - element is not visible
-      - retrying click action
-        - waiting 500ms

	at com.microsoft.playwright.impl.WaitableResult.get(WaitableResult.java:52)
	at com.microsoft.playwright.impl.ChannelOwner.runUntil(ChannelOwner.java:132)
	at com.microsoft.playwright.impl.Connection.sendMessage(Connection.java:130)
	at com.microsoft.playwright.impl.ChannelOwner.sendMessage(ChannelOwner.java:118)
	at com.microsoft.playwright.impl.FrameImpl.clickImpl(FrameImpl.java:252)
	at com.microsoft.playwright.impl.FrameImpl.lambda$click$8(FrameImpl.java:243)
	at com.microsoft.playwright.impl.LoggingSupport.lambda$withLogging$0(LoggingSupport.java:36)
	at com.microsoft.playwright.impl.LoggingSupport.withLogging(LoggingSupport.java:47)
	at com.microsoft.playwright.impl.ChannelOwner.withLogging(ChannelOwner.java:97)
	at com.microsoft.playwright.impl.LoggingSupport.withLogging(LoggingSupport.java:35)
	at com.microsoft.playwright.impl.FrameImpl.click(FrameImpl.java:243)
	at com.microsoft.playwright.impl.LocatorImpl.click(LocatorImpl.java:174)
	at com.microsoft.playwright.Locator.click(Locator.java:2508)
	at pages.SupplierPages.GeneralConditionPage.selectCalculationType(GeneralConditionPage.java:124)
	at stepDefs.GeneralConditionStepDefs.selectCalculationType(GeneralConditionStepDefs.java:85)
	at ✽.select calculation type "Satış Cirosu"(file:///Users/gini/VSCodeProjects/RetailTRUI/src/test/resources/generalConditionDefinition.feature:524)
Caused by: com.microsoft.playwright.TimeoutError: Error {
  message='Timeout 30000ms exceeded.
  name='TimeoutError
  stack='TimeoutError: Timeout 30000ms exceeded.
    at ProgressController.run (/private/var/folders/w6/jrpp_53910n8k63fqkg0h6v80000gn/T/playwright-java-1379698826482987660/package/lib/server/progress.js:75:26)
    at Frame.click (/private/var/folders/w6/jrpp_53910n8k63fqkg0h6v80000gn/T/playwright-java-1379698826482987660/package/lib/server/frames.js:1022:23)
    at FrameDispatcher.click (/private/var/folders/w6/jrpp_53910n8k63fqkg0h6v80000gn/T/playwright-java-1379698826482987660/package/lib/server/dispatchers/frameDispatcher.js:157:30)
    at FrameDispatcher._handleCommand (/private/var/folders/w6/jrpp_53910n8k63fqkg0h6v80000gn/T/playwright-java-1379698826482987660/package/lib/server/dispatchers/dispatcher.js:96:40)
    at DispatcherConnection.dispatch (/private/var/folders/w6/jrpp_53910n8k63fqkg0h6v80000gn/T/playwright-java-1379698826482987660/package/lib/server/dispatchers/dispatcher.js:366:39)
}
Call log:
-   - waiting for locator("iframe[title='Setur']").nth(1).contentFrame().locator("#ReckoningSourceId_listbox").locator("li").filter(new Locator.FilterOptions().setHasText("Satış Cirosu")).first()
-     - locator resolved to <li tabindex="-1" role="option" class="k-item" unselectable="on">Satış Cirosu</li>
-   - attempting click action
-     2 × waiting for element to be visible, enabled and stable
-       - element is not visible
-     - retrying click action
-     - waiting 20ms
-     2 × waiting for element to be visible, enabled and stable
-       - element is not visible
-     - retrying click action
-       - waiting 100ms
-     13 × waiting for element to be visible, enabled and stable
-        - element is not visible
-      - retrying click action
-        - waiting 500ms
-     - waiting for element to be visible, enabled and stable
-   - element was detached from the DOM, retrying
-     - locator resolved to <li tabindex="-1" role="option" class="k-item" unselectable="on">Satış Cirosu</li>
-   - attempting click action
-     2 × waiting for element to be visible, enabled and stable
-       - element is not visible
-     - retrying click action
-     - waiting 20ms
-     2 × waiting for element to be visible, enabled and stable
-       - element is not visible
-     - retrying click action
-       - waiting 100ms
-     44 × waiting for element to be visible, enabled and stable
-        - element is not visible
-      - retrying click action
-        - waiting 500ms

	at com.microsoft.playwright.impl.Connection.dispatch(Connection.java:254)
	at com.microsoft.playwright.impl.Connection.processOneMessage(Connection.java:211)
	at com.microsoft.playwright.impl.ChannelOwner.runUntil(ChannelOwner.java:130)
	... 14 more

Verify field states for Rebate Sales Bonus, Satış Cirosu and Kademeli mi Evet(Genel Kondisyon Oluşturma ve Tanımlama)  Time elapsed: 20.561 sec  <<< ERROR!
java.lang.RuntimeException: Genel Kondisyon formu iframe'i bulunamadı
	at pages.SupplierPages.GeneralConditionPage.getGeneralConditionFrame(GeneralConditionPage.java:652)
	at pages.SupplierPages.GeneralConditionPage.selectConditionType(GeneralConditionPage.java:63)
	at stepDefs.GeneralConditionStepDefs.selectConditionType(GeneralConditionStepDefs.java:73)
	at ✽.select condition type "Rebate Sales Bonus"(file:///Users/gini/VSCodeProjects/RetailTRUI/src/test/resources/generalConditionDefinition.feature:743)
Caused by: java.lang.Exception: Hiçbir iframe'de #ContractRebateTypeId bulunamadı
	at pages.SupplierPages.GeneralConditionPage.getGeneralConditionFrame(GeneralConditionPage.java:648)
	... 3 more

Verify field states for Promotion Rental Fee and Hesaplamasız(Genel Kondisyon Oluşturma ve Tanımlama)  Time elapsed: 52.955 sec  <<< ERROR!
com.microsoft.playwright.TimeoutError: Error {
  message='Timeout 30000ms exceeded.
  name='TimeoutError
  stack='TimeoutError: Timeout 30000ms exceeded.
    at ProgressController.run (/private/var/folders/w6/jrpp_53910n8k63fqkg0h6v80000gn/T/playwright-java-1379698826482987660/package/lib/server/progress.js:75:26)
    at Frame.click (/private/var/folders/w6/jrpp_53910n8k63fqkg0h6v80000gn/T/playwright-java-1379698826482987660/package/lib/server/frames.js:1022:23)
    at FrameDispatcher.click (/private/var/folders/w6/jrpp_53910n8k63fqkg0h6v80000gn/T/playwright-java-1379698826482987660/package/lib/server/dispatchers/frameDispatcher.js:157:30)
    at FrameDispatcher._handleCommand (/private/var/folders/w6/jrpp_53910n8k63fqkg0h6v80000gn/T/playwright-java-1379698826482987660/package/lib/server/dispatchers/dispatcher.js:96:40)
    at DispatcherConnection.dispatch (/private/var/folders/w6/jrpp_53910n8k63fqkg0h6v80000gn/T/playwright-java-1379698826482987660/package/lib/server/dispatchers/dispatcher.js:366:39)
}
Call log:
-   - waiting for locator("iframe[title='Setur']").nth(1).contentFrame().locator("#ReckoningSourceId_listbox").locator("li").filter(new Locator.FilterOptions().setHasText("Hesaplamasız")).first()
-     - locator resolved to <li tabindex="-1" role="option" class="k-item" unselectable="on">Hesaplamasız</li>
-   - attempting click action
-     2 × waiting for element to be visible, enabled and stable
-       - element is not visible
-     - retrying click action
-     - waiting 20ms
-     2 × waiting for element to be visible, enabled and stable
-       - element is not visible
-     - retrying click action
-       - waiting 100ms
-     58 × waiting for element to be visible, enabled and stable
-        - element is not visible
-      - retrying click action
-        - waiting 500ms

	at com.microsoft.playwright.impl.WaitableResult.get(WaitableResult.java:52)
	at com.microsoft.playwright.impl.ChannelOwner.runUntil(ChannelOwner.java:132)
	at com.microsoft.playwright.impl.Connection.sendMessage(Connection.java:130)
	at com.microsoft.playwright.impl.ChannelOwner.sendMessage(ChannelOwner.java:118)
	at com.microsoft.playwright.impl.FrameImpl.clickImpl(FrameImpl.java:252)
	at com.microsoft.playwright.impl.FrameImpl.lambda$click$8(FrameImpl.java:243)
	at com.microsoft.playwright.impl.LoggingSupport.lambda$withLogging$0(LoggingSupport.java:36)
	at com.microsoft.playwright.impl.LoggingSupport.withLogging(LoggingSupport.java:47)
	at com.microsoft.playwright.impl.ChannelOwner.withLogging(ChannelOwner.java:97)
	at com.microsoft.playwright.impl.LoggingSupport.withLogging(LoggingSupport.java:35)
	at com.microsoft.playwright.impl.FrameImpl.click(FrameImpl.java:243)
	at com.microsoft.playwright.impl.LocatorImpl.click(LocatorImpl.java:174)
	at com.microsoft.playwright.Locator.click(Locator.java:2508)
	at pages.SupplierPages.GeneralConditionPage.selectCalculationType(GeneralConditionPage.java:124)
	at stepDefs.GeneralConditionStepDefs.selectCalculationType(GeneralConditionStepDefs.java:85)
	at ✽.select calculation type "Hesaplamasız"(file:///Users/gini/VSCodeProjects/RetailTRUI/src/test/resources/generalConditionDefinition.feature:838)
Caused by: com.microsoft.playwright.TimeoutError: Error {
  message='Timeout 30000ms exceeded.
  name='TimeoutError
  stack='TimeoutError: Timeout 30000ms exceeded.
    at ProgressController.run (/private/var/folders/w6/jrpp_53910n8k63fqkg0h6v80000gn/T/playwright-java-1379698826482987660/package/lib/server/progress.js:75:26)
    at Frame.click (/private/var/folders/w6/jrpp_53910n8k63fqkg0h6v80000gn/T/playwright-java-1379698826482987660/package/lib/server/frames.js:1022:23)
    at FrameDispatcher.click (/private/var/folders/w6/jrpp_53910n8k63fqkg0h6v80000gn/T/playwright-java-1379698826482987660/package/lib/server/dispatchers/frameDispatcher.js:157:30)
    at FrameDispatcher._handleCommand (/private/var/folders/w6/jrpp_53910n8k63fqkg0h6v80000gn/T/playwright-java-1379698826482987660/package/lib/server/dispatchers/dispatcher.js:96:40)
    at DispatcherConnection.dispatch (/private/var/folders/w6/jrpp_53910n8k63fqkg0h6v80000gn/T/playwright-java-1379698826482987660/package/lib/server/dispatchers/dispatcher.js:366:39)
}
Call log:
-   - waiting for locator("iframe[title='Setur']").nth(1).contentFrame().locator("#ReckoningSourceId_listbox").locator("li").filter(new Locator.FilterOptions().setHasText("Hesaplamasız")).first()
-     - locator resolved to <li tabindex="-1" role="option" class="k-item" unselectable="on">Hesaplamasız</li>
-   - attempting click action
-     2 × waiting for element to be visible, enabled and stable
-       - element is not visible
-     - retrying click action
-     - waiting 20ms
-     2 × waiting for element to be visible, enabled and stable
-       - element is not visible
-     - retrying click action
-       - waiting 100ms
-     58 × waiting for element to be visible, enabled and stable
-        - element is not visible
-      - retrying click action
-        - waiting 500ms

	at com.microsoft.playwright.impl.Connection.dispatch(Connection.java:254)
	at com.microsoft.playwright.impl.Connection.processOneMessage(Connection.java:211)
	at com.microsoft.playwright.impl.ChannelOwner.runUntil(ChannelOwner.java:130)
	... 14 more

Verify field states for Promotion Marketing Activity and Hesaplamasız(Genel Kondisyon Oluşturma ve Tanımlama)  Time elapsed: 53.139 sec  <<< ERROR!
com.microsoft.playwright.TimeoutError: Error {
  message='Timeout 30000ms exceeded.
  name='TimeoutError
  stack='TimeoutError: Timeout 30000ms exceeded.
    at ProgressController.run (/private/var/folders/w6/jrpp_53910n8k63fqkg0h6v80000gn/T/playwright-java-1379698826482987660/package/lib/server/progress.js:75:26)
    at Frame.click (/private/var/folders/w6/jrpp_53910n8k63fqkg0h6v80000gn/T/playwright-java-1379698826482987660/package/lib/server/frames.js:1022:23)
    at FrameDispatcher.click (/private/var/folders/w6/jrpp_53910n8k63fqkg0h6v80000gn/T/playwright-java-1379698826482987660/package/lib/server/dispatchers/frameDispatcher.js:157:30)
    at FrameDispatcher._handleCommand (/private/var/folders/w6/jrpp_53910n8k63fqkg0h6v80000gn/T/playwright-java-1379698826482987660/package/lib/server/dispatchers/dispatcher.js:96:40)
    at DispatcherConnection.dispatch (/private/var/folders/w6/jrpp_53910n8k63fqkg0h6v80000gn/T/playwright-java-1379698826482987660/package/lib/server/dispatchers/dispatcher.js:366:39)
}
Call log:
-   - waiting for locator("iframe[title='Setur']").nth(1).contentFrame().locator("#ReckoningSourceId_listbox").locator("li").filter(new Locator.FilterOptions().setHasText("Hesaplamasız")).first()
-     - locator resolved to <li tabindex="-1" role="option" class="k-item" unselectable="on">Hesaplamasız</li>
-   - attempting click action
-     2 × waiting for element to be visible, enabled and stable
-       - element is not visible
-     - retrying click action
-     - waiting 20ms
-     2 × waiting for element to be visible, enabled and stable
-       - element is not visible
-     - retrying click action
-       - waiting 100ms
-     58 × waiting for element to be visible, enabled and stable
-        - element is not visible
-      - retrying click action
-        - waiting 500ms

	at com.microsoft.playwright.impl.WaitableResult.get(WaitableResult.java:52)
	at com.microsoft.playwright.impl.ChannelOwner.runUntil(ChannelOwner.java:132)
	at com.microsoft.playwright.impl.Connection.sendMessage(Connection.java:130)
	at com.microsoft.playwright.impl.ChannelOwner.sendMessage(ChannelOwner.java:118)
	at com.microsoft.playwright.impl.FrameImpl.clickImpl(FrameImpl.java:252)
	at com.microsoft.playwright.impl.FrameImpl.lambda$click$8(FrameImpl.java:243)
	at com.microsoft.playwright.impl.LoggingSupport.lambda$withLogging$0(LoggingSupport.java:36)
	at com.microsoft.playwright.impl.LoggingSupport.withLogging(LoggingSupport.java:47)
	at com.microsoft.playwright.impl.ChannelOwner.withLogging(ChannelOwner.java:97)
	at com.microsoft.playwright.impl.LoggingSupport.withLogging(LoggingSupport.java:35)
	at com.microsoft.playwright.impl.FrameImpl.click(FrameImpl.java:243)
	at com.microsoft.playwright.impl.LocatorImpl.click(LocatorImpl.java:174)
	at com.microsoft.playwright.Locator.click(Locator.java:2508)
	at pages.SupplierPages.GeneralConditionPage.selectCalculationType(GeneralConditionPage.java:124)
	at stepDefs.GeneralConditionStepDefs.selectCalculationType(GeneralConditionStepDefs.java:85)
	at ✽.select calculation type "Hesaplamasız"(file:///Users/gini/VSCodeProjects/RetailTRUI/src/test/resources/generalConditionDefinition.feature:902)
Caused by: com.microsoft.playwright.TimeoutError: Error {
  message='Timeout 30000ms exceeded.
  name='TimeoutError
  stack='TimeoutError: Timeout 30000ms exceeded.
    at ProgressController.run (/private/var/folders/w6/jrpp_53910n8k63fqkg0h6v80000gn/T/playwright-java-1379698826482987660/package/lib/server/progress.js:75:26)
    at Frame.click (/private/var/folders/w6/jrpp_53910n8k63fqkg0h6v80000gn/T/playwright-java-1379698826482987660/package/lib/server/frames.js:1022:23)
    at FrameDispatcher.click (/private/var/folders/w6/jrpp_53910n8k63fqkg0h6v80000gn/T/playwright-java-1379698826482987660/package/lib/server/dispatchers/frameDispatcher.js:157:30)
    at FrameDispatcher._handleCommand (/private/var/folders/w6/jrpp_53910n8k63fqkg0h6v80000gn/T/playwright-java-1379698826482987660/package/lib/server/dispatchers/dispatcher.js:96:40)
    at DispatcherConnection.dispatch (/private/var/folders/w6/jrpp_53910n8k63fqkg0h6v80000gn/T/playwright-java-1379698826482987660/package/lib/server/dispatchers/dispatcher.js:366:39)
}
Call log:
-   - waiting for locator("iframe[title='Setur']").nth(1).contentFrame().locator("#ReckoningSourceId_listbox").locator("li").filter(new Locator.FilterOptions().setHasText("Hesaplamasız")).first()
-     - locator resolved to <li tabindex="-1" role="option" class="k-item" unselectable="on">Hesaplamasız</li>
-   - attempting click action
-     2 × waiting for element to be visible, enabled and stable
-       - element is not visible
-     - retrying click action
-     - waiting 20ms
-     2 × waiting for element to be visible, enabled and stable
-       - element is not visible
-     - retrying click action
-       - waiting 100ms
-     58 × waiting for element to be visible, enabled and stable
-        - element is not visible
-      - retrying click action
-        - waiting 500ms

	at com.microsoft.playwright.impl.Connection.dispatch(Connection.java:254)
	at com.microsoft.playwright.impl.Connection.processOneMessage(Connection.java:211)
	at com.microsoft.playwright.impl.ChannelOwner.runUntil(ChannelOwner.java:130)
	... 14 more

node:internal/modules/cjs/loader:1225
  const err = new Error(message);
              ^
Error: Cannot find module './../../../package.json'
Require stack:
- /private/var/folders/w6/jrpp_53910n8k63fqkg0h6v80000gn/T/playwright-java-1379698826482987660/package/lib/server/utils/userAgent.js
- /private/var/folders/w6/jrpp_53910n8k63fqkg0h6v80000gn/T/playwright-java-1379698826482987660/package/lib/utils.js
- /private/var/folders/w6/jrpp_53910n8k63fqkg0h6v80000gn/T/playwright-java-1379698826482987660/package/lib/server/utils/processLauncher.js
- /private/var/folders/w6/jrpp_53910n8k63fqkg0h6v80000gn/T/playwright-java-1379698826482987660/package/lib/cli/programWithTestStub.js
- /private/var/folders/w6/jrpp_53910n8k63fqkg0h6v80000gn/T/playwright-java-1379698826482987660/package/cli.js
    at Function._resolveFilename (node:internal/modules/cjs/loader:1225:15)
    at Function._load (node:internal/modules/cjs/loader:1055:27)
    at TracingChannel.traceSync (node:diagnostics_channel:322:14)
    at wrapModuleLoad (node:internal/modules/cjs/loader:220:24)
    at Module.require (node:internal/modules/cjs/loader:1311:12)
    at require (node:internal/modules/helpers:136:16)
    at getPlaywrightVersion (/private/var/folders/w6/jrpp_53910n8k63fqkg0h6v80000gn/T/playwright-java-1379698826482987660/package/lib/server/utils/userAgent.js:89:54)
    at HarTracer.stop (/private/var/folders/w6/jrpp_53910n8k63fqkg0h6v80000gn/T/playwright-java-1379698826482987660/package/lib/server/har/harTracer.js:417:50)
    at Tracing.abort (/private/var/folders/w6/jrpp_53910n8k63fqkg0h6v80000gn/T/playwright-java-1379698826482987660/package/lib/server/trace/recorder/tracing.js:260:21)
    at CRBrowserContext._didCloseInternal (/private/var/folders/w6/jrpp_53910n8k63fqkg0h6v80000gn/T/playwright-java-1379698826482987660/package/lib/server/browserContext.js:202:18) {
  code: 'MODULE_NOT_FOUND',
  requireStack: [
    '/private/var/folders/w6/jrpp_53910n8k63fqkg0h6v80000gn/T/playwright-java-1379698826482987660/package/lib/server/utils/userAgent.js',
    '/private/var/folders/w6/jrpp_53910n8k63fqkg0h6v80000gn/T/playwright-java-1379698826482987660/package/lib/utils.js',
    '/private/var/folders/w6/jrpp_53910n8k63fqkg0h6v80000gn/T/playwright-java-1379698826482987660/package/lib/server/utils/processLauncher.js',
    '/private/var/folders/w6/jrpp_53910n8k63fqkg0h6v80000gn/T/playwright-java-1379698826482987660/package/lib/cli/programWithTestStub.js',
    '/private/var/folders/w6/jrpp_53910n8k63fqkg0h6v80000gn/T/playwright-java-1379698826482987660/package/cli.js'
  ]
}
Node.js v22.14.0

Results :

Failed tests:   Verify field states for Rebate Fixed Margin and Hesaplamasız(Genel Kondisyon Oluşturma ve Tanımlama): Marj Tipi alanı optional olmalı ama değil! ==> expected: <true> but was: <false>
  Verify field states for Rebate Purchase Bonus, Alım Tutarı and Kademeli mi Hayır(Genel Kondisyon Oluşturma ve Tanımlama): Temel Ölçü Birimi alanı optional olmalı ama değil! ==> expected: <true> but was: <false>
  Verify field states for Rebate Target Sales Bonus, Satış Adeti and Kademeli mi Evet(Genel Kondisyon Oluşturma ve Tanımlama): Tutar alanı disabled olmalı ama değil! ==> expected: <true> but was: <false>

Tests in error: 
  Verify field states for Rebate Purchase Bonus and Hesaplamasız(Genel Kondisyon Oluşturma ve Tanımlama): Genel Kondisyon formu iframe'i bulunamadı
  Verify field states for Rebate Target Sales Bonus, Satış Adeti and Kademeli mi Hayır(Genel Kondisyon Oluşturma ve Tanımlama): Genel Kondisyon formu iframe'i bulunamadı
  Verify field states for Rebate Target Sales Bonus, Satış Cirosu and Kademeli mi Hayır(Genel Kondisyon Oluşturma ve Tanımlama): Error {(..)
  Verify field states for Rebate Sales Bonus, Satış Cirosu and Kademeli mi Evet(Genel Kondisyon Oluşturma ve Tanımlama): Genel Kondisyon formu iframe'i bulunamadı
  Verify field states for Promotion Rental Fee and Hesaplamasız(Genel Kondisyon Oluşturma ve Tanımlama): Error {(..)
  Verify field states for Promotion Marketing Activity and Hesaplamasız(Genel Kondisyon Oluşturma ve Tanımlama): Error {(..)

Tests run: 26, Failures: 3, Errors: 6, Skipped: 0

[INFO] ------------------------------------------------------------------------
[INFO] BUILD FAILURE
[INFO] ------------------------------------------------------------------------
[INFO] Total time:  12:50 min
[INFO] Finished at: 2025-10-16T15:49:01+03:00
[INFO] ------------------------------------------------------------------------
[ERROR] Failed to execute goal org.apache.maven.plugins:maven-surefire-plugin:2.12.4:test (default-test) on project RetailStagingAutomation: There are test failures.
[ERROR] 
[ERROR] Please refer to /Users/gini/VSCodeProjects/RetailTRUI/target/surefire-reports for the individual test results.
[ERROR] -> [Help 1]
[ERROR] 
[ERROR] To see the full stack trace of the errors, re-run Maven with the -e switch.
[ERROR] Re-run Maven using the -X switch to enable full debug logging.
[ERROR] 
[ERROR] For more information about the errors and possible solutions, please read the following articles:
[ERROR] [Help 1] http://cwiki.apache.org/confluence/display/MAVEN/MojoFailureException
