[INFO] Scanning for projects...
[WARNING] 
[WARNING] Some problems were encountered while building the effective model for org.example:RetailStagingAutomation:jar:1.0-SNAPSHOT
[WARNING] 'dependencies.dependency.version' for org.junit.jupiter:junit-jupiter:jar is either LATEST or RELEASE (both of them are being deprecated) @ line 53, column 22
[WARNING] 
[WARNING] It is highly recommended to fix these problems because they threaten the stability of your build.
[WARNING] 
[WARNING] For this reason, future Maven versions might no longer support building such malformed projects.
[WARNING] 
[INFO] 
[INFO] ----------------< org.example:RetailStagingAutomation >-----------------
[INFO] Building RetailStagingAutomation 1.0-SNAPSHOT
[INFO] --------------------------------[ jar ]---------------------------------
[INFO] 
[INFO] --- maven-resources-plugin:2.6:resources (default-resources) @ RetailStagingAutomation ---
[INFO] Using 'UTF-8' encoding to copy filtered resources.
[INFO] skip non existing resourceDirectory /Users/gini/VSCodeProjects/RetailTRUI/src/main/resources
[INFO] 
[INFO] --- maven-compiler-plugin:3.1:compile (default-compile) @ RetailStagingAutomation ---
[INFO] No sources to compile
[INFO] 
[INFO] --- maven-resources-plugin:2.6:testResources (default-testResources) @ RetailStagingAutomation ---
[INFO] Using 'UTF-8' encoding to copy filtered resources.
[INFO] Copying 20 resources
[INFO] 
[INFO] --- maven-compiler-plugin:3.1:testCompile (default-testCompile) @ RetailStagingAutomation ---
[INFO] Nothing to compile - all classes are up to date
[INFO] 
[INFO] --- maven-surefire-plugin:2.12.4:test (default-test) @ RetailStagingAutomation ---
[INFO] Surefire report directory: /Users/gini/VSCodeProjects/RetailTRUI/target/surefire-reports

-------------------------------------------------------
 T E S T S
-------------------------------------------------------
Running runner.TestRunner

@REBATE_INVOICE_CREATE @TEST1
Scenario: Rebate Faturası Oluşturma ve Geri Çekme Testi           # src/test/resources/rebateInvoiceCreate.feature:13
  Given navigate to login page                                    # stepDefs.GlobalStepdefs.navigateToLoginPage()
  When login as special user "MELIKE_GORGUN" "Alaz060624."        # stepDefs.LoginStepdefs.loginAsSpecialUser(java.lang.String,java.lang.String)
  And click login button                                          # stepDefs.LoginStepdefs.clickLoginButton()
  Then verify successful login                                    # stepDefs.WorkflowInboxStepdefs.verifySuccessfulLogin()
  And click supplier dropdown toggle                              # stepDefs.WorkflowInboxStepdefs.clickSupplierDropdownToggle()
  And click receivable pool link                                  # stepDefs.WorkflowInboxStepdefs.clickReceivablePoolLink()
🔍 Arama formu görünür mü: true
✅ Arama formu görünür olduğu doğrulandı
✅ Alacak Havuzu sayfası görüntülendi
  Then verify receivable pool page is displayed                   # stepDefs.RebateInvoiceCreateStepDefs.verifyReceivablePoolPageIsDisplayed()
🔍 Kondisyon Hesaplama Tarihi dolduruluyor: 31.03.2026
✅ Kondisyon Hesaplama Tarihi dolduruldu: 31.03.2026
  When fill receivable pool calculation date "31.03.2026"         # stepDefs.RebateInvoiceCreateStepDefs.fillReceivablePoolCalculationDate(java.lang.String)
🔍 Sözleşme adı dolduruluyor: PMI-2026-FCA
✅ Sözleşme Adı dolduruldu: PMI-2026-FCA
  And fill receivable pool contract name "PMI-2026-FCA"           # stepDefs.RebateInvoiceCreateStepDefs.fillReceivablePoolContractName(java.lang.String)
🔍 Ara butonuna tıklanıyor...
✅ Ara butonuna tıklandı
  And click receivable pool search button                         # stepDefs.RebateInvoiceCreateStepDefs.clickReceivablePoolSearchButton()
✅ 2 saniye beklendi
  And wait for 2 seconds                                          # stepDefs.GeneralConditionStepDefs.waitForSeconds(int)

🔍 İlk satırdaki checkbox'a tıklanıyor...
✅ Checkbox bulundu, scroll ve visibility kontrolü yapılıyor...
